Archive member included because of file (symbol)

c:/program files (x86)/microchip/xc32/v1.31/bin/../lib/gcc/pic32mx/4.5.2/../../../../pic32mx/lib/size\libmchp_peripheral.a(read_core_timer_lib.o)
                              build/default/production/_ext/1954962658/Delay.o (ReadCoreTimer)
c:/program files (x86)/microchip/xc32/v1.31/bin/../lib/gcc/pic32mx/4.5.2/../../../../pic32mx/lib/size\libmchp_peripheral_32MX795F512L.a(eth_ack_packet_lib.o)
                              build/default/production/_ext/1954962658/ETHPIC32IntMac.o (EthRxAcknowledgeBuffer)
c:/program files (x86)/microchip/xc32/v1.31/bin/../lib/gcc/pic32mx/4.5.2/../../../../pic32mx/lib/size\libmchp_peripheral_32MX795F512L.a(eth_descriptors_add_lib.o)
                              build/default/production/_ext/1954962658/ETHPIC32IntMac.o (EthDescriptorsPoolAdd)
c:/program files (x86)/microchip/xc32/v1.31/bin/../lib/gcc/pic32mx/4.5.2/../../../../pic32mx/lib/size\libmchp_peripheral_32MX795F512L.a(eth_init_lib.o)
                              build/default/production/_ext/1954962658/ETHPIC32IntMac.o (EthInit)
c:/program files (x86)/microchip/xc32/v1.31/bin/../lib/gcc/pic32mx/4.5.2/../../../../pic32mx/lib/size\libmchp_peripheral_32MX795F512L.a(eth_mac_open_lib.o)
                              build/default/production/_ext/1954962658/ETHPIC32IntMac.o (EthMACOpen)
c:/program files (x86)/microchip/xc32/v1.31/bin/../lib/gcc/pic32mx/4.5.2/../../../../pic32mx/lib/size\libmchp_peripheral_32MX795F512L.a(eth_mac_set_address_max_lib.o)
                              build/default/production/_ext/1954962658/ETHPIC32IntMac.o (EthMACSetAddress)
c:/program files (x86)/microchip/xc32/v1.31/bin/../lib/gcc/pic32mx/4.5.2/../../../../pic32mx/lib/size\libmchp_peripheral_32MX795F512L.a(eth_rx_buffers_append_lib.o)
                              build/default/production/_ext/1954962658/ETHPIC32IntMac.o (EthRxBuffersAppend)
c:/program files (x86)/microchip/xc32/v1.31/bin/../lib/gcc/pic32mx/4.5.2/../../../../pic32mx/lib/size\libmchp_peripheral_32MX795F512L.a(eth_rx_filters_lib.o)
                              build/default/production/_ext/1954962658/ETHPIC32IntMac.o (EthRxFiltersSet)
c:/program files (x86)/microchip/xc32/v1.31/bin/../lib/gcc/pic32mx/4.5.2/../../../../pic32mx/lib/size\libmchp_peripheral_32MX795F512L.a(eth_rx_get_packet_lib.o)
                              build/default/production/_ext/1954962658/ETHPIC32IntMac.o (EthRxGetBuffer)
c:/program files (x86)/microchip/xc32/v1.31/bin/../lib/gcc/pic32mx/4.5.2/../../../../pic32mx/lib/size\libmchp_peripheral_32MX795F512L.a(eth_rx_set_buffer_size_lib.o)
                              build/default/production/_ext/1954962658/ETHPIC32IntMac.o (EthRxSetBufferSize)
c:/program files (x86)/microchip/xc32/v1.31/bin/../lib/gcc/pic32mx/4.5.2/../../../../pic32mx/lib/size\libmchp_peripheral_32MX795F512L.a(eth_tx_packet_lib.o)
                              build/default/production/_ext/1954962658/ETHPIC32IntMac.o (EthTxSendBuffer)
c:/program files (x86)/microchip/xc32/v1.31/bin/../lib/gcc/pic32mx/4.5.2/../../../../pic32mx/lib/size\libmchp_peripheral_32MX795F512L.a(_eth_append_busy_list_lib.o)
                              c:/program files (x86)/microchip/xc32/v1.31/bin/../lib/gcc/pic32mx/4.5.2/../../../../pic32mx/lib/size\libmchp_peripheral_32MX795F512L.a(eth_ack_packet_lib.o) (_EthAppendBusyList)
c:/program files (x86)/microchip/xc32/v1.31/bin/../lib/gcc/pic32mx/4.5.2/../../../../pic32mx/lib/size\libmchp_peripheral_32MX795F512L.a(eth_miim_access.o)
                              build/default/production/_ext/1954962658/ETHPIC32ExtPhy.o (EthMIIMReadStart)
c:/program files (x86)/microchip/xc32/v1.31/bin/../lib/gcc/pic32mx/4.5.2/../../../../pic32mx/lib/size\libmchp_peripheral_32MX795F512L.a(pcache.o)
                              build/default/production/_ext/1472/VendingMachine.o (CheKseg0CacheOn)
c:/program files (x86)/microchip/xc32/v1.31/bin/../lib/gcc/pic32mx/4.5.2/../../../../pic32mx/lib/size\libmchp_peripheral_32MX795F512L.a(int_disable_interrupts_lib.o)
                              build/default/production/_ext/1472/VendingMachine.o (INTDisableInterrupts)
c:/program files (x86)/microchip/xc32/v1.31/bin/../lib/gcc/pic32mx/4.5.2/../../../../pic32mx/lib/size\libmchp_peripheral_32MX795F512L.a(int_restore_interrupts_lib.o)
                              build/default/production/_ext/1472/VendingMachine.o (INTRestoreInterrupts)
c:/program files (x86)/microchip/xc32/v1.31/bin/../lib/gcc/pic32mx/4.5.2/../../../../pic32mx/lib/size\libmchp_peripheral_32MX795F512L.a(int_enable_mv_int_lib.o)
                              build/default/production/_ext/1472/VendingMachine.o (INTEnableSystemMultiVectoredInt)
c:/program files (x86)/microchip/xc32/v1.31/bin/../lib/gcc/pic32mx/4.5.2/../../../../pic32mx/lib/size\libmchp_peripheral_32MX795F512L.a(int_tbl_lib.o)
[...]
Memory Configuration

Name             Origin             Length             Attributes
kseg0_program_mem 0x9d000000         0x00080000         xr
kseg0_boot_mem   0x9fc00490         0x00000970
exception_mem    0x9fc01000         0x00001000
kseg1_boot_mem   0xbfc00000         0x00000490
debug_exec_mem   0xbfc02000         0x00000ff0
config3          0xbfc02ff0         0x00000004
config2          0xbfc02ff4         0x00000004
config1          0xbfc02ff8         0x00000004
config0          0xbfc02ffc         0x00000004
kseg1_data_mem   0xa0000000         0x00020000         w !x
sfrs             0xbf800000         0x00100000
configsfrs       0xbfc02ff0         0x00000010
*default*        0x00000000         0xffffffff

Linker script and memory map

LOAD c:/program files (x86)/microchip/xc32/v1.31/bin/../lib/gcc/pic32mx/4.5.2/../../../../pic32mx/lib/./proc/32MX795F512L/crt0_mips32r2.o
LOAD build/default/production/_ext/1954962658/Announce.o
LOAD build/default/production/_ext/1954962658/ARCFOUR.o
LOAD build/default/production/_ext/1954962658/ARP.o
LOAD build/default/production/_ext/1954962658/AutoIP.o
LOAD build/default/production/_ext/1954962658/BerkeleyAPI.o
LOAD build/default/production/_ext/1954962658/BigInt.o
LOAD build/default/production/_ext/1954962658/Delay.o
LOAD build/default/production/_ext/1954962658/DHCP.o
LOAD build/default/production/_ext/1954962658/DHCPs.o
LOAD build/default/production/_ext/1954962658/DNS.o
LOAD build/default/production/_ext/1954962658/DNSs.o
LOAD build/default/production/_ext/1954962658/DynDNS.o
LOAD build/default/production/_ext/1954962658/ETHPIC32ExtPhy.o
LOAD build/default/production/_ext/1954962658/ETHPIC32IntMac.o
LOAD build/default/production/_ext/1954962658/FileSystem.o
LOAD build/default/production/_ext/1954962658/FTP.o
LOAD build/default/production/_ext/1954962658/Hashes.o
LOAD build/default/production/_ext/1954962658/Helpers.o
LOAD build/default/production/_ext/1954962658/HTTP2.o
LOAD build/default/production/_ext/1954962658/ICMP.o
LOAD build/default/production/_ext/1954962658/IP.o
LOAD build/default/production/_ext/1954962658/LCDBlocking.o
LOAD build/default/production/_ext/1954962658/MPFS2.o
LOAD build/default/production/_ext/1954962658/NBNS.o
LOAD build/default/production/_ext/1954962658/Random.o
LOAD build/default/production/_ext/1954962658/Reboot.o
LOAD build/default/production/_ext/1954962658/RSA.o
LOAD build/default/production/_ext/1954962658/SMTP.o
LOAD build/default/production/_ext/1954962658/SNMP.o
LOAD build/default/production/_ext/1954962658/SNMPv3.o
LOAD build/default/production/_ext/1954962658/SNMPv3USM.o
LOAD build/default/production/_ext/1954962658/SNTP.o
LOAD build/default/production/_ext/1954962658/SPIEEPROM.o
LOAD build/default/production/_ext/1954962658/SPIFlash.o
LOAD build/default/production/_ext/1954962658/SPIRAM.o
LOAD build/default/production/_ext/1954962658/SSL.o
LOAD build/default/production/_ext/1954962658/StackTsk.o
LOAD build/default/production/_ext/1954962658/TCP.o
LOAD build/default/production/_ext/1954962658/TCPPerformanceTest.o
LOAD build/default/production/_ext/1954962658/Telnet.o
LOAD build/default/production/_ext/1954962658/TFTPc.o
LOAD build/default/production/_ext/1954962658/Tick.o
LOAD build/default/production/_ext/1954962658/UART2TCPBridge.o
LOAD build/default/production/_ext/1954962658/UART.o
LOAD build/default/production/_ext/1954962658/UDP.o
LOAD build/default/production/_ext/1954962658/UDPPerformanceTest.o
LOAD build/default/production/_ext/1954962658/ZeroconfHelper.o
LOAD build/default/production/_ext/1954962658/ZeroconfLinkLocal.o
LOAD build/default/production/_ext/1954962658/ZeroconfMulticastDNS.o
LOAD build/default/production/_ext/1472/MPFSImg2.o
LOAD build/default/production/_ext/1954962658/ETHPIC32ExtPhySMSC8720.o
LOAD build/default/production/_ext/1472/CustomHTTPApp.o
LOAD build/default/production/_ext/1472/VendingMachine.o
                0x00000001                __MPLAB_BUILD = 0x1
                0x00003e80                _min_heap_size = 0x3e80
                0x00000800                _min_stack_size = 0x800
LOAD c:/program files (x86)/microchip/xc32/v1.31/bin/../lib/gcc/pic32mx/4.5.2/../../../../pic32mx/lib/./proc/32MX795F512L\default_isr_vectors.o
                0x00000400                PROVIDE (_min_stack_size, 0x400)
LOAD c:/program files (x86)/microchip/xc32/v1.31/bin/../lib/gcc/pic32mx/4.5.2/../../../../pic32mx/lib/./proc/32MX795F512L\processor.o
START GROUP
LOAD c:/program files (x86)/microchip/xc32/v1.31/bin/../lib/gcc/pic32mx/4.5.2/../../../../pic32mx/lib/size\libmchp_peripheral.a
END GROUP
START GROUP
LOAD c:/program files (x86)/microchip/xc32/v1.31/bin/../lib/gcc/pic32mx/4.5.2/../../../../pic32mx/lib/size\libmchp_peripheral_32MX795F512L.a
END GROUP
                0x00000001                PROVIDE (_vector_spacing, 0x1)
                0x9fc01000                _ebase_address = 0x9fc01000
                0xbfc00000                _RESET_ADDR = 0xbfc00000
                0xbfc00380                _BEV_EXCPT_ADDR = 0xbfc00380
                0xbfc00480                _DBG_EXCPT_ADDR = 0xbfc00480
                0xbfc02000                _DBG_CODE_ADDR = 0xbfc02000
                0x00000ff0                _DBG_CODE_SIZE = 0xff0
                0x9fc01180                _GEN_EXCPT_ADDR = (_ebase_address + 0x180)

.config_BFC02FF0
                0xbfc02ff0        0x4
 *(.config_BFC02FF0)
 .config_BFC02FF0
                0xbfc02ff0        0x4 build/default/production/_ext/1472/VendingMachine.o

.config_BFC02FF4
                0xbfc02ff4        0x4
 *(.config_BFC02FF4)
 .config_BFC02FF4
                0xbfc02ff4        0x4 build/default/production/_ext/1472/VendingMachine.o

.config_BFC02FF8
                0xbfc02ff8        0x4
 *(.config_BFC02FF8)
 .config_BFC02FF8
                0xbfc02ff8        0x4 build/default/production/_ext/1472/VendingMachine.o

.config_BFC02FFC
                0xbfc02ffc        0x4
 *(.config_BFC02FFC)
 .config_BFC02FFC
                0xbfc02ffc        0x4 build/default/production/_ext/1472/VendingMachine.o
                0xbfc02000                PROVIDE (_DBG_CODE_ADDR, 0xbfc02000)
                0x00000ff0                PROVIDE (_DBG_CODE_SIZE, 0xff0)

.reset          0xbfc00000      0x1e8
 *(.reset)
 .reset         0xbfc00000      0x1e8 c:/program files (x86)/microchip/xc32/v1.31/bin/../lib/gcc/pic32mx/4.5.2/../../../../pic32mx/lib/./proc/32MX795F512L/crt0_mips32r2.o
                0xbfc00000                _reset
 *(.reset.startup)

.bev_excpt      0xbfc00380       0x10
 *(.bev_handler)
 .bev_handler   0xbfc00380       0x10 c:/program files (x86)/microchip/xc32/v1.31/bin/../lib/gcc/pic32mx/4.5.2/../../../../pic32mx/lib/./proc/32MX795F512L/crt0_mips32r2.o

.dbg_excpt      0xbfc00480        0x0
                0xbfc00480                . = (. + DEFINED (_DEBUGGER)?0x8:0x0)

.dbg_code       0xbfc02000        0x0
                0xbfc02000                . = (. + DEFINED (_DEBUGGER)?_DBG_CODE_SIZE:0x0)

.app_excpt      0x9fc01180       0x10
 *(.gen_handler)
 .gen_handler   0x9fc01180       0x10 c:/program files (x86)/microchip/xc32/v1.31/bin/../lib/gcc/pic32mx/4.5.2/../../../../pic32mx/lib/./proc/32MX795F512L/crt0_mips32r2.o

.vector_0       0x9fc01200        0x8
 *(.vector_0)
 .vector_0      0x9fc01200        0x8 c:/program files (x86)/microchip/xc32/v1.31/bin/../lib/gcc/pic32mx/4.5.2/../../../../pic32mx/lib/size\libpic32.a(vector0.o)
                0x9fc01200                __vector_dispatch_0
                0x00000001                ASSERT (((_vector_spacing == 0x0) || (SIZEOF (.vector_0) <= (_vector_spacing << 0x5))), function at exception vector 0 too large)

.vector_1       0x9fc01220        0x8
 *(.vector_1)
 .vector_1      0x9fc01220        0x8 c:/program files (x86)/microchip/xc32/v1.31/bin/../lib/gcc/pic32mx/4.5.2/../../../../pic32mx/lib/size\libpic32.a(vector1.o)
                0x9fc01220                __vector_dispatch_1
                0x00000001                ASSERT (((_vector_spacing == 0x0) || (SIZEOF (.vector_1) <= (_vector_spacing << 0x5))), function at exception vector 1 too large)

.vector_2       0x9fc01240        0x8
 *(.vector_2)
 .vector_2      0x9fc01240        0x8 c:/program files (x86)/microchip/xc32/v1.31/bin/../lib/gcc/pic32mx/4.5.2/../../../../pic32mx/lib/size\libpic32.a(vector2.o)
                0x9fc01240                __vector_dispatch_2
                0x00000001                ASSERT (((_vector_spacing == 0x0) || (SIZEOF (.vector_2) <= (_vector_spacing << 0x5))), function at exception vector 2 too large)

.vector_3       0x9fc01260        0x8
 *(.vector_3)
 .vector_3      0x9fc01260        0x8 c:/program files (x86)/microchip/xc32/v1.31/bin/../lib/gcc/pic32mx/4.5.2/../../../../pic32mx/lib/size\libpic32.a(vector3.o)
                0x9fc01260                __vector_dispatch_3
                0x00000001                ASSERT (((_vector_spacing == 0x0) || (SIZEOF (.vector_3) <= (_vector_spacing << 0x5))), function at exception vector 3 too large)

.vector_4       0x9fc01280        0x8
 *(.vector_4)
 .vector_4      0x9fc01280        0x8 build/default/production/_ext/1954962658/Tick.o
                0x9fc01280                __vector_dispatch_4
                0x00000001                ASSERT (((_vector_spacing == 0x0) || (SIZEOF (.vector_4) <= (_vector_spacing << 0x5))), function at exception vector 4 too large)

.vector_5       0x9fc012a0        0x8
 *(.vector_5)
 .vector_5      0x9fc012a0        0x8 c:/program files (x86)/microchip/xc32/v1.31/bin/../lib/gcc/pic32mx/4.5.2/../../../../pic32mx/lib/size\libpic32.a(vector5.o)
                0x9fc012a0                __vector_dispatch_5
                0x00000001                ASSERT (((_vector_spacing == 0x0) || (SIZEOF (.vector_5) <= (_vector_spacing << 0x5))), function at exception vector 5 too large)

.vector_6       0x9fc012c0        0x8
 *(.vector_6)
 .vector_6      0x9fc012c0        0x8 c:/program files (x86)/microchip/xc32/v1.31/bin/../lib/gcc/pic32mx/4.5.2/../../../../pic32mx/lib/size\libpic32.a(vector6.o)
                0x9fc012c0                __vector_dispatch_6
                0x00000001                ASSERT (((_vector_spacing == 0x0) || (SIZEOF (.vector_6) <= (_vector_spacing << 0x5))), function at exception vector 6 too large)

.vector_7       0x9fc012e0        0x8
 *(.vector_7)
 .vector_7      0x9fc012e0        0x8 c:/program files (x86)/microchip/xc32/v1.31/bin/../lib/gcc/pic32mx/4.5.2/../../../../pic32mx/lib/size\libpic32.a(vector7.o)
                0x9fc012e0                __vector_dispatch_7
                0x00000001                ASSERT (((_vector_spacing == 0x0) || (SIZEOF (.vector_7) <= (_vector_spacing << 0x5))), function at exception vector 7 too large)

.vector_8       0x9fc01300        0x8
 *(.vector_8)
 .vector_8      0x9fc01300        0x8 c:/program files (x86)/microchip/xc32/v1.31/bin/../lib/gcc/pic32mx/4.5.2/../../../../pic32mx/lib/size\libpic32.a(vector8.o)
                0x9fc01300                __vector_dispatch_8
                0x00000001                ASSERT (((_vector_spacing == 0x0) || (SIZEOF (.vector_8) <= (_vector_spacing << 0x5))), function at exception vector 8 too large)

.vector_9       0x9fc01320        0x8
 *(.vector_9)
 .vector_9      0x9fc01320        0x8 c:/program files (x86)/microchip/xc32/v1.31/bin/../lib/gcc/pic32mx/4.5.2/../../../../pic32mx/lib/size\libpic32.a(vector9.o)
                0x9fc01320                __vector_dispatch_9
                0x00000001                ASSERT (((_vector_spacing == 0x0) || (SIZEOF (.vector_9) <= (_vector_spacing << 0x5))), function at exception vector 9 too large)

.vector_10      0x9fc01340        0x8
 *(.vector_10)
 .vector_10     0x9fc01340        0x8 c:/program files (x86)/microchip/xc32/v1.31/bin/../lib/gcc/pic32mx/4.5.2/../../../../pic32mx/lib/size\libpic32.a(vector10.o)
                0x9fc01340                __vector_dispatch_10
                0x00000001                ASSERT (((_vector_spacing == 0x0) || (SIZEOF (.vector_10) <= (_vector_spacing << 0x5))), function at exception vector 10 too large)

.vector_11      0x9fc01360        0x8
 *(.vector_11)
 .vector_11     0x9fc01360        0x8 c:/program files (x86)/microchip/xc32/v1.31/bin/../lib/gcc/pic32mx/4.5.2/../../../../pic32mx/lib/size\libpic32.a(vector11.o)
                0x9fc01360                __vector_dispatch_11
                0x00000001                ASSERT (((_vector_spacing == 0x0) || (SIZEOF (.vector_11) <= (_vector_spacing << 0x5))), function at exception vector 11 too large)

.vector_12      0x9fc01380        0x8
 *(.vector_12)
 .vector_12     0x9fc01380        0x8 c:/program files (x86)/microchip/xc32/v1.31/bin/../lib/gcc/pic32mx/4.5.2/../../../../pic32mx/lib/size\libpic32.a(vector12.o)
                0x9fc01380                __vector_dispatch_12
                0x00000001                ASSERT (((_vector_spacing == 0x0) || (SIZEOF (.vector_12) <= (_vector_spacing << 0x5))), function at exception vector 12 too large)

.vector_13      0x9fc013a0        0x8
 *(.vector_13)
 .vector_13     0x9fc013a0        0x8 c:/program files (x86)/microchip/xc32/v1.31/bin/../lib/gcc/pic32mx/4.5.2/../../../../pic32mx/lib/size\libpic32.a(vector13.o)
                0x9fc013a0                __vector_dispatch_13
                0x00000001                ASSERT (((_vector_spacing == 0x0) || (SIZEOF (.vector_13) <= (_vector_spacing << 0x5))), function at exception vector 13 too large)

.vector_14      0x9fc013c0        0x8
 *(.vector_14)
 .vector_14     0x9fc013c0        0x8 c:/program files (x86)/microchip/xc32/v1.31/bin/../lib/gcc/pic32mx/4.5.2/../../../../pic32mx/lib/size\libpic32.a(vector14.o)
                0x9fc013c0                __vector_dispatch_14
                0x00000001                ASSERT (((_vector_spacing == 0x0) || (SIZEOF (.vector_14) <= (_vector_spacing << 0x5))), function at exception vector 14 too large)

.vector_15      0x9fc013e0        0x8
 *(.vector_15)
 .vector_15     0x9fc013e0        0x8 c:/program files (x86)/microchip/xc32/v1.31/bin/../lib/gcc/pic32mx/4.5.2/../../../../pic32mx/lib/size\libpic32.a(vector15.o)
                0x9fc013e0                __vector_dispatch_15
                0x00000001                ASSERT (((_vector_spacing == 0x0) || (SIZEOF (.vector_15) <= (_vector_spacing << 0x5))), function at exception vector 15 too large)

.vector_16      0x9fc01400        0x8
 *(.vector_16)
 .vector_16     0x9fc01400        0x8 c:/program files (x86)/microchip/xc32/v1.31/bin/../lib/gcc/pic32mx/4.5.2/../../../../pic32mx/lib/size\libpic32.a(vector16.o)
                0x9fc01400                __vector_dispatch_16
                0x00000001                ASSERT (((_vector_spacing == 0x0) || (SIZEOF (.vector_16) <= (_vector_spacing << 0x5))), function at exception vector 16 too large)

.vector_17      0x9fc01420        0x8
 *(.vector_17)
 .vector_17     0x9fc01420        0x8 c:/program files (x86)/microchip/xc32/v1.31/bin/../lib/gcc/pic32mx/4.5.2/../../../../pic32mx/lib/size\libpic32.a(vector17.o)
                0x9fc01420                __vector_dispatch_17
                0x00000001                ASSERT (((_vector_spacing == 0x0) || (SIZEOF (.vector_17) <= (_vector_spacing << 0x5))), function at exception vector 17 too large)

.vector_18      0x9fc01440        0x8
 *(.vector_18)
 .vector_18     0x9fc01440        0x8 c:/program files (x86)/microchip/xc32/v1.31/bin/../lib/gcc/pic32mx/4.5.2/../../../../pic32mx/lib/size\libpic32.a(vector18.o)
                0x9fc01440                __vector_dispatch_18
                0x00000001                ASSERT (((_vector_spacing == 0x0) || (SIZEOF (.vector_18) <= (_vector_spacing << 0x5))), function at exception vector 18 too large)

.vector_19      0x9fc01460        0x8
 *(.vector_19)
 .vector_19     0x9fc01460        0x8 c:/program files (x86)/microchip/xc32/v1.31/bin/../lib/gcc/pic32mx/4.5.2/../../../../pic32mx/lib/size\libpic32.a(vector19.o)
                0x9fc01460                __vector_dispatch_19
                0x00000001                ASSERT (((_vector_spacing == 0x0) || (SIZEOF (.vector_19) <= (_vector_spacing << 0x5))), function at exception vector 19 too large)

.vector_20      0x9fc01480        0x8
 *(.vector_20)
 .vector_20     0x9fc01480        0x8 c:/program files (x86)/microchip/xc32/v1.31/bin/../lib/gcc/pic32mx/4.5.2/../../../../pic32mx/lib/size\libpic32.a(vector20.o)
                0x9fc01480                __vector_dispatch_20
                0x00000001                ASSERT (((_vector_spacing == 0x0) || (SIZEOF (.vector_20) <= (_vector_spacing << 0x5))), function at exception vector 20 too large)

.vector_21      0x9fc014a0        0x8
 *(.vector_21)
 .vector_21     0x9fc014a0        0x8 c:/program files (x86)/microchip/xc32/v1.31/bin/../lib/gcc/pic32mx/4.5.2/../../../../pic32mx/lib/size\libpic32.a(vector21.o)
                0x9fc014a0                __vector_dispatch_21
                0x00000001                ASSERT (((_vector_spacing == 0x0) || (SIZEOF (.vector_21) <= (_vector_spacing << 0x5))), function at exception vector 21 too large)

.vector_22      0x9fc014c0        0x8
 *(.vector_22)
 .vector_22     0x9fc014c0        0x8 c:/program files (x86)/microchip/xc32/v1.31/bin/../lib/gcc/pic32mx/4.5.2/../../../../pic32mx/lib/size\libpic32.a(vector22.o)
                0x9fc014c0                __vector_dispatch_22
                0x00000001                ASSERT (((_vector_spacing == 0x0) || (SIZEOF (.vector_22) <= (_vector_spacing << 0x5))), function at exception vector 22 too large)

.vector_23      0x9fc014e0        0x8
 *(.vector_23)
 .vector_23     0x9fc014e0        0x8 c:/program files (x86)/microchip/xc32/v1.31/bin/../lib/gcc/pic32mx/4.5.2/../../../../pic32mx/lib/size\libpic32.a(vector23.o)
                0x9fc014e0                __vector_dispatch_23
                0x00000001                ASSERT (((_vector_spacing == 0x0) || (SIZEOF (.vector_23) <= (_vector_spacing << 0x5))), function at exception vector 23 too large)

.vector_24      0x9fc01500        0x8
 *(.vector_24)
 .vector_24     0x9fc01500        0x8 c:/program files (x86)/microchip/xc32/v1.31/bin/../lib/gcc/pic32mx/4.5.2/../../../../pic32mx/lib/size\libpic32.a(vector24.o)
                0x9fc01500                __vector_dispatch_24
                0x00000001                ASSERT (((_vector_spacing == 0x0) || (SIZEOF (.vector_24) <= (_vector_spacing << 0x5))), function at exception vector 24 too large)

.vector_25      0x9fc01520        0x8
 *(.vector_25)
 .vector_25     0x9fc01520        0x8 c:/program files (x86)/microchip/xc32/v1.31/bin/../lib/gcc/pic32mx/4.5.2/../../../../pic32mx/lib/size\libpic32.a(vector25.o)
                0x9fc01520                __vector_dispatch_25
                0x00000001                ASSERT (((_vector_spacing == 0x0) || (SIZEOF (.vector_25) <= (_vector_spacing << 0x5))), function at exception vector 25 too large)

.vector_26      0x9fc01540        0x8
 *(.vector_26)
 .vector_26     0x9fc01540        0x8 c:/program files (x86)/microchip/xc32/v1.31/bin/../lib/gcc/pic32mx/4.5.2/../../../../pic32mx/lib/size\libpic32.a(vector26.o)
                0x9fc01540                __vector_dispatch_26
                0x00000001                ASSERT (((_vector_spacing == 0x0) || (SIZEOF (.vector_26) <= (_vector_spacing << 0x5))), function at exception vector 26 too large)

.vector_27      0x9fc01560        0x8
 *(.vector_27)
 .vector_27     0x9fc01560        0x8 c:/program files (x86)/microchip/xc32/v1.31/bin/../lib/gcc/pic32mx/4.5.2/../../../../pic32mx/lib/size\libpic32.a(vector27.o)
                0x9fc01560                __vector_dispatch_27
                0x00000001                ASSERT (((_vector_spacing == 0x0) || (SIZEOF (.vector_27) <= (_vector_spacing << 0x5))), function at exception vector 27 too large)

.vector_28      0x9fc01580        0x8
 *(.vector_28)
 .vector_28     0x9fc01580        0x8 c:/program files (x86)/microchip/xc32/v1.31/bin/../lib/gcc/pic32mx/4.5.2/../../../../pic32mx/lib/size\libpic32.a(vector28.o)
                0x9fc01580                __vector_dispatch_28
                0x00000001                ASSERT (((_vector_spacing == 0x0) || (SIZEOF (.vector_28) <= (_vector_spacing << 0x5))), function at exception vector 28 too large)

.vector_29      0x9fc015a0        0x8
 *(.vector_29)
 .vector_29     0x9fc015a0        0x8 c:/program files (x86)/microchip/xc32/v1.31/bin/../lib/gcc/pic32mx/4.5.2/../../../../pic32mx/lib/size\libpic32.a(vector29.o)
                0x9fc015a0                __vector_dispatch_29
                0x00000001                ASSERT (((_vector_spacing == 0x0) || (SIZEOF (.vector_29) <= (_vector_spacing << 0x5))), function at exception vector 29 too large)

.vector_30      0x9fc015c0        0x8
 *(.vector_30)
 .vector_30     0x9fc015c0        0x8 c:/program files (x86)/microchip/xc32/v1.31/bin/../lib/gcc/pic32mx/4.5.2/../../../../pic32mx/lib/size\libpic32.a(vector30.o)
                0x9fc015c0                __vector_dispatch_30
                0x00000001                ASSERT (((_vector_spacing == 0x0) || (SIZEOF (.vector_30) <= (_vector_spacing << 0x5))), function at exception vector 30 too large)

.vector_31      0x9fc015e0        0x8
 *(.vector_31)
 .vector_31     0x9fc015e0        0x8 c:/program files (x86)/microchip/xc32/v1.31/bin/../lib/gcc/pic32mx/4.5.2/../../../../pic32mx/lib/size\libpic32.a(vector31.o)
                0x9fc015e0                __vector_dispatch_31
                0x00000001                ASSERT (((_vector_spacing == 0x0) || (SIZEOF (.vector_31) <= (_vector_spacing << 0x5))), function at exception vector 31 too large)

.vector_32      0x9fc01600        0x8
 *(.vector_32)
 .vector_32     0x9fc01600        0x8 c:/program files (x86)/microchip/xc32/v1.31/bin/../lib/gcc/pic32mx/4.5.2/../../../../pic32mx/lib/size\libpic32.a(vector32.o)
                0x9fc01600                __vector_dispatch_32
                0x00000001                ASSERT (((_vector_spacing == 0x0) || (SIZEOF (.vector_32) <= (_vector_spacing << 0x5))), function at exception vector 32 too large)

.vector_33      0x9fc01620        0x8
 *(.vector_33)
 .vector_33     0x9fc01620        0x8 c:/program files (x86)/microchip/xc32/v1.31/bin/../lib/gcc/pic32mx/4.5.2/../../../../pic32mx/lib/size\libpic32.a(vector33.o)
                0x9fc01620                __vector_dispatch_33
                0x00000001                ASSERT (((_vector_spacing == 0x0) || (SIZEOF (.vector_33) <= (_vector_spacing << 0x5))), function at exception vector 33 too large)

.vector_34      0x9fc01640        0x8
 *(.vector_34)
 .vector_34     0x9fc01640        0x8 c:/program files (x86)/microchip/xc32/v1.31/bin/../lib/gcc/pic32mx/4.5.2/../../../../pic32mx/lib/size\libpic32.a(vector34.o)
                0x9fc01640                __vector_dispatch_34
                0x00000001                ASSERT (((_vector_spacing == 0x0) || (SIZEOF (.vector_34) <= (_vector_spacing << 0x5))), function at exception vector 34 too large)

.vector_35      0x9fc01660        0x8
 *(.vector_35)
 .vector_35     0x9fc01660        0x8 c:/program files (x86)/microchip/xc32/v1.31/bin/../lib/gcc/pic32mx/4.5.2/../../../../pic32mx/lib/size\libpic32.a(vector35.o)
                0x9fc01660                __vector_dispatch_35
                0x00000001                ASSERT (((_vector_spacing == 0x0) || (SIZEOF (.vector_35) <= (_vector_spacing << 0x5))), function at exception vector 35 too large)

.vector_36      0x9fc01680        0x8
 *(.vector_36)
 .vector_36     0x9fc01680        0x8 c:/program files (x86)/microchip/xc32/v1.31/bin/../lib/gcc/pic32mx/4.5.2/../../../../pic32mx/lib/size\libpic32.a(vector36.o)
                0x9fc01680                __vector_dispatch_36
                0x00000001                ASSERT (((_vector_spacing == 0x0) || (SIZEOF (.vector_36) <= (_vector_spacing << 0x5))), function at exception vector 36 too large)

.vector_37      0x9fc016a0        0x8
 *(.vector_37)
 .vector_37     0x9fc016a0        0x8 c:/program files (x86)/microchip/xc32/v1.31/bin/../lib/gcc/pic32mx/4.5.2/../../../../pic32mx/lib/size\libpic32.a(vector37.o)
                0x9fc016a0                __vector_dispatch_37
                0x00000001                ASSERT (((_vector_spacing == 0x0) || (SIZEOF (.vector_37) <= (_vector_spacing << 0x5))), function at exception vector 37 too large)

.vector_38      0x9fc016c0        0x8
 *(.vector_38)
 .vector_38     0x9fc016c0        0x8 c:/program files (x86)/microchip/xc32/v1.31/bin/../lib/gcc/pic32mx/4.5.2/../../../../pic32mx/lib/size\libpic32.a(vector38.o)
                0x9fc016c0                __vector_dispatch_38
                0x00000001                ASSERT (((_vector_spacing == 0x0) || (SIZEOF (.vector_38) <= (_vector_spacing << 0x5))), function at exception vector 38 too large)

.vector_39      0x9fc016e0        0x8
 *(.vector_39)
 .vector_39     0x9fc016e0        0x8 c:/program files (x86)/microchip/xc32/v1.31/bin/../lib/gcc/pic32mx/4.5.2/../../../../pic32mx/lib/size\libpic32.a(vector39.o)
                0x9fc016e0                __vector_dispatch_39
                0x00000001                ASSERT (((_vector_spacing == 0x0) || (SIZEOF (.vector_39) <= (_vector_spacing << 0x5))), function at exception vector 39 too large)

.vector_40      0x9fc01700        0x8
 *(.vector_40)
 .vector_40     0x9fc01700        0x8 c:/program files (x86)/microchip/xc32/v1.31/bin/../lib/gcc/pic32mx/4.5.2/../../../../pic32mx/lib/size\libpic32.a(vector40.o)
                0x9fc01700                __vector_dispatch_40
                0x00000001                ASSERT (((_vector_spacing == 0x0) || (SIZEOF (.vector_40) <= (_vector_spacing << 0x5))), function at exception vector 40 too large)

.vector_41      0x9fc01720        0x8
 *(.vector_41)
 .vector_41     0x9fc01720        0x8 c:/program files (x86)/microchip/xc32/v1.31/bin/../lib/gcc/pic32mx/4.5.2/../../../../pic32mx/lib/size\libpic32.a(vector41.o)
                0x9fc01720                __vector_dispatch_41
                0x00000001                ASSERT (((_vector_spacing == 0x0) || (SIZEOF (.vector_41) <= (_vector_spacing << 0x5))), function at exception vector 41 too large)

.vector_42      0x9fc01740        0x8
 *(.vector_42)
 .vector_42     0x9fc01740        0x8 c:/program files (x86)/microchip/xc32/v1.31/bin/../lib/gcc/pic32mx/4.5.2/../../../../pic32mx/lib/size\libpic32.a(vector42.o)
                0x9fc01740                __vector_dispatch_42
                0x00000001                ASSERT (((_vector_spacing == 0x0) || (SIZEOF (.vector_42) <= (_vector_spacing << 0x5))), function at exception vector 42 too large)

.vector_43      0x9fc01760        0x8
 *(.vector_43)
 .vector_43     0x9fc01760        0x8 c:/program files (x86)/microchip/xc32/v1.31/bin/../lib/gcc/pic32mx/4.5.2/../../../../pic32mx/lib/size\libpic32.a(vector43.o)
                0x9fc01760                __vector_dispatch_43
                0x00000001                ASSERT (((_vector_spacing == 0x0) || (SIZEOF (.vector_43) <= (_vector_spacing << 0x5))), function at exception vector 43 too large)

.vector_44      0x9fc01780        0x8
 *(.vector_44)
 .vector_44     0x9fc01780        0x8 c:/program files (x86)/microchip/xc32/v1.31/bin/../lib/gcc/pic32mx/4.5.2/../../../../pic32mx/lib/size\libpic32.a(vector44.o)
                0x9fc01780                __vector_dispatch_44
                0x00000001                ASSERT (((_vector_spacing == 0x0) || (SIZEOF (.vector_44) <= (_vector_spacing << 0x5))), function at exception vector 44 too large)

.vector_45      0x9fc017a0        0x8
 *(.vector_45)
 .vector_45     0x9fc017a0        0x8 c:/program files (x86)/microchip/xc32/v1.31/bin/../lib/gcc/pic32mx/4.5.2/../../../../pic32mx/lib/size\libpic32.a(vector45.o)
                0x9fc017a0                __vector_dispatch_45
                0x00000001                ASSERT (((_vector_spacing == 0x0) || (SIZEOF (.vector_45) <= (_vector_spacing << 0x5))), function at exception vector 45 too large)

.vector_46      0x9fc017c0        0x8
 *(.vector_46)
 .vector_46     0x9fc017c0        0x8 c:/program files (x86)/microchip/xc32/v1.31/bin/../lib/gcc/pic32mx/4.5.2/../../../../pic32mx/lib/size\libpic32.a(vector46.o)
                0x9fc017c0                __vector_dispatch_46
                0x00000001                ASSERT (((_vector_spacing == 0x0) || (SIZEOF (.vector_46) <= (_vector_spacing << 0x5))), function at exception vector 46 too large)

.vector_47      0x9fc017e0        0x8
 *(.vector_47)
 .vector_47     0x9fc017e0        0x8 c:/program files (x86)/microchip/xc32/v1.31/bin/../lib/gcc/pic32mx/4.5.2/../../../../pic32mx/lib/size\libpic32.a(vector47.o)
                0x9fc017e0                __vector_dispatch_47
                0x00000001                ASSERT (((_vector_spacing == 0x0) || (SIZEOF (.vector_47) <= (_vector_spacing << 0x5))), function at exception vector 47 too large)

.vector_48      0x9fc01800        0x8
 *(.vector_48)
 .vector_48     0x9fc01800        0x8 c:/program files (x86)/microchip/xc32/v1.31/bin/../lib/gcc/pic32mx/4.5.2/../../../../pic32mx/lib/size\libpic32.a(vector48.o)
                0x9fc01800                __vector_dispatch_48
                0x00000001                ASSERT (((_vector_spacing == 0x0) || (SIZEOF (.vector_48) <= (_vector_spacing << 0x5))), function at exception vector 48 too large)

.vector_49      0x9fc01820        0x8
 *(.vector_49)
 .vector_49     0x9fc01820        0x8 c:/program files (x86)/microchip/xc32/v1.31/bin/../lib/gcc/pic32mx/4.5.2/../../../../pic32mx/lib/size\libpic32.a(vector49.o)
                0x9fc01820                __vector_dispatch_49
                0x00000001                ASSERT (((_vector_spacing == 0x0) || (SIZEOF (.vector_49) <= (_vector_spacing << 0x5))), function at exception vector 49 too large)

.vector_50      0x9fc01840        0x8
 *(.vector_50)
 .vector_50     0x9fc01840        0x8 c:/program files (x86)/microchip/xc32/v1.31/bin/../lib/gcc/pic32mx/4.5.2/../../../../pic32mx/lib/size\libpic32.a(vector50.o)
                0x9fc01840                __vector_dispatch_50
                0x00000001                ASSERT (((_vector_spacing == 0x0) || (SIZEOF (.vector_50) <= (_vector_spacing << 0x5))), function at exception vector 50 too large)

.vector_51      0x9fc01860        0x8
 *(.vector_51)
 .vector_51     0x9fc01860        0x8 c:/program files (x86)/microchip/xc32/v1.31/bin/../lib/gcc/pic32mx/4.5.2/../../../../pic32mx/lib/size\libpic32.a(vector51.o)
                0x9fc01860                __vector_dispatch_51
                0x00000001                ASSERT (((_vector_spacing == 0x0) || (SIZEOF (.vector_51) <= (_vector_spacing << 0x5))), function at exception vector 51 too large)

.vector_52      0x9fc01880        0x8
 *(.vector_52)
 .vector_52     0x9fc01880        0x8 c:/program files (x86)/microchip/xc32/v1.31/bin/../lib/gcc/pic32mx/4.5.2/../../../../pic32mx/lib/size\libpic32.a(vector52.o)
                0x9fc01880                __vector_dispatch_52
                0x00000001                ASSERT (((_vector_spacing == 0x0) || (SIZEOF (.vector_52) <= (_vector_spacing << 0x5))), function at exception vector 52 too large)

.vector_53      0x9fc018a0        0x8
 *(.vector_53)
 .vector_53     0x9fc018a0        0x8 c:/program files (x86)/microchip/xc32/v1.31/bin/../lib/gcc/pic32mx/4.5.2/../../../../pic32mx/lib/size\libpic32.a(vector53.o)
                0x9fc018a0                __vector_dispatch_53
                0x00000001                ASSERT (((_vector_spacing == 0x0) || (SIZEOF (.vector_53) <= (_vector_spacing << 0x5))), function at exception vector 53 too large)

.vector_54      0x9fc018c0        0x8
 *(.vector_54)
 .vector_54     0x9fc018c0        0x8 c:/program files (x86)/microchip/xc32/v1.31/bin/../lib/gcc/pic32mx/4.5.2/../../../../pic32mx/lib/size\libpic32.a(vector54.o)
                0x9fc018c0                __vector_dispatch_54
                0x00000001                ASSERT (((_vector_spacing == 0x0) || (SIZEOF (.vector_54) <= (_vector_spacing << 0x5))), function at exception vector 54 too large)

.vector_55      0x9fc018e0        0x8
 *(.vector_55)
 .vector_55     0x9fc018e0        0x8 c:/program files (x86)/microchip/xc32/v1.31/bin/../lib/gcc/pic32mx/4.5.2/../../../../pic32mx/lib/size\libpic32.a(vector55.o)
                0x9fc018e0                __vector_dispatch_55
                0x00000001                ASSERT (((_vector_spacing == 0x0) || (SIZEOF (.vector_55) <= (_vector_spacing << 0x5))), function at exception vector 55 too large)

.vector_56      0x9fc01900        0x8
 *(.vector_56)
 .vector_56     0x9fc01900        0x8 c:/program files (x86)/microchip/xc32/v1.31/bin/../lib/gcc/pic32mx/4.5.2/../../../../pic32mx/lib/size\libpic32.a(vector56.o)
                0x9fc01900                __vector_dispatch_56
                0x00000001                ASSERT (((_vector_spacing == 0x0) || (SIZEOF (.vector_56) <= (_vector_spacing << 0x5))), function at exception vector 56 too large)

.vector_57      0x9fc01920        0x8
 *(.vector_57)
 .vector_57     0x9fc01920        0x8 c:/program files (x86)/microchip/xc32/v1.31/bin/../lib/gcc/pic32mx/4.5.2/../../../../pic32mx/lib/size\libpic32.a(vector57.o)
                0x9fc01920                __vector_dispatch_57
                0x00000001                ASSERT (((_vector_spacing == 0x0) || (SIZEOF (.vector_57) <= (_vector_spacing << 0x5))), function at exception vector 57 too large)

.vector_58      0x9fc01940        0x8
 *(.vector_58)
 .vector_58     0x9fc01940        0x8 c:/program files (x86)/microchip/xc32/v1.31/bin/../lib/gcc/pic32mx/4.5.2/../../../../pic32mx/lib/size\libpic32.a(vector58.o)
                0x9fc01940                __vector_dispatch_58
                0x00000001                ASSERT (((_vector_spacing == 0x0) || (SIZEOF (.vector_58) <= (_vector_spacing << 0x5))), function at exception vector 58 too large)

.vector_59      0x9fc01960        0x8
 *(.vector_59)
 .vector_59     0x9fc01960        0x8 c:/program files (x86)/microchip/xc32/v1.31/bin/../lib/gcc/pic32mx/4.5.2/../../../../pic32mx/lib/size\libpic32.a(vector59.o)
                0x9fc01960                __vector_dispatch_59
                0x00000001                ASSERT (((_vector_spacing == 0x0) || (SIZEOF (.vector_59) <= (_vector_spacing << 0x5))), function at exception vector 59 too large)

.vector_60      0x9fc01980        0x8
 *(.vector_60)
 .vector_60     0x9fc01980        0x8 c:/program files (x86)/microchip/xc32/v1.31/bin/../lib/gcc/pic32mx/4.5.2/../../../../pic32mx/lib/size\libpic32.a(vector60.o)
                0x9fc01980                __vector_dispatch_60
                0x00000001                ASSERT (((_vector_spacing == 0x0) || (SIZEOF (.vector_60) <= (_vector_spacing << 0x5))), function at exception vector 60 too large)

.vector_61      0x9fc019a0        0x8
 *(.vector_61)
 .vector_61     0x9fc019a0        0x8 c:/program files (x86)/microchip/xc32/v1.31/bin/../lib/gcc/pic32mx/4.5.2/../../../../pic32mx/lib/size\libpic32.a(vector61.o)
                0x9fc019a0                __vector_dispatch_61
                0x00000001                ASSERT (((_vector_spacing == 0x0) || (SIZEOF (.vector_61) <= (_vector_spacing << 0x5))), function at exception vector 61 too large)

.vector_62      0x9fc019c0        0x8
 *(.vector_62)
 .vector_62     0x9fc019c0        0x8 c:/program files (x86)/microchip/xc32/v1.31/bin/../lib/gcc/pic32mx/4.5.2/../../../../pic32mx/lib/size\libpic32.a(vector62.o)
                0x9fc019c0                __vector_dispatch_62
                0x00000001                ASSERT (((_vector_spacing == 0x0) || (SIZEOF (.vector_62) <= (_vector_spacing << 0x5))), function at exception vector 62 too large)

.vector_63      0x9fc019e0        0x8
 *(.vector_63)
 .vector_63     0x9fc019e0        0x8 c:/program files (x86)/microchip/xc32/v1.31/bin/../lib/gcc/pic32mx/4.5.2/../../../../pic32mx/lib/size\libpic32.a(vector63.o)
                0x9fc019e0                __vector_dispatch_63
                0x00000001                ASSERT (((_vector_spacing == 0x0) || (SIZEOF (.vector_63) <= (_vector_spacing << 0x5))), function at exception vector 63 too large)

.startup
 *(.startup)

.text           0x9d000000        0x0
 *(.stub .gnu.linkonce.t.*)
 *(.text.*personality*)
 *(.mips16.fn.*)
 *(.mips16.call.*)
 *(.gnu.warning)
                0x9d000000                . = ALIGN (0x4)

.init           0x9d000000        0x0
 *crti.o(.init)
 *crtbegin.o(.init)
 *(EXCLUDE_FILE(*crtn.o *crtend?.o *crtend.o) .init)
 *crtend.o(.init)
 *crtn.o(.init)
                0x9d000000                . = ALIGN (0x4)

.fini           0x9d000000        0x0
 *(.fini)
                0x9d000000                . = ALIGN (0x4)

.preinit_array  0x9d000000        0x0
                0x9d000000                PROVIDE (__preinit_array_start, .)
 *(.preinit_array)
                0x9d000000                PROVIDE (__preinit_array_end, .)
                0x9d000000                . = ALIGN (0x4)

.init_array     0x9d000000        0x0
                0x9d000000                PROVIDE (__init_array_start, .)
 *(SORT(.init_array.*))
 *(.init_array)
                0x9d000000                PROVIDE (__init_array_end, .)
                0x9d000000                . = ALIGN (0x4)

.fini_array     0x9d000000        0x0
                0x9d000000                PROVIDE (__fini_array_start, .)
 *(SORT(.fini_array.*))
 *(.fini_array)
                0x9d000000                PROVIDE (__fini_array_end, .)
                0x9d000000                . = ALIGN (0x4)

.ctors          0x9d000000        0x0
 *crtbegin.o(.ctors)
 *crtbegin?.o(.ctors)
 *(EXCLUDE_FILE(*crtend?.o *crtend.o) .ctors)
 *(SORT(.ctors.*))
 *(.ctors)
                0x9d000000                . = ALIGN (0x4)

.dtors          0x9d000000        0x0
 *crtbegin.o(.dtors)
 *crtbegin?.o(.dtors)
 *(EXCLUDE_FILE(*crtend?.o *crtend.o) .dtors)
 *(SORT(.dtors.*))
 *(.dtors)
                0x9d000000                . = ALIGN (0x4)

.rodata         0x9d000000        0x0
 *(.gnu.linkonce.r.*)
 *(.rodata1)
                0x9d000000                . = ALIGN (0x4)

.sdata2         0x9fc00490        0x0
 *(.sdata2 .sdata2.* .gnu.linkonce.s2.*)
                0x9fc00490                . = ALIGN (0x4)

.sbss2          0x9fc00490        0x0
 *(.sbss2 .sbss2.* .gnu.linkonce.sb2.*)
                0x9fc00490                . = ALIGN (0x4)

.eh_frame_hdr
 *(.eh_frame_hdr)
                0x9fc00490                . = ALIGN (0x4)

.eh_frame
 *(.eh_frame)
                0x9fc00490                . = ALIGN (0x4)

.gcc_except_table
 *(.gcc_except_table .gcc_except_table.*)
                0x9fc00490                . = ALIGN (0x4)

.dbg_data       0xa0000000        0x0
                0xa0000000                . = (. + DEFINED (_DEBUGGER)?0x200:0x0)

.jcr            0xa0000000        0x0
 *(.jcr)
                0xa0000000                . = ALIGN (0x4)

.eh_frame       0xa0000000       0x30
 *(.eh_frame)
 .eh_frame      0xa0000000       0x20 c:/program files (x86)/microchip/xc32/v1.31/bin/../lib/gcc/pic32mx/4.5.2/size\libgcc.a(_udivdi3.o)
 .eh_frame      0xa0000020       0x10 c:/program files (x86)/microchip/xc32/v1.31/bin/../lib/gcc/pic32mx/4.5.2/size\libgcc.a(_umoddi3.o)
                0xa0000030                . = ALIGN (0x4)

.gcc_except_table
 *(.gcc_except_table .gcc_except_table.*)
                0xa0000030                . = ALIGN (0x4)

.persist        0xa0000030        0x0
                0xa0000030                _persist_begin = .
 *(.persist .persist.*)
 *(.pbss .pbss.*)
                0xa0000030                . = ALIGN (0x4)
                0xa0000030                _persist_end = .

.data           0xa0000030        0x0
 *(.gnu.linkonce.d.*)
 *(.data1)
                0xa0000030                . = ALIGN (0x4)
                0xa0000030                . = .
                0xa0008020                _gp = (ALIGN (0x10) + 0x7ff0)

.got            0xa0000030        0x0
 *(.got.plt)
 *(.got)
                0xa0000030                . = ALIGN (0x4)

.sdata          0xa0000030       0x20
                0xa0000030                _sdata_begin = .
 *(.sdata .sdata.* .gnu.linkonce.s.*)
 .sdata         0xa0000030        0x8 build/default/production/_ext/1954962658/DNS.o
 .sdata         0xa0000038        0x4 build/default/production/_ext/1954962658/Helpers.o
 .sdata         0xa000003c        0x1 build/default/production/_ext/1954962658/SNTP.o
 .sdata         0xa000003d        0x2 build/default/production/_ext/1954962658/TCP.o
 .sdata         0xa000003f        0x2 build/default/production/_ext/1954962658/UDP.o
 *fill*         0xa0000041        0x3 
 .sdata         0xa0000044        0x4 build/default/production/_ext/1472/VendingMachine.o
 .sdata         0xa0000048        0x4 c:/program files (x86)/microchip/xc32/v1.31/bin/../lib/gcc/pic32mx/4.5.2/../../../../pic32mx/lib/size\libc.a(_iob.o)
                0xa0000048                _Files
 .sdata         0xa000004c        0x4 c:/program files (x86)/microchip/xc32/v1.31/bin/../lib/gcc/pic32mx/4.5.2/../../../../pic32mx/lib/size\libpic32.a(xc32_uart.o)
                0xa000004c                __XC_UART
                0xa0000050                . = ALIGN (0x4)
                0xa0000050                _sdata_end = .

.lit8
 *(.lit8)

.lit4
 *(.lit4)
                0xa0000050                . = ALIGN (0x4)
                0xa0000050                _data_end = .
                0xa0000050                _bss_begin = .

.sbss           0xa0000050      0x104
                0xa0000050                _sbss_begin = .
 *(.dynsbss)
 *(.sbss .sbss.* .gnu.linkonce.sb.*)
 .sbss          0xa0000050        0x8 build/default/production/_ext/1954962658/Announce.o
 .sbss          0xa0000058        0x4 build/default/production/_ext/1954962658/ARP.o
 .sbss          0xa000005c       0x14 build/default/production/_ext/1954962658/DNS.o
 .sbss          0xa0000070       0x40 build/default/production/_ext/1954962658/ETHPIC32IntMac.o
                0xa000009c                _stackMgrRxOkPkts
                0xa00000a0                _stackMgrRxBadPkts
                0xa00000a4                _stackMgrInGetHdr
                0xa00000a8                _stackMgrRxDiscarded
                0xa00000ac                _stackMgrTxNotReady
 .sbss          0xa00000b0        0x4 build/default/production/_ext/1954962658/IP.o
 .sbss          0xa00000b4        0x8 build/default/production/_ext/1954962658/MPFS2.o
 .sbss          0xa00000bc       0x10 build/default/production/_ext/1954962658/SNTP.o
 .sbss          0xa00000cc        0x8 build/default/production/_ext/1954962658/StackTsk.o
 *fill*         0xa00000d4        0x4 
 .sbss          0xa00000d8       0x10 build/default/production/_ext/1954962658/Tick.o
 .sbss          0xa00000e8        0x8 build/default/production/_ext/1954962658/UDP.o
 .sbss          0xa00000f0       0x10 build/default/production/_ext/1472/VendingMachine.o
 .sbss          0xa0000100       0x20 c:/program files (x86)/microchip/xc32/v1.31/bin/../lib/gcc/pic32mx/4.5.2/../../../../pic32mx/lib/size\libmchp_peripheral_32MX795F512L.a(eth_descriptors_add_lib.o)
                0xa0000100                _EthTxFreeList
                0xa0000108                _EthTxBusyList
                0xa0000110                _EthRxFreeList
                0xa0000118                _EthRxBusyList
 .sbss          0xa0000120       0x10 c:/program files (x86)/microchip/xc32/v1.31/bin/../lib/gcc/pic32mx/4.5.2/../../../../pic32mx/lib/size\libc.a(malloc.o)
                0xa0000120                __allocp
                0xa0000124                __alloct
                0xa0000128                __allocx
 .sbss          0xa0000130        0x1 c:/program files (x86)/microchip/xc32/v1.31/bin/../lib/gcc/pic32mx/4.5.2/../../../../pic32mx/lib/size\libc.a(_iob.o)
                0xa0000130                _outdone
 *fill*         0xa0000131        0x3 
 .sbss          0xa0000134        0x8 c:/program files (x86)/microchip/xc32/v1.31/bin/../lib/gcc/pic32mx/4.5.2/../../../../pic32mx/lib/size\libpic32.a(sbrk.o)
                0xa0000134                _minbrk
                0xa0000138                _maxbrk
 .sbss          0xa000013c        0x4 c:/program files (x86)/microchip/xc32/v1.31/bin/../lib/gcc/pic32mx/4.5.2/../../../../pic32mx/lib/size\libpic32.a(errno.o)
                0xa000013c                errno
 *(.scommon)
 .scommon       0xa0000140        0x4 build/default/production/_ext/1954962658/ETHPIC32ExtPhy.o
                0xa0000140                _PhyAdd
 .scommon       0xa0000144        0x1 build/default/production/_ext/1954962658/HTTP2.o
                0xa0000144                curHTTPID
 *fill*         0xa0000145        0x1 
 .scommon       0xa0000146        0x5 build/default/production/_ext/1954962658/UDP.o
                0xa0000146                UDPRxCount
                0xa0000148                UDPTxCount
                0xa000014a                activeUDPSocket
 *fill*         0xa000014b        0x1 
 .scommon       0xa000014c        0x6 build/default/production/_ext/1472/VendingMachine.o
                0xa000014c                displayTimeout
                0xa0000150                curItem
                0xa0000151                curCredit
                0xa0000152                _sbss_end = .
                0xa0000154                . = ALIGN (0x4)
 *fill*         0xa0000152        0x2 

.bss            0xa0000154      0x264
 *(.dynbss)
 *(COMMON)
 COMMON         0xa0000154       0x40 build/default/production/_ext/1954962658/Hashes.o
                0xa0000154                lastBlock
 COMMON         0xa0000194       0x9c build/default/production/_ext/1954962658/HTTP2.o
                0xa0000194                curHTTP
                0xa0000220                httpStubs
 COMMON         0xa0000230       0x21 build/default/production/_ext/1954962658/LCDBlocking.o
                0xa0000230                LCDText
 *fill*         0xa0000251        0x3 
 COMMON         0xa0000254        0xa build/default/production/_ext/1954962658/StackTsk.o
                0xa0000254                remoteNode
 *fill*         0xa000025e        0x2 
 COMMON         0xa0000260       0xe0 build/default/production/_ext/1954962658/UDP.o
                0xa0000260                UDPSocketInfo
 COMMON         0xa0000340       0x77 build/default/production/_ext/1472/VendingMachine.o
                0xa0000340                temp_points
                0xa0000360                machineDesc
                0xa0000384                AppConfig
                0xa00003b8                . = ALIGN ((. != 0x0)?0x4:0x1)
 *fill*         0xa00003b7        0x1 
                0xa00003b8                . = ALIGN (0x4)
                0xa00003b8                _end = .
                0xa00003b8                _bss_end = .
                0x00020000                _bmxdudba_address = 0x20000
                0x00020000                _bmxdupba_address = 0x20000

/DISCARD/
 *(.pdr)
 *(.rel.dyn)
 *(.note.GNU-stack)
 *(.note.GNU-stack)
 *(.gnu_debuglink)
 *(.gnu.lto_*)
 *(.discard)

.gptab.sdata
 *(.gptab.data)
 *(.gptab.sdata)

.gptab.sbss
 *(.gptab.bss)
 *(.gptab.sbss)

.mdebug.abi32   0xa00003b8        0x0
 *(.mdebug.abi32)
 .mdebug.abi32  0xa00003b8        0x0 build/default/production/_ext/1954962658/Announce.o
 .mdebug.abi32  0xa00003b8        0x0 build/default/production/_ext/1954962658/ARCFOUR.o
 .mdebug.abi32  0xa00003b8        0x0 build/default/production/_ext/1954962658/ARP.o
 .mdebug.abi32  0xa00003b8        0x0 build/default/production/_ext/1954962658/AutoIP.o
 .mdebug.abi32  0xa00003b8        0x0 build/default/production/_ext/1954962658/BerkeleyAPI.o
 .mdebug.abi32  0xa00003b8        0x0 build/default/production/_ext/1954962658/BigInt.o
 .mdebug.abi32  0xa00003b8        0x0 build/default/production/_ext/1954962658/Delay.o
 .mdebug.abi32  0xa00003b8        0x0 build/default/production/_ext/1954962658/DHCP.o
 .mdebug.abi32  0xa00003b8        0x0 build/default/production/_ext/1954962658/DHCPs.o
 .mdebug.abi32  0xa00003b8        0x0 build/default/production/_ext/1954962658/DNS.o
 .mdebug.abi32  0xa00003b8        0x0 build/default/production/_ext/1954962658/DNSs.o
 .mdebug.abi32  0xa00003b8        0x0 build/default/production/_ext/1954962658/DynDNS.o
 .mdebug.abi32  0xa00003b8        0x0 build/default/production/_ext/1954962658/ETHPIC32ExtPhy.o
 .mdebug.abi32  0xa00003b8        0x0 build/default/production/_ext/1954962658/ETHPIC32IntMac.o
 .mdebug.abi32  0xa00003b8        0x0 build/default/production/_ext/1954962658/FileSystem.o
 .mdebug.abi32  0xa00003b8        0x0 build/default/production/_ext/1954962658/FTP.o
 .mdebug.abi32  0xa00003b8        0x0 build/default/production/_ext/1954962658/Hashes.o
 .mdebug.abi32  0xa00003b8        0x0 build/default/production/_ext/1954962658/Helpers.o
 .mdebug.abi32  0xa00003b8        0x0 build/default/production/_ext/1954962658/HTTP2.o
 .mdebug.abi32  0xa00003b8        0x0 build/default/production/_ext/1954962658/ICMP.o
 .mdebug.abi32  0xa00003b8        0x0 build/default/production/_ext/1954962658/IP.o
 .mdebug.abi32  0xa00003b8        0x0 build/default/production/_ext/1954962658/LCDBlocking.o
 .mdebug.abi32  0xa00003b8        0x0 build/default/production/_ext/1954962658/MPFS2.o
 .mdebug.abi32  0xa00003b8        0x0 build/default/production/_ext/1954962658/NBNS.o
 .mdebug.abi32  0xa00003b8        0x0 build/default/production/_ext/1954962658/Random.o
 .mdebug.abi32  0xa00003b8        0x0 build/default/production/_ext/1954962658/Reboot.o
 .mdebug.abi32  0xa00003b8        0x0 build/default/production/_ext/1954962658/RSA.o
 .mdebug.abi32  0xa00003b8        0x0 build/default/production/_ext/1954962658/SMTP.o
 .mdebug.abi32  0xa00003b8        0x0 build/default/production/_ext/1954962658/SNMP.o
 .mdebug.abi32  0xa00003b8        0x0 build/default/production/_ext/1954962658/SNMPv3.o
 .mdebug.abi32  0xa00003b8        0x0 build/default/production/_ext/1954962658/SNMPv3USM.o
 .mdebug.abi32  0xa00003b8        0x0 build/default/production/_ext/1954962658/SNTP.o
 .mdebug.abi32  0xa00003b8        0x0 build/default/production/_ext/1954962658/SPIEEPROM.o
 .mdebug.abi32  0xa00003b8        0x0 build/default/production/_ext/1954962658/SPIFlash.o
 .mdebug.abi32  0xa00003b8        0x0 build/default/production/_ext/1954962658/SPIRAM.o
 .mdebug.abi32  0xa00003b8        0x0 build/default/production/_ext/1954962658/SSL.o
 .mdebug.abi32  0xa00003b8        0x0 build/default/production/_ext/1954962658/StackTsk.o
 .mdebug.abi32  0xa00003b8        0x0 build/default/production/_ext/1954962658/TCP.o
 .mdebug.abi32  0xa00003b8        0x0 build/default/production/_ext/1954962658/TCPPerformanceTest.o
 .mdebug.abi32  0xa00003b8        0x0 build/default/production/_ext/1954962658/Telnet.o
 .mdebug.abi32  0xa00003b8        0x0 build/default/production/_ext/1954962658/TFTPc.o
 .mdebug.abi32  0xa00003b8        0x0 build/default/production/_ext/1954962658/Tick.o
 .mdebug.abi32  0xa00003b8        0x0 build/default/production/_ext/1954962658/UART2TCPBridge.o
 .mdebug.abi32  0xa00003b8        0x0 build/default/production/_ext/1954962658/UART.o
 .mdebug.abi32  0xa00003b8        0x0 build/default/production/_ext/1954962658/UDP.o
 .mdebug.abi32  0xa00003b8        0x0 build/default/production/_ext/1954962658/UDPPerformanceTest.o
 .mdebug.abi32  0xa00003b8        0x0 build/default/production/_ext/1954962658/ZeroconfHelper.o
 .mdebug.abi32  0xa00003b8        0x0 build/default/production/_ext/1954962658/ZeroconfLinkLocal.o
 .mdebug.abi32  0xa00003b8        0x0 build/default/production/_ext/1954962658/ZeroconfMulticastDNS.o
 .mdebug.abi32  0xa00003b8        0x0 build/default/production/_ext/1472/MPFSImg2.o
 .mdebug.abi32  0xa00003b8        0x0 build/default/production/_ext/1954962658/ETHPIC32ExtPhySMSC8720.o
 .mdebug.abi32  0xa00003b8        0x0 build/default/production/_ext/1472/CustomHTTPApp.o
 .mdebug.abi32  0xa00003b8        0x0 build/default/production/_ext/1472/VendingMachine.o
 .mdebug.abi32  0xa00003b8        0x0 c:/program files (x86)/microchip/xc32/v1.31/bin/../lib/gcc/pic32mx/4.5.2/../../../../pic32mx/lib/size\libmchp_peripheral.a(read_core_timer_lib.o)
 .mdebug.abi32  0xa00003b8        0x0 c:/program files (x86)/microchip/xc32/v1.31/bin/../lib/gcc/pic32mx/4.5.2/../../../../pic32mx/lib/size\libmchp_peripheral_32MX795F512L.a(eth_ack_packet_lib.o)
 .mdebug.abi32  0xa00003b8        0x0 c:/program files (x86)/microchip/xc32/v1.31/bin/../lib/gcc/pic32mx/4.5.2/../../../../pic32mx/lib/size\libmchp_peripheral_32MX795F512L.a(eth_descriptors_add_lib.o)
 .mdebug.abi32  0xa00003b8        0x0 c:/program files (x86)/microchip/xc32/v1.31/bin/../lib/gcc/pic32mx/4.5.2/../../../../pic32mx/lib/size\libmchp_peripheral_32MX795F512L.a(eth_init_lib.o)
 .mdebug.abi32  0xa00003b8        0x0 c:/program files (x86)/microchip/xc32/v1.31/bin/../lib/gcc/pic32mx/4.5.2/../../../../pic32mx/lib/size\libmchp_peripheral_32MX795F512L.a(eth_mac_open_lib.o)
 .mdebug.abi32  0xa00003b8        0x0 c:/program files (x86)/microchip/xc32/v1.31/bin/../lib/gcc/pic32mx/4.5.2/../../../../pic32mx/lib/size\libmchp_peripheral_32MX795F512L.a(eth_mac_set_address_max_lib.o)
 .mdebug.abi32  0xa00003b8        0x0 c:/program files (x86)/microchip/xc32/v1.31/bin/../lib/gcc/pic32mx/4.5.2/../../../../pic32mx/lib/size\libmchp_peripheral_32MX795F512L.a(eth_rx_buffers_append_lib.o)
 .mdebug.abi32  0xa00003b8        0x0 c:/program files (x86)/microchip/xc32/v1.31/bin/../lib/gcc/pic32mx/4.5.2/../../../../pic32mx/lib/size\libmchp_peripheral_32MX795F512L.a(eth_rx_filters_lib.o)
 .mdebug.abi32  0xa00003b8        0x0 c:/program files (x86)/microchip/xc32/v1.31/bin/../lib/gcc/pic32mx/4.5.2/../../../../pic32mx/lib/size\libmchp_peripheral_32MX795F512L.a(eth_rx_get_packet_lib.o)
 .mdebug.abi32  0xa00003b8        0x0 c:/program files (x86)/microchip/xc32/v1.31/bin/../lib/gcc/pic32mx/4.5.2/../../../../pic32mx/lib/size\libmchp_peripheral_32MX795F512L.a(eth_rx_set_buffer_size_lib.o)
 .mdebug.abi32  0xa00003b8        0x0 c:/program files (x86)/microchip/xc32/v1.31/bin/../lib/gcc/pic32mx/4.5.2/../../../../pic32mx/lib/size\libmchp_peripheral_32MX795F512L.a(eth_tx_packet_lib.o)
 .mdebug.abi32  0xa00003b8        0x0 c:/program files (x86)/microchip/xc32/v1.31/bin/../lib/gcc/pic32mx/4.5.2/../../../../pic32mx/lib/size\libmchp_peripheral_32MX795F512L.a(_eth_append_busy_list_lib.o)
 .mdebug.abi32  0xa00003b8        0x0 c:/program files (x86)/microchip/xc32/v1.31/bin/../lib/gcc/pic32mx/4.5.2/../../../../pic32mx/lib/size\libmchp_peripheral_32MX795F512L.a(eth_miim_access.o)
 .mdebug.abi32  0xa00003b8        0x0 c:/program files (x86)/microchip/xc32/v1.31/bin/../lib/gcc/pic32mx/4.5.2/../../../../pic32mx/lib/size\libmchp_peripheral_32MX795F512L.a(pcache.o)
 .mdebug.abi32  0xa00003b8        0x0 c:/program files (x86)/microchip/xc32/v1.31/bin/../lib/gcc/pic32mx/4.5.2/../../../../pic32mx/lib/size\libmchp_peripheral_32MX795F512L.a(int_disable_interrupts_lib.o)
 .mdebug.abi32  0xa00003b8        0x0 c:/program files (x86)/microchip/xc32/v1.31/bin/../lib/gcc/pic32mx/4.5.2/../../../../pic32mx/lib/size\libmchp_peripheral_32MX795F512L.a(int_restore_interrupts_lib.o)
 .mdebug.abi32  0xa00003b8        0x0 c:/program files (x86)/microchip/xc32/v1.31/bin/../lib/gcc/pic32mx/4.5.2/../../../../pic32mx/lib/size\libmchp_peripheral_32MX795F512L.a(int_enable_mv_int_lib.o)
 .mdebug.abi32  0xa00003b8        0x0 c:/program files (x86)/microchip/xc32/v1.31/bin/../lib/gcc/pic32mx/4.5.2/../../../../pic32mx/lib/size\libmchp_peripheral_32MX795F512L.a(int_tbl_lib.o)
 .mdebug.abi32  0xa00003b8        0x0 c:/program files (x86)/microchip/xc32/v1.31/bin/../lib/gcc/pic32mx/4.5.2/../../../../pic32mx/lib/size\libmchp_peripheral_32MX795F512L.a(port_set_pins_digital_in_lib.o)
 .mdebug.abi32  0xa00003b8        0x0 c:/program files (x86)/microchip/xc32/v1.31/bin/../lib/gcc/pic32mx/4.5.2/../../../../pic32mx/lib/size\libmchp_peripheral_32MX795F512L.a(port_set_pins_digital_out_lib.o)
 .mdebug.abi32  0xa00003b8        0x0 c:/program files (x86)/microchip/xc32/v1.31/bin/../lib/gcc/pic32mx/4.5.2/../../../../pic32mx/lib/size\libmchp_peripheral_32MX795F512L.a(_ports_tbl_libp.o)
 .mdebug.abi32  0xa00003b8        0x0 c:/program files (x86)/microchip/xc32/v1.31/bin/../lib/gcc/pic32mx/4.5.2/../../../../pic32mx/lib/size\libmchp_peripheral_32MX795F512L.a(int_enable_interrupts_lib.o)
 .mdebug.abi32  0xa00003b8        0x0 c:/program files (x86)/microchip/xc32/v1.31/bin/../lib/gcc/pic32mx/4.5.2/size\libgcc.a(_udivdi3.o)
 .mdebug.abi32  0xa00003b8        0x0 c:/program files (x86)/microchip/xc32/v1.31/bin/../lib/gcc/pic32mx/4.5.2/../../../../pic32mx/lib/size\libpic32.a(default-bootstrap-exception-handler.o)
 .mdebug.abi32  0xa00003b8        0x0 c:/program files (x86)/microchip/xc32/v1.31/bin/../lib/gcc/pic32mx/4.5.2/../../../../pic32mx/lib/size\libpic32.a(default-on-reset.o)
 .mdebug.abi32  0xa00003b8        0x0 c:/program files (x86)/microchip/xc32/v1.31/bin/../lib/gcc/pic32mx/4.5.2/../../../../pic32mx/lib/size\libpic32.a(default-on-bootstrap.o)
 .mdebug.abi32  0xa00003b8        0x0 c:/program files (x86)/microchip/xc32/v1.31/bin/../lib/gcc/pic32mx/4.5.2/../../../../pic32mx/lib/size\libpic32.a(default-general-exception-handler.o)
 .mdebug.abi32  0xa00003b8        0x0 c:/program files (x86)/microchip/xc32/v1.31/bin/../lib/gcc/pic32mx/4.5.2/../../../../pic32mx/lib/size\libpic32.a(defaultinterrupt.o)
 .mdebug.abi32  0xa00003b8        0x0 c:/program files (x86)/microchip/xc32/v1.31/bin/../lib/gcc/pic32mx/4.5.2/../../../../pic32mx/lib/size\libc.a(atol.o)
 .mdebug.abi32  0xa00003b8        0x0 c:/program files (x86)/microchip/xc32/v1.31/bin/../lib/gcc/pic32mx/4.5.2/../../../../pic32mx/lib/size\libc.a(calloc.o)
 .mdebug.abi32  0xa00003b8        0x0 c:/program files (x86)/microchip/xc32/v1.31/bin/../lib/gcc/pic32mx/4.5.2/../../../../pic32mx/lib/size\libc.a(ctype.o)
 .mdebug.abi32  0xa00003b8        0x0 c:/program files (x86)/microchip/xc32/v1.31/bin/../lib/gcc/pic32mx/4.5.2/../../../../pic32mx/lib/size\libc.a(malloc.o)
 .mdebug.abi32  0xa00003b8        0x0 c:/program files (x86)/microchip/xc32/v1.31/bin/../lib/gcc/pic32mx/4.5.2/../../../../pic32mx/lib/size\libc.a(strncpy.o)
 .mdebug.abi32  0xa00003b8        0x0 c:/program files (x86)/microchip/xc32/v1.31/bin/../lib/gcc/pic32mx/4.5.2/../../../../pic32mx/lib/size\libc.a(atof.o)
 .mdebug.abi32  0xa00003b8        0x0 c:/program files (x86)/microchip/xc32/v1.31/bin/../lib/gcc/pic32mx/4.5.2/../../../../pic32mx/lib/size\libc.a(sprintf_cdfFnopuxX.eo)
 .mdebug.abi32  0xa00003b8        0x0 c:/program files (x86)/microchip/xc32/v1.31/bin/../lib/gcc/pic32mx/4.5.2/../../../../pic32mx/lib/size\libc.a(strtof.o)
 .mdebug.abi32  0xa00003b8        0x0 c:/program files (x86)/microchip/xc32/v1.31/bin/../lib/gcc/pic32mx/4.5.2/../../../../pic32mx/lib/size\libc.a(doprnt_cdfFnopuxX.eo)
 .mdebug.abi32  0xa00003b8        0x0 c:/program files (x86)/microchip/xc32/v1.31/bin/../lib/gcc/pic32mx/4.5.2/../../../../pic32mx/lib/size\libc.a(_fputc_simple.o)
 .mdebug.abi32  0xa00003b8        0x0 c:/program files (x86)/microchip/xc32/v1.31/bin/../lib/gcc/pic32mx/4.5.2/../../../../pic32mx/lib/size\libc.a(powersf.o)
 .mdebug.abi32  0xa00003b8        0x0 c:/program files (x86)/microchip/xc32/v1.31/bin/../lib/gcc/pic32mx/4.5.2/../../../../pic32mx/lib/size\libc.a(_iob.o)
 .mdebug.abi32  0xa00003b8        0x0 c:/program files (x86)/microchip/xc32/v1.31/bin/../lib/gcc/pic32mx/4.5.2/../../../../pic32mx/lib/size\libc.a(_flsbuf_simple.o)
 .mdebug.abi32  0xa00003b8        0x0 c:/program files (x86)/microchip/xc32/v1.31/bin/../lib/gcc/pic32mx/4.5.2/../../../../pic32mx/lib/size\libpic32.a(sbrk.o)
 .mdebug.abi32  0xa00003b8        0x0 c:/program files (x86)/microchip/xc32/v1.31/bin/../lib/gcc/pic32mx/4.5.2/../../../../pic32mx/lib/size\libpic32.a(write.o)
 .mdebug.abi32  0xa00003b8        0x0 c:/program files (x86)/microchip/xc32/v1.31/bin/../lib/gcc/pic32mx/4.5.2/../../../../pic32mx/lib/size\libpic32.a(errno.o)
 .mdebug.abi32  0xa00003b8        0x0 c:/program files (x86)/microchip/xc32/v1.31/bin/../lib/gcc/pic32mx/4.5.2/../../../../pic32mx/lib/size\libpic32.a(_mon_putc.o)
 .mdebug.abi32  0xa00003b8        0x0 c:/program files (x86)/microchip/xc32/v1.31/bin/../lib/gcc/pic32mx/4.5.2/../../../../pic32mx/lib/size\libpic32.a(xc32_uart.o)
 .mdebug.abi32  0xa00003b8        0x0 c:/program files (x86)/microchip/xc32/v1.31/bin/../lib/gcc/pic32mx/4.5.2/../../../../pic32mx/lib/size\libe.a(_floatdisf.o)
 .mdebug.abi32  0xa00003b8        0x0 c:/program files (x86)/microchip/xc32/v1.31/bin/../lib/gcc/pic32mx/4.5.2/../../../../pic32mx/lib/size\libe.a(_strtof.o)
 .mdebug.abi32  0xa00003b8        0x0 c:/program files (x86)/microchip/xc32/v1.31/bin/../lib/gcc/pic32mx/4.5.2/../../../../pic32mx/lib/size\libe.a(_ldexpf.o)
 .mdebug.abi32  0xa00003b8        0x0 c:/program files (x86)/microchip/xc32/v1.31/bin/../lib/gcc/pic32mx/4.5.2/size\libgcc.a(_lshrdi3.o)
 .mdebug.abi32  0xa00003b8        0x0 c:/program files (x86)/microchip/xc32/v1.31/bin/../lib/gcc/pic32mx/4.5.2/size\libgcc.a(_floatundisf.o)
 .mdebug.abi32  0xa00003b8        0x0 c:/program files (x86)/microchip/xc32/v1.31/bin/../lib/gcc/pic32mx/4.5.2/size\libgcc.a(_umoddi3.o)
 .mdebug.abi32  0xa00003b8        0x0 c:/program files (x86)/microchip/xc32/v1.31/bin/../lib/gcc/pic32mx/4.5.2/size\libgcc.a(floatunsisf.o)

.mdebug.abiN32
 *(.mdebug.abiN32)

.mdebug.abi64
 *(.mdebug.abi64)

.mdebug.abiO64
 *(.mdebug.abiO64)

.mdebug.eabi32
 *(.mdebug.eabi32)

.mdebug.eabi64
 *(.mdebug.eabi64)

.gcc_compiled_long32
 *(.gcc_compiled_long32)

.gcc_compiled_long64
 *(.gcc_compiled_long64)

.stab
 *(.stab)

.stabstr
 *(.stabstr)

.stab.excl
 *(.stab.excl)

.stab.exclstr
 *(.stab.exclstr)

.stab.index
 *(.stab.index)

.stab.indexstr
 *(.stab.indexstr)

.comment        0x00000000      0x341
 *(.comment)
 .comment       0x00000000       0x3c build/default/production/_ext/1954962658/Announce.o
                                 0x3d (size before relaxing)
 .comment       0x00000000       0x3d build/default/production/_ext/1954962658/ARCFOUR.o
 .comment       0x00000000       0x3d build/default/production/_ext/1954962658/ARP.o
 .comment       0x00000000       0x3d build/default/production/_ext/1954962658/AutoIP.o
 .comment       0x00000000       0x3d build/default/production/_ext/1954962658/BerkeleyAPI.o
 .comment       0x00000000       0x3d build/default/production/_ext/1954962658/BigInt.o
 .comment       0x00000000       0x3d build/default/production/_ext/1954962658/Delay.o
 .comment       0x00000000       0x3d build/default/production/_ext/1954962658/DHCP.o
 .comment       0x00000000       0x3d build/default/production/_ext/1954962658/DHCPs.o
 .comment       0x00000000       0x3d build/default/production/_ext/1954962658/DNS.o
 .comment       0x00000000       0x3d build/default/production/_ext/1954962658/DNSs.o
 .comment       0x00000000       0x3d build/default/production/_ext/1954962658/DynDNS.o
 .comment       0x00000000       0x3d build/default/production/_ext/1954962658/ETHPIC32ExtPhy.o
 .comment       0x00000000       0x3d build/default/production/_ext/1954962658/ETHPIC32IntMac.o
 .comment       0x00000000       0x3d build/default/production/_ext/1954962658/FileSystem.o
 .comment       0x00000000       0x3d build/default/production/_ext/1954962658/FTP.o
 .comment       0x00000000       0x3d build/default/production/_ext/1954962658/Hashes.o
 .comment       0x00000000       0x3d build/default/production/_ext/1954962658/Helpers.o
 .comment       0x00000000       0x3d build/default/production/_ext/1954962658/HTTP2.o
 .comment       0x00000000       0x3d build/default/production/_ext/1954962658/ICMP.o
 .comment       0x00000000       0x3d build/default/production/_ext/1954962658/IP.o
 .comment       0x00000000       0x3d build/default/production/_ext/1954962658/LCDBlocking.o
 .comment       0x00000000       0x3d build/default/production/_ext/1954962658/MPFS2.o
 .comment       0x00000000       0x3d build/default/production/_ext/1954962658/NBNS.o
 .comment       0x00000000       0x3d build/default/production/_ext/1954962658/Random.o
 .comment       0x00000000       0x3d build/default/production/_ext/1954962658/Reboot.o
 .comment       0x00000000       0x3d build/default/production/_ext/1954962658/RSA.o
 .comment       0x00000000       0x3d build/default/production/_ext/1954962658/SMTP.o
 .comment       0x00000000       0x3d build/default/production/_ext/1954962658/SNMP.o
 .comment       0x00000000       0x3d build/default/production/_ext/1954962658/SNMPv3.o
 .comment       0x00000000       0x3d build/default/production/_ext/1954962658/SNMPv3USM.o
 .comment       0x00000000       0x3d build/default/production/_ext/1954962658/SNTP.o
 .comment       0x00000000       0x3d build/default/production/_ext/1954962658/SPIEEPROM.o
 .comment       0x00000000       0x3d build/default/production/_ext/1954962658/SPIFlash.o
 .comment       0x00000000       0x3d build/default/production/_ext/1954962658/SPIRAM.o
 .comment       0x00000000       0x3d build/default/production/_ext/1954962658/SSL.o
 .comment       0x00000000       0x3d build/default/production/_ext/1954962658/StackTsk.o
 .comment       0x00000000       0x3d build/default/production/_ext/1954962658/TCP.o
 .comment       0x00000000       0x3d build/default/production/_ext/1954962658/TCPPerformanceTest.o
 .comment       0x00000000       0x3d build/default/production/_ext/1954962658/Telnet.o
 .comment       0x00000000       0x3d build/default/production/_ext/1954962658/TFTPc.o
 .comment       0x00000000       0x3d build/default/production/_ext/1954962658/Tick.o
 .comment       0x00000000       0x3d build/default/production/_ext/1954962658/UART2TCPBridge.o
 .comment       0x00000000       0x3d build/default/production/_ext/1954962658/UART.o
 .comment       0x00000000       0x3d build/default/production/_ext/1954962658/UDP.o
 .comment       0x00000000       0x3d build/default/production/_ext/1954962658/UDPPerformanceTest.o
 .comment       0x00000000       0x3d build/default/production/_ext/1954962658/ZeroconfHelper.o
 .comment       0x00000000       0x3d build/default/production/_ext/1954962658/ZeroconfLinkLocal.o
 .comment       0x00000000       0x3d build/default/production/_ext/1954962658/ZeroconfMulticastDNS.o
 .comment       0x00000000       0x3d build/default/production/_ext/1472/MPFSImg2.o
 .comment       0x00000000       0x3d build/default/production/_ext/1954962658/ETHPIC32ExtPhySMSC8720.o
 .comment       0x00000000       0x3d build/default/production/_ext/1472/CustomHTTPApp.o
 .comment       0x00000000       0x3d build/default/production/_ext/1472/VendingMachine.o
 .comment       0x0000003c       0x3c c:/program files (x86)/microchip/xc32/v1.31/bin/../lib/gcc/pic32mx/4.5.2/../../../../pic32mx/lib/size\libmchp_peripheral.a(read_core_timer_lib.o)
                                 0x3d (size before relaxing)
 .comment       0x00000000       0x3d c:/program files (x86)/microchip/xc32/v1.31/bin/../lib/gcc/pic32mx/4.5.2/../../../../pic32mx/lib/size\libmchp_peripheral_32MX795F512L.a(eth_ack_packet_lib.o)
 .comment       0x00000000       0x3d c:/program files (x86)/microchip/xc32/v1.31/bin/../lib/gcc/pic32mx/4.5.2/../../../../pic32mx/lib/size\libmchp_peripheral_32MX795F512L.a(eth_descriptors_add_lib.o)
 .comment       0x00000000       0x3d c:/program files (x86)/microchip/xc32/v1.31/bin/../lib/gcc/pic32mx/4.5.2/../../../../pic32mx/lib/size\libmchp_peripheral_32MX795F512L.a(eth_init_lib.o)
 .comment       0x00000000       0x3d c:/program files (x86)/microchip/xc32/v1.31/bin/../lib/gcc/pic32mx/4.5.2/../../../../pic32mx/lib/size\libmchp_peripheral_32MX795F512L.a(eth_mac_open_lib.o)
 .comment       0x00000000       0x3d c:/program files (x86)/microchip/xc32/v1.31/bin/../lib/gcc/pic32mx/4.5.2/../../../../pic32mx/lib/size\libmchp_peripheral_32MX795F512L.a(eth_mac_set_address_max_lib.o)
 .comment       0x00000000       0x3d c:/program files (x86)/microchip/xc32/v1.31/bin/../lib/gcc/pic32mx/4.5.2/../../../../pic32mx/lib/size\libmchp_peripheral_32MX795F512L.a(eth_rx_buffers_append_lib.o)
 .comment       0x00000000       0x3d c:/program files (x86)/microchip/xc32/v1.31/bin/../lib/gcc/pic32mx/4.5.2/../../../../pic32mx/lib/size\libmchp_peripheral_32MX795F512L.a(eth_rx_filters_lib.o)
 .comment       0x00000000       0x3d c:/program files (x86)/microchip/xc32/v1.31/bin/../lib/gcc/pic32mx/4.5.2/../../../../pic32mx/lib/size\libmchp_peripheral_32MX795F512L.a(eth_rx_get_packet_lib.o)
 .comment       0x00000000       0x3d c:/program files (x86)/microchip/xc32/v1.31/bin/../lib/gcc/pic32mx/4.5.2/../../../../pic32mx/lib/size\libmchp_peripheral_32MX795F512L.a(eth_rx_set_buffer_size_lib.o)
 .comment       0x00000000       0x3d c:/program files (x86)/microchip/xc32/v1.31/bin/../lib/gcc/pic32mx/4.5.2/../../../../pic32mx/lib/size\libmchp_peripheral_32MX795F512L.a(eth_tx_packet_lib.o)
 .comment       0x00000000       0x3d c:/program files (x86)/microchip/xc32/v1.31/bin/../lib/gcc/pic32mx/4.5.2/../../../../pic32mx/lib/size\libmchp_peripheral_32MX795F512L.a(_eth_append_busy_list_lib.o)
 .comment       0x00000000       0x3d c:/program files (x86)/microchip/xc32/v1.31/bin/../lib/gcc/pic32mx/4.5.2/../../../../pic32mx/lib/size\libmchp_peripheral_32MX795F512L.a(eth_miim_access.o)
 .comment       0x00000000       0x3d c:/program files (x86)/microchip/xc32/v1.31/bin/../lib/gcc/pic32mx/4.5.2/../../../../pic32mx/lib/size\libmchp_peripheral_32MX795F512L.a(pcache.o)
 .comment       0x00000000       0x3d c:/program files (x86)/microchip/xc32/v1.31/bin/../lib/gcc/pic32mx/4.5.2/../../../../pic32mx/lib/size\libmchp_peripheral_32MX795F512L.a(int_disable_interrupts_lib.o)
 .comment       0x00000000       0x3d c:/program files (x86)/microchip/xc32/v1.31/bin/../lib/gcc/pic32mx/4.5.2/../../../../pic32mx/lib/size\libmchp_peripheral_32MX795F512L.a(int_restore_interrupts_lib.o)
 .comment       0x00000000       0x3d c:/program files (x86)/microchip/xc32/v1.31/bin/../lib/gcc/pic32mx/4.5.2/../../../../pic32mx/lib/size\libmchp_peripheral_32MX795F512L.a(int_enable_mv_int_lib.o)
 .comment       0x00000000       0x3d c:/program files (x86)/microchip/xc32/v1.31/bin/../lib/gcc/pic32mx/4.5.2/../../../../pic32mx/lib/size\libmchp_peripheral_32MX795F512L.a(int_tbl_lib.o)
 .comment       0x00000000       0x3d c:/program files (x86)/microchip/xc32/v1.31/bin/../lib/gcc/pic32mx/4.5.2/../../../../pic32mx/lib/size\libmchp_peripheral_32MX795F512L.a(port_set_pins_digital_in_lib.o)
 .comment       0x00000000       0x3d c:/program files (x86)/microchip/xc32/v1.31/bin/../lib/gcc/pic32mx/4.5.2/../../../../pic32mx/lib/size\libmchp_peripheral_32MX795F512L.a(port_set_pins_digital_out_lib.o)
 .comment       0x00000000       0x3d c:/program files (x86)/microchip/xc32/v1.31/bin/../lib/gcc/pic32mx/4.5.2/../../../../pic32mx/lib/size\libmchp_peripheral_32MX795F512L.a(_ports_tbl_libp.o)
 .comment       0x00000000       0x3d c:/program files (x86)/microchip/xc32/v1.31/bin/../lib/gcc/pic32mx/4.5.2/../../../../pic32mx/lib/size\libmchp_peripheral_32MX795F512L.a(int_enable_interrupts_lib.o)
 .comment       0x00000078       0x3c c:/program files (x86)/microchip/xc32/v1.31/bin/../lib/gcc/pic32mx/4.5.2/size\libgcc.a(_udivdi3.o)
                                 0x3d (size before relaxing)
 .comment       0x000000b4       0x18 c:/program files (x86)/microchip/xc32/v1.31/bin/../lib/gcc/pic32mx/4.5.2/../../../../pic32mx/lib/size\libpic32.a(memcmp.o)
                                 0x19 (size before relaxing)
 .comment       0x000000cc       0x18 c:/program files (x86)/microchip/xc32/v1.31/bin/../lib/gcc/pic32mx/4.5.2/../../../../pic32mx/lib/size\libpic32.a(memset.o)
                                 0x19 (size before relaxing)
 .comment       0x000000e4       0x55 c:/program files (x86)/microchip/xc32/v1.31/bin/../lib/gcc/pic32mx/4.5.2/../../../../pic32mx/lib/size\libpic32.a(strcmp.o)
                                 0x56 (size before relaxing)
 .comment       0x00000139       0x19 c:/program files (x86)/microchip/xc32/v1.31/bin/../lib/gcc/pic32mx/4.5.2/../../../../pic32mx/lib/size\libpic32.a(strcpy.o)
                                 0x1a (size before relaxing)
 .comment       0x00000152       0x19 c:/program files (x86)/microchip/xc32/v1.31/bin/../lib/gcc/pic32mx/4.5.2/../../../../pic32mx/lib/size\libpic32.a(strlen.o)
                                 0x1a (size before relaxing)
 .comment       0x00000000       0x3d c:/program files (x86)/microchip/xc32/v1.31/bin/../lib/gcc/pic32mx/4.5.2/../../../../pic32mx/lib/size\libpic32.a(default-bootstrap-exception-handler.o)
 .comment       0x00000000       0x3d c:/program files (x86)/microchip/xc32/v1.31/bin/../lib/gcc/pic32mx/4.5.2/../../../../pic32mx/lib/size\libpic32.a(default-on-reset.o)
 .comment       0x00000000       0x3d c:/program files (x86)/microchip/xc32/v1.31/bin/../lib/gcc/pic32mx/4.5.2/../../../../pic32mx/lib/size\libpic32.a(default-on-bootstrap.o)
 .comment       0x00000000       0x3d c:/program files (x86)/microchip/xc32/v1.31/bin/../lib/gcc/pic32mx/4.5.2/../../../../pic32mx/lib/size\libpic32.a(default-general-exception-handler.o)
 .comment       0x00000000       0x3d c:/program files (x86)/microchip/xc32/v1.31/bin/../lib/gcc/pic32mx/4.5.2/../../../../pic32mx/lib/size\libpic32.a(defaultinterrupt.o)
 .comment       0x00000000       0x3d c:/program files (x86)/microchip/xc32/v1.31/bin/../lib/gcc/pic32mx/4.5.2/../../../../pic32mx/lib/size\libc.a(atol.o)
 .comment       0x00000000       0x3d c:/program files (x86)/microchip/xc32/v1.31/bin/../lib/gcc/pic32mx/4.5.2/../../../../pic32mx/lib/size\libc.a(calloc.o)
 .comment       0x0000016b       0x4e c:/program files (x86)/microchip/xc32/v1.31/bin/../lib/gcc/pic32mx/4.5.2/../../../../pic32mx/lib/size\libc.a(ctype.o)
                                 0x8b (size before relaxing)
 .comment       0x00000000       0x3d c:/program files (x86)/microchip/xc32/v1.31/bin/../lib/gcc/pic32mx/4.5.2/../../../../pic32mx/lib/size\libc.a(malloc.o)
 .comment       0x00000000       0x3d c:/program files (x86)/microchip/xc32/v1.31/bin/../lib/gcc/pic32mx/4.5.2/../../../../pic32mx/lib/size\libc.a(strncpy.o)
 .comment       0x00000000       0x3d c:/program files (x86)/microchip/xc32/v1.31/bin/../lib/gcc/pic32mx/4.5.2/../../../../pic32mx/lib/size\libc.a(atof.o)
 .comment       0x00000000       0x3d c:/program files (x86)/microchip/xc32/v1.31/bin/../lib/gcc/pic32mx/4.5.2/../../../../pic32mx/lib/size\libc.a(sprintf_cdfFnopuxX.eo)
 .comment       0x00000000       0x3d c:/program files (x86)/microchip/xc32/v1.31/bin/../lib/gcc/pic32mx/4.5.2/../../../../pic32mx/lib/size\libc.a(strtof.o)
 .comment       0x00000000       0x3d c:/program files (x86)/microchip/xc32/v1.31/bin/../lib/gcc/pic32mx/4.5.2/../../../../pic32mx/lib/size\libc.a(doprnt_cdfFnopuxX.eo)
 .comment       0x00000000       0x3d c:/program files (x86)/microchip/xc32/v1.31/bin/../lib/gcc/pic32mx/4.5.2/../../../../pic32mx/lib/size\libc.a(_fputc_simple.o)
 .comment       0x00000000       0x3d c:/program files (x86)/microchip/xc32/v1.31/bin/../lib/gcc/pic32mx/4.5.2/../../../../pic32mx/lib/size\libc.a(powersf.o)
 .comment       0x00000000       0x3d c:/program files (x86)/microchip/xc32/v1.31/bin/../lib/gcc/pic32mx/4.5.2/../../../../pic32mx/lib/size\libc.a(_iob.o)
 .comment       0x00000000       0x3d c:/program files (x86)/microchip/xc32/v1.31/bin/../lib/gcc/pic32mx/4.5.2/../../../../pic32mx/lib/size\libc.a(_flsbuf_simple.o)
 .comment       0x000001b9       0x4b c:/program files (x86)/microchip/xc32/v1.31/bin/../lib/gcc/pic32mx/4.5.2/../../../../pic32mx/lib/size\libpic32.a(sbrk.o)
                                 0x88 (size before relaxing)
 .comment       0x00000000       0x3d c:/program files (x86)/microchip/xc32/v1.31/bin/../lib/gcc/pic32mx/4.5.2/../../../../pic32mx/lib/size\libpic32.a(write.o)
 .comment       0x00000000       0x3d c:/program files (x86)/microchip/xc32/v1.31/bin/../lib/gcc/pic32mx/4.5.2/../../../../pic32mx/lib/size\libpic32.a(errno.o)
 .comment       0x00000000       0x3d c:/program files (x86)/microchip/xc32/v1.31/bin/../lib/gcc/pic32mx/4.5.2/../../../../pic32mx/lib/size\libpic32.a(_mon_putc.o)
 .comment       0x00000000       0x3d c:/program files (x86)/microchip/xc32/v1.31/bin/../lib/gcc/pic32mx/4.5.2/../../../../pic32mx/lib/size\libpic32.a(xc32_uart.o)
 .comment       0x00000204       0x9e c:/program files (x86)/microchip/xc32/v1.31/bin/../lib/gcc/pic32mx/4.5.2/../../../../pic32mx/lib/size\libe.a(_floatdisf.o)
                                 0xdb (size before relaxing)
 .comment       0x000002a2       0x4f c:/program files (x86)/microchip/xc32/v1.31/bin/../lib/gcc/pic32mx/4.5.2/../../../../pic32mx/lib/size\libe.a(_strtof.o)
                                 0xda (size before relaxing)
 .comment       0x000002f1       0x50 c:/program files (x86)/microchip/xc32/v1.31/bin/../lib/gcc/pic32mx/4.5.2/../../../../pic32mx/lib/size\libe.a(_ldexpf.o)
                                 0xdb (size before relaxing)
 .comment       0x00000000       0x3d c:/program files (x86)/microchip/xc32/v1.31/bin/../lib/gcc/pic32mx/4.5.2/size\libgcc.a(_lshrdi3.o)
 .comment       0x00000000       0x3d c:/program files (x86)/microchip/xc32/v1.31/bin/../lib/gcc/pic32mx/4.5.2/size\libgcc.a(_floatundisf.o)
 .comment       0x00000000       0x3d c:/program files (x86)/microchip/xc32/v1.31/bin/../lib/gcc/pic32mx/4.5.2/size\libgcc.a(_umoddi3.o)
 .comment       0x00000000       0x3d c:/program files (x86)/microchip/xc32/v1.31/bin/../lib/gcc/pic32mx/4.5.2/size\libgcc.a(floatunsisf.o)

.debug
 *(.debug)

.line
 *(.line)

.debug_srcinfo
 *(.debug_srcinfo)

.debug_sfnames
 *(.debug_sfnames)

.debug_aranges  0x00000000      0x9c8
 *(.debug_aranges)
 .debug_aranges
                0x00000000       0x20 build/default/production/_ext/1954962658/Announce.o
 .debug_aranges
                0x00000020       0x20 build/default/production/_ext/1954962658/ARP.o
 .debug_aranges
                0x00000040       0x20 build/default/production/_ext/1954962658/Delay.o
 .debug_aranges
                0x00000060       0x20 build/default/production/_ext/1954962658/DNS.o
 .debug_aranges
                0x00000080       0x20 build/default/production/_ext/1954962658/ETHPIC32ExtPhy.o
 .debug_aranges
                0x000000a0       0x20 build/default/production/_ext/1954962658/ETHPIC32IntMac.o
 .debug_aranges
                0x000000c0       0x20 build/default/production/_ext/1954962658/Hashes.o
 .debug_aranges
                0x000000e0       0x20 build/default/production/_ext/1954962658/Helpers.o
 .debug_aranges
                0x00000100       0x20 build/default/production/_ext/1954962658/HTTP2.o
 .debug_aranges
                0x00000120       0x20 build/default/production/_ext/1954962658/ICMP.o
 .debug_aranges
                0x00000140       0x20 build/default/production/_ext/1954962658/IP.o
 .debug_aranges
                0x00000160       0x20 build/default/production/_ext/1954962658/LCDBlocking.o
 .debug_aranges
                0x00000180       0x20 build/default/production/_ext/1954962658/MPFS2.o
 .debug_aranges
                0x000001a0       0x20 build/default/production/_ext/1954962658/SNTP.o
 .debug_aranges
                0x000001c0       0x20 build/default/production/_ext/1954962658/StackTsk.o
 .debug_aranges
                0x000001e0       0x20 build/default/production/_ext/1954962658/TCP.o
 .debug_aranges
                0x00000200       0x20 build/default/production/_ext/1954962658/Tick.o
 .debug_aranges
                0x00000220       0x20 build/default/production/_ext/1954962658/UDP.o
 .debug_aranges
                0x00000240       0x20 build/default/production/_ext/1954962658/ETHPIC32ExtPhySMSC8720.o
 .debug_aranges
                0x00000260       0x20 build/default/production/_ext/1472/CustomHTTPApp.o
 .debug_aranges
                0x00000280       0x20 build/default/production/_ext/1472/VendingMachine.o
 .debug_aranges
                0x000002a0       0x20 c:/program files (x86)/microchip/xc32/v1.31/bin/../lib/gcc/pic32mx/4.5.2/../../../../pic32mx/lib/size\libmchp_peripheral.a(read_core_timer_lib.o)
 .debug_aranges
                0x000002c0       0x48 c:/program files (x86)/microchip/xc32/v1.31/bin/../lib/gcc/pic32mx/4.5.2/../../../../pic32mx/lib/size\libmchp_peripheral_32MX795F512L.a(eth_ack_packet_lib.o)
 .debug_aranges
                0x00000308       0x28 c:/program files (x86)/microchip/xc32/v1.31/bin/../lib/gcc/pic32mx/4.5.2/../../../../pic32mx/lib/size\libmchp_peripheral_32MX795F512L.a(eth_descriptors_add_lib.o)
 .debug_aranges
                0x00000330       0x20 c:/program files (x86)/microchip/xc32/v1.31/bin/../lib/gcc/pic32mx/4.5.2/../../../../pic32mx/lib/size\libmchp_peripheral_32MX795F512L.a(eth_init_lib.o)
 .debug_aranges
                0x00000350       0x20 c:/program files (x86)/microchip/xc32/v1.31/bin/../lib/gcc/pic32mx/4.5.2/../../../../pic32mx/lib/size\libmchp_peripheral_32MX795F512L.a(eth_mac_open_lib.o)
 .debug_aranges
                0x00000370       0x30 c:/program files (x86)/microchip/xc32/v1.31/bin/../lib/gcc/pic32mx/4.5.2/../../../../pic32mx/lib/size\libmchp_peripheral_32MX795F512L.a(eth_mac_set_address_max_lib.o)
 .debug_aranges
                0x000003a0       0x20 c:/program files (x86)/microchip/xc32/v1.31/bin/../lib/gcc/pic32mx/4.5.2/../../../../pic32mx/lib/size\libmchp_peripheral_32MX795F512L.a(eth_rx_buffers_append_lib.o)
 .debug_aranges
                0x000003c0       0x48 c:/program files (x86)/microchip/xc32/v1.31/bin/../lib/gcc/pic32mx/4.5.2/../../../../pic32mx/lib/size\libmchp_peripheral_32MX795F512L.a(eth_rx_filters_lib.o)
 .debug_aranges
                0x00000408       0x28 c:/program files (x86)/microchip/xc32/v1.31/bin/../lib/gcc/pic32mx/4.5.2/../../../../pic32mx/lib/size\libmchp_peripheral_32MX795F512L.a(eth_rx_get_packet_lib.o)
 .debug_aranges
                0x00000430       0x20 c:/program files (x86)/microchip/xc32/v1.31/bin/../lib/gcc/pic32mx/4.5.2/../../../../pic32mx/lib/size\libmchp_peripheral_32MX795F512L.a(eth_rx_set_buffer_size_lib.o)
 .debug_aranges
                0x00000450       0x48 c:/program files (x86)/microchip/xc32/v1.31/bin/../lib/gcc/pic32mx/4.5.2/../../../../pic32mx/lib/size\libmchp_peripheral_32MX795F512L.a(eth_tx_packet_lib.o)
 .debug_aranges
                0x00000498       0x20 c:/program files (x86)/microchip/xc32/v1.31/bin/../lib/gcc/pic32mx/4.5.2/../../../../pic32mx/lib/size\libmchp_peripheral_32MX795F512L.a(_eth_append_busy_list_lib.o)
 .debug_aranges
                0x000004b8       0x48 c:/program files (x86)/microchip/xc32/v1.31/bin/../lib/gcc/pic32mx/4.5.2/../../../../pic32mx/lib/size\libmchp_peripheral_32MX795F512L.a(eth_miim_access.o)
 .debug_aranges
                0x00000500       0x28 c:/program files (x86)/microchip/xc32/v1.31/bin/../lib/gcc/pic32mx/4.5.2/../../../../pic32mx/lib/size\libmchp_peripheral_32MX795F512L.a(pcache.o)
 .debug_aranges
                0x00000528       0x20 c:/program files (x86)/microchip/xc32/v1.31/bin/../lib/gcc/pic32mx/4.5.2/../../../../pic32mx/lib/size\libmchp_peripheral_32MX795F512L.a(int_disable_interrupts_lib.o)
 .debug_aranges
                0x00000548       0x20 c:/program files (x86)/microchip/xc32/v1.31/bin/../lib/gcc/pic32mx/4.5.2/../../../../pic32mx/lib/size\libmchp_peripheral_32MX795F512L.a(int_restore_interrupts_lib.o)
 .debug_aranges
                0x00000568       0x20 c:/program files (x86)/microchip/xc32/v1.31/bin/../lib/gcc/pic32mx/4.5.2/../../../../pic32mx/lib/size\libmchp_peripheral_32MX795F512L.a(int_enable_mv_int_lib.o)
 .debug_aranges
                0x00000588       0x60 c:/program files (x86)/microchip/xc32/v1.31/bin/../lib/gcc/pic32mx/4.5.2/../../../../pic32mx/lib/size\libmchp_peripheral_32MX795F512L.a(int_tbl_lib.o)
 .debug_aranges
                0x000005e8       0x20 c:/program files (x86)/microchip/xc32/v1.31/bin/../lib/gcc/pic32mx/4.5.2/../../../../pic32mx/lib/size\libmchp_peripheral_32MX795F512L.a(port_set_pins_digital_in_lib.o)
 .debug_aranges
                0x00000608       0x20 c:/program files (x86)/microchip/xc32/v1.31/bin/../lib/gcc/pic32mx/4.5.2/../../../../pic32mx/lib/size\libmchp_peripheral_32MX795F512L.a(port_set_pins_digital_out_lib.o)
 .debug_aranges
                0x00000628       0x20 c:/program files (x86)/microchip/xc32/v1.31/bin/../lib/gcc/pic32mx/4.5.2/../../../../pic32mx/lib/size\libmchp_peripheral_32MX795F512L.a(int_enable_interrupts_lib.o)
 .debug_aranges
                0x00000648       0x20 c:/program files (x86)/microchip/xc32/v1.31/bin/../lib/gcc/pic32mx/4.5.2/size\libgcc.a(_udivdi3.o)
 .debug_aranges
                0x00000668       0x20 c:/program files (x86)/microchip/xc32/v1.31/bin/../lib/gcc/pic32mx/4.5.2/../../../../pic32mx/lib/size\libpic32.a(default-bootstrap-exception-handler.o)
 .debug_aranges
                0x00000688       0x20 c:/program files (x86)/microchip/xc32/v1.31/bin/../lib/gcc/pic32mx/4.5.2/../../../../pic32mx/lib/size\libpic32.a(default-on-reset.o)
 .debug_aranges
                0x000006a8       0x20 c:/program files (x86)/microchip/xc32/v1.31/bin/../lib/gcc/pic32mx/4.5.2/../../../../pic32mx/lib/size\libpic32.a(default-on-bootstrap.o)
 .debug_aranges
                0x000006c8       0x20 c:/program files (x86)/microchip/xc32/v1.31/bin/../lib/gcc/pic32mx/4.5.2/../../../../pic32mx/lib/size\libpic32.a(default-general-exception-handler.o)
 .debug_aranges
                0x000006e8       0x20 c:/program files (x86)/microchip/xc32/v1.31/bin/../lib/gcc/pic32mx/4.5.2/../../../../pic32mx/lib/size\libpic32.a(defaultinterrupt.o)
 .debug_aranges
                0x00000708       0x20 c:/program files (x86)/microchip/xc32/v1.31/bin/../lib/gcc/pic32mx/4.5.2/../../../../pic32mx/lib/size\libc.a(atol.o)
 .debug_aranges
                0x00000728       0x20 c:/program files (x86)/microchip/xc32/v1.31/bin/../lib/gcc/pic32mx/4.5.2/../../../../pic32mx/lib/size\libc.a(calloc.o)
 .debug_aranges
                0x00000748       0x30 c:/program files (x86)/microchip/xc32/v1.31/bin/../lib/gcc/pic32mx/4.5.2/../../../../pic32mx/lib/size\libc.a(malloc.o)
 .debug_aranges
                0x00000778       0x20 c:/program files (x86)/microchip/xc32/v1.31/bin/../lib/gcc/pic32mx/4.5.2/../../../../pic32mx/lib/size\libc.a(strncpy.o)
 .debug_aranges
                0x00000798       0x20 c:/program files (x86)/microchip/xc32/v1.31/bin/../lib/gcc/pic32mx/4.5.2/../../../../pic32mx/lib/size\libc.a(atof.o)
 .debug_aranges
                0x000007b8       0x20 c:/program files (x86)/microchip/xc32/v1.31/bin/../lib/gcc/pic32mx/4.5.2/../../../../pic32mx/lib/size\libc.a(sprintf_cdfFnopuxX.eo)
 .debug_aranges
                0x000007d8       0x28 c:/program files (x86)/microchip/xc32/v1.31/bin/../lib/gcc/pic32mx/4.5.2/../../../../pic32mx/lib/size\libc.a(strtof.o)
 .debug_aranges
                0x00000800       0x28 c:/program files (x86)/microchip/xc32/v1.31/bin/../lib/gcc/pic32mx/4.5.2/../../../../pic32mx/lib/size\libc.a(doprnt_cdfFnopuxX.eo)
 .debug_aranges
                0x00000828       0x20 c:/program files (x86)/microchip/xc32/v1.31/bin/../lib/gcc/pic32mx/4.5.2/../../../../pic32mx/lib/size\libc.a(_fputc_simple.o)
 .debug_aranges
                0x00000848       0x20 c:/program files (x86)/microchip/xc32/v1.31/bin/../lib/gcc/pic32mx/4.5.2/../../../../pic32mx/lib/size\libc.a(_flsbuf_simple.o)
 .debug_aranges
                0x00000868       0x40 c:/program files (x86)/microchip/xc32/v1.31/bin/../lib/gcc/pic32mx/4.5.2/../../../../pic32mx/lib/size\libpic32.a(sbrk.o)
 .debug_aranges
                0x000008a8       0x20 c:/program files (x86)/microchip/xc32/v1.31/bin/../lib/gcc/pic32mx/4.5.2/../../../../pic32mx/lib/size\libpic32.a(write.o)
 .debug_aranges
                0x000008c8       0x20 c:/program files (x86)/microchip/xc32/v1.31/bin/../lib/gcc/pic32mx/4.5.2/../../../../pic32mx/lib/size\libpic32.a(_mon_putc.o)
 .debug_aranges
                0x000008e8       0x20 c:/program files (x86)/microchip/xc32/v1.31/bin/../lib/gcc/pic32mx/4.5.2/../../../../pic32mx/lib/size\libe.a(_floatdisf.o)
 .debug_aranges
                0x00000908       0x20 c:/program files (x86)/microchip/xc32/v1.31/bin/../lib/gcc/pic32mx/4.5.2/../../../../pic32mx/lib/size\libe.a(_strtof.o)
 .debug_aranges
                0x00000928       0x20 c:/program files (x86)/microchip/xc32/v1.31/bin/../lib/gcc/pic32mx/4.5.2/../../../../pic32mx/lib/size\libe.a(_ldexpf.o)
 .debug_aranges
                0x00000948       0x20 c:/program files (x86)/microchip/xc32/v1.31/bin/../lib/gcc/pic32mx/4.5.2/size\libgcc.a(_lshrdi3.o)
 .debug_aranges
                0x00000968       0x20 c:/program files (x86)/microchip/xc32/v1.31/bin/../lib/gcc/pic32mx/4.5.2/size\libgcc.a(_floatundisf.o)
 .debug_aranges
                0x00000988       0x20 c:/program files (x86)/microchip/xc32/v1.31/bin/../lib/gcc/pic32mx/4.5.2/size\libgcc.a(_umoddi3.o)
 .debug_aranges
                0x000009a8       0x20 c:/program files (x86)/microchip/xc32/v1.31/bin/../lib/gcc/pic32mx/4.5.2/size\libgcc.a(floatunsisf.o)

.debug_pubnames
                0x00000000     0x187f
 *(.debug_pubnames)
 .debug_pubnames
                0x00000000       0x33 build/default/production/_ext/1954962658/Announce.o
 .debug_pubnames
                0x00000033       0x6f build/default/production/_ext/1954962658/ARP.o
 .debug_pubnames
                0x000000a2       0x2c build/default/production/_ext/1954962658/Delay.o
 .debug_pubnames
                0x000000ce       0x55 build/default/production/_ext/1954962658/DNS.o
 .debug_pubnames
                0x00000123      0x110 build/default/production/_ext/1954962658/ETHPIC32ExtPhy.o
 .debug_pubnames
                0x00000233      0x213 build/default/production/_ext/1954962658/ETHPIC32IntMac.o
 .debug_pubnames
                0x00000446       0x62 build/default/production/_ext/1954962658/Hashes.o
 .debug_pubnames
                0x000004a8      0x11b build/default/production/_ext/1954962658/Helpers.o
 .debug_pubnames
                0x000005c3       0xcf build/default/production/_ext/1954962658/HTTP2.o
 .debug_pubnames
                0x00000692       0x22 build/default/production/_ext/1954962658/ICMP.o
 .debug_pubnames
                0x000006b4       0x44 build/default/production/_ext/1954962658/IP.o
 .debug_pubnames
                0x000006f8       0x45 build/default/production/_ext/1954962658/LCDBlocking.o
 .debug_pubnames
                0x0000073d      0x140 build/default/production/_ext/1954962658/MPFS2.o
 .debug_pubnames
                0x0000087d       0x37 build/default/production/_ext/1954962658/SNTP.o
 .debug_pubnames
                0x000008b4       0x53 build/default/production/_ext/1954962658/StackTsk.o
 .debug_pubnames
                0x00000907      0x1ba build/default/production/_ext/1954962658/TCP.o
 .debug_pubnames
                0x00000ac1       0x7e build/default/production/_ext/1954962658/Tick.o
 .debug_pubnames
                0x00000b3f      0x155 build/default/production/_ext/1954962658/UDP.o
 .debug_pubnames
                0x00000c94       0x21 build/default/production/_ext/1472/MPFSImg2.o
 .debug_pubnames
                0x00000cb5       0x6b build/default/production/_ext/1954962658/ETHPIC32ExtPhySMSC8720.o
 .debug_pubnames
                0x00000d20      0x124 build/default/production/_ext/1472/CustomHTTPApp.o
 .debug_pubnames
                0x00000e44       0xac build/default/production/_ext/1472/VendingMachine.o
 .debug_pubnames
                0x00000ef0       0x24 c:/program files (x86)/microchip/xc32/v1.31/bin/../lib/gcc/pic32mx/4.5.2/../../../../pic32mx/lib/size\libmchp_peripheral.a(read_core_timer_lib.o)
 .debug_pubnames
                0x00000f14       0x80 c:/program files (x86)/microchip/xc32/v1.31/bin/../lib/gcc/pic32mx/4.5.2/../../../../pic32mx/lib/size\libmchp_peripheral_32MX795F512L.a(eth_ack_packet_lib.o)
 .debug_pubnames
                0x00000f94       0x42 c:/program files (x86)/microchip/xc32/v1.31/bin/../lib/gcc/pic32mx/4.5.2/../../../../pic32mx/lib/size\libmchp_peripheral_32MX795F512L.a(eth_descriptors_add_lib.o)
 .debug_pubnames
                0x00000fd6       0x1e c:/program files (x86)/microchip/xc32/v1.31/bin/../lib/gcc/pic32mx/4.5.2/../../../../pic32mx/lib/size\libmchp_peripheral_32MX795F512L.a(eth_init_lib.o)
 .debug_pubnames
                0x00000ff4       0x21 c:/program files (x86)/microchip/xc32/v1.31/bin/../lib/gcc/pic32mx/4.5.2/../../../../pic32mx/lib/size\libmchp_peripheral_32MX795F512L.a(eth_mac_open_lib.o)
 .debug_pubnames
                0x00001015       0x52 c:/program files (x86)/microchip/xc32/v1.31/bin/../lib/gcc/pic32mx/4.5.2/../../../../pic32mx/lib/size\libmchp_peripheral_32MX795F512L.a(eth_mac_set_address_max_lib.o)
 .debug_pubnames
                0x00001067       0x29 c:/program files (x86)/microchip/xc32/v1.31/bin/../lib/gcc/pic32mx/4.5.2/../../../../pic32mx/lib/size\libmchp_peripheral_32MX795F512L.a(eth_rx_buffers_append_lib.o)
 .debug_pubnames
                0x00001090       0x92 c:/program files (x86)/microchip/xc32/v1.31/bin/../lib/gcc/pic32mx/4.5.2/../../../../pic32mx/lib/size\libmchp_peripheral_32MX795F512L.a(eth_rx_filters_lib.o)
 .debug_pubnames
                0x00001122       0x38 c:/program files (x86)/microchip/xc32/v1.31/bin/../lib/gcc/pic32mx/4.5.2/../../../../pic32mx/lib/size\libmchp_peripheral_32MX795F512L.a(eth_rx_get_packet_lib.o)
 .debug_pubnames
                0x0000115a       0x29 c:/program files (x86)/microchip/xc32/v1.31/bin/../lib/gcc/pic32mx/4.5.2/../../../../pic32mx/lib/size\libmchp_peripheral_32MX795F512L.a(eth_rx_set_buffer_size_lib.o)
 .debug_pubnames
                0x00001183       0x66 c:/program files (x86)/microchip/xc32/v1.31/bin/../lib/gcc/pic32mx/4.5.2/../../../../pic32mx/lib/size\libmchp_peripheral_32MX795F512L.a(eth_tx_packet_lib.o)
 .debug_pubnames
                0x000011e9       0x29 c:/program files (x86)/microchip/xc32/v1.31/bin/../lib/gcc/pic32mx/4.5.2/../../../../pic32mx/lib/size\libmchp_peripheral_32MX795F512L.a(_eth_append_busy_list_lib.o)
 .debug_pubnames
                0x00001212       0x90 c:/program files (x86)/microchip/xc32/v1.31/bin/../lib/gcc/pic32mx/4.5.2/../../../../pic32mx/lib/size\libmchp_peripheral_32MX795F512L.a(eth_miim_access.o)
 .debug_pubnames
                0x000012a2       0x3b c:/program files (x86)/microchip/xc32/v1.31/bin/../lib/gcc/pic32mx/4.5.2/../../../../pic32mx/lib/size\libmchp_peripheral_32MX795F512L.a(pcache.o)
 .debug_pubnames
                0x000012dd       0x2b c:/program files (x86)/microchip/xc32/v1.31/bin/../lib/gcc/pic32mx/4.5.2/../../../../pic32mx/lib/size\libmchp_peripheral_32MX795F512L.a(int_disable_interrupts_lib.o)
 .debug_pubnames
                0x00001308       0x2b c:/program files (x86)/microchip/xc32/v1.31/bin/../lib/gcc/pic32mx/4.5.2/../../../../pic32mx/lib/size\libmchp_peripheral_32MX795F512L.a(int_restore_interrupts_lib.o)
 .debug_pubnames
                0x00001333       0x36 c:/program files (x86)/microchip/xc32/v1.31/bin/../lib/gcc/pic32mx/4.5.2/../../../../pic32mx/lib/size\libmchp_peripheral_32MX795F512L.a(int_enable_mv_int_lib.o)
 .debug_pubnames