Archive member included because of file (symbol)

c:/program files (x86)/microchip/xc32/v1.31/bin/../lib/gcc/pic32mx/4.5.2/../../../../pic32mx/lib\libmchp_peripheral.a(read_core_timer_lib.o)
                              build/default/debug/_ext/1386494514/ETHPIC32ExtPhy.o (ReadCoreTimer)
c:/program files (x86)/microchip/xc32/v1.31/bin/../lib/gcc/pic32mx/4.5.2/../../../../pic32mx/lib\libmchp_peripheral_32MX795F512L.a(eth_init_lib.o)
                              build/default/debug/_ext/1386494514/LAN8720A.o (EthInit)
c:/program files (x86)/microchip/xc32/v1.31/bin/../lib/gcc/pic32mx/4.5.2/../../../../pic32mx/lib\libmchp_peripheral_32MX795F512L.a(eth_miim_access.o)
                              build/default/debug/_ext/1386494514/ETHPIC32ExtPhy.o (EthMIIMReadStart)
c:/program files (x86)/microchip/xc32/v1.31/bin/../lib/gcc/pic32mx/4.5.2/../../../../pic32mx/lib\libmchp_peripheral_32MX795F512L.a(pcache.o)
                              build/default/debug/_ext/1472/CerebotMX7cK.o (CheKseg0CacheOn)
c:/program files (x86)/microchip/xc32/v1.31/bin/../lib/gcc/pic32mx/4.5.2/../../../../pic32mx/lib\libmchp_peripheral_32MX795F512L.a(int_configure_system_lib.o)
                              build/default/debug/_ext/1472/main.o (INTConfigureSystem)
c:/program files (x86)/microchip/xc32/v1.31/bin/../lib/gcc/pic32mx/4.5.2/../../../../pic32mx/lib\libmchp_peripheral_32MX795F512L.a(int_enable_interrupts_lib.o)
                              build/default/debug/_ext/1472/main.o (INTEnableInterrupts)
c:/program files (x86)/microchip/xc32/v1.31/bin/../lib/gcc/pic32mx/4.5.2/../../../../pic32mx/lib\libmchp_peripheral_32MX795F512L.a(int_disable_interrupts_lib.o)
                              build/default/debug/_ext/1472/CerebotMX7cK.o (INTDisableInterrupts)
c:/program files (x86)/microchip/xc32/v1.31/bin/../lib/gcc/pic32mx/4.5.2/../../../../pic32mx/lib\libmchp_peripheral_32MX795F512L.a(int_restore_interrupts_lib.o)
                              build/default/debug/_ext/1472/CerebotMX7cK.o (INTRestoreInterrupts)
c:/program files (x86)/microchip/xc32/v1.31/bin/../lib/gcc/pic32mx/4.5.2/../../../../pic32mx/lib\libmchp_peripheral_32MX795F512L.a(int_tbl_lib.o)
                              build/default/debug/_ext/1472/main.o (INTClearFlag)
c:/program files (x86)/microchip/xc32/v1.31/bin/../lib/gcc/pic32mx/4.5.2/../../../../pic32mx/lib\libmchp_peripheral_32MX795F512L.a(dma_chn_set_ev_enable_flags_lib.o)
                              build/default/debug/_ext/1472/main.o (DmaChnSetEvEnableFlags)
c:/program files (x86)/microchip/xc32/v1.31/bin/../lib/gcc/pic32mx/4.5.2/../../../../pic32mx/lib\libmchp_peripheral_32MX795F512L.a(dma_chn_clr_ev_flags_lib.o)
                              build/default/debug/_ext/1472/main.o (DmaChnClrEvFlags)
c:/program files (x86)/microchip/xc32/v1.31/bin/../lib/gcc/pic32mx/4.5.2/../../../../pic32mx/lib\libmchp_peripheral_32MX795F512L.a(dma_chn_open_lib.o)
                              build/default/debug/_ext/1472/main.o (DmaChnOpen)
c:/program files (x86)/microchip/xc32/v1.31/bin/../lib/gcc/pic32mx/4.5.2/../../../../pic32mx/lib\libmchp_peripheral_32MX795F512L.a(dma_chn_get_ev_flags_lib.o)
                              build/default/debug/_ext/1472/main.o (DmaChnGetEvFlags)
c:/program files (x86)/microchip/xc32/v1.31/bin/../lib/gcc/pic32mx/4.5.2/../../../../pic32mx/lib\libmchp_peripheral_32MX795F512L.a(dma_chn_set_txfer_lib.o)
                              build/default/debug/_ext/1472/main.o (DmaChnSetTxfer)
c:/program files (x86)/microchip/xc32/v1.31/bin/../lib/gcc/pic32mx/4.5.2/../../../../pic32mx/lib\libmchp_peripheral_32MX795F512L.a(dma_chn_start_txfer_lib.o)
                              build/default/debug/_ext/1472/main.o (DmaChnStartTxfer)
c:/program files (x86)/microchip/xc32/v1.31/bin/../lib/gcc/pic32mx/4.5.2/../../../../pic32mx/lib\libmchp_peripheral_32MX795F512L.a(dma_reg_map_tbl_lib.o)
                              c:/program files (x86)/microchip/xc32/v1.31/bin/../lib/gcc/pic32mx/4.5.2/../../../../pic32mx/lib\libmchp_peripheral_32MX795F512L.a(dma_chn_set_ev_enable_flags_lib.o) (_DmaMapTbl)
c:/program files (x86)/microchip/xc32/v1.31/bin/../lib/gcc/pic32mx/4.5.2/../../../../pic32mx/lib\libmchp_peripheral_32MX795F512L.a(port_set_pins_digital_in_lib.o)
                              build/default/debug/_ext/1386494514/ETHPIC32ExtPhy.o (PORTSetPinsDigitalIn)
c:/program files (x86)/microchip/xc32/v1.31/bin/../lib/gcc/pic32mx/4.5.2/../../../../pic32mx/lib\libmchp_peripheral_32MX795F512L.a(port_set_pins_digital_out_lib.o)
                              build/default/debug/_ext/1386494514/ETHPIC32ExtPhy.o (PORTSetPinsDigitalOut)
c:/program files (x86)/microchip/xc32/v1.31/bin/../lib/gcc/pic32mx/4.5.2/../../../../pic32mx/lib\libmchp_peripheral_32MX795F512L.a(_ports_tbl_libp.o)
                              c:/program files (x86)/microchip/xc32/v1.31/bin/../lib/gcc/pic32mx/4.5.2/../../../../pic32mx/lib\libmchp_peripheral_32MX795F512L.a(port_set_pins_digital_in_lib.o) (PortRegTbl)
[...]
Memory Configuration

Name             Origin             Length             Attributes
kseg0_program_mem 0x9d000000         0x00080000         xr
kseg0_boot_mem   0x9fc00490         0x00000970
exception_mem    0x9fc01000         0x00001000
kseg1_boot_mem   0xbfc00000         0x00000490
debug_exec_mem   0xbfc02000         0x00000ff0
config3          0xbfc02ff0         0x00000004
config2          0xbfc02ff4         0x00000004
config1          0xbfc02ff8         0x00000004
config0          0xbfc02ffc         0x00000004
kseg1_data_mem   0xa0000000         0x00020000         w !x
sfrs             0xbf800000         0x00100000
configsfrs       0xbfc02ff0         0x00000010
*default*        0x00000000         0xffffffff

Linker script and memory map

LOAD c:/program files (x86)/microchip/xc32/v1.31/bin/../lib/gcc/pic32mx/4.5.2/../../../../pic32mx/lib/./proc/32MX795F512L/crt0_mips32r2.o
                0x00000001                _DEBUGGER = 0x1
LOAD build/default/debug/_ext/1599763551/port.o
LOAD build/default/debug/_ext/1599763551/port_asm.o
LOAD build/default/debug/_ext/190470153/event_groups.o
LOAD build/default/debug/_ext/190470153/list.o
LOAD build/default/debug/_ext/190470153/queue.o
LOAD build/default/debug/_ext/190470153/tasks.o
LOAD build/default/debug/_ext/636803636/heap_4.o
LOAD build/default/debug/_ext/1365677990/BufferAllocation_2.o
LOAD build/default/debug/_ext/801913726/FreeRTOS_ARP.o
LOAD build/default/debug/_ext/801913726/FreeRTOS_DHCP.o
LOAD build/default/debug/_ext/801913726/FreeRTOS_DNS.o
LOAD build/default/debug/_ext/801913726/FreeRTOS_IP.o
LOAD build/default/debug/_ext/801913726/FreeRTOS_Sockets.o
LOAD build/default/debug/_ext/801913726/FreeRTOS_Stream_Buffer.o
LOAD build/default/debug/_ext/801913726/FreeRTOS_TCP_IP.o
LOAD build/default/debug/_ext/801913726/FreeRTOS_TCP_WIN.o
LOAD build/default/debug/_ext/801913726/FreeRTOS_UDP_IP.o
LOAD build/default/debug/_ext/1386494514/ETHPIC32ExtPhy.o
LOAD build/default/debug/_ext/1386494514/ETHPIC32ExtPhySMSC8720.o
LOAD build/default/debug/_ext/1386494514/LAN8720A.o
LOAD build/default/debug/_ext/1386494514/NetworkInterface.o
LOAD build/default/debug/_ext/1386494514/PHYGeneric.o
LOAD build/default/debug/_ext/1386494514/Ethernet_ISR.o
LOAD build/default/debug/_ext/1386494514/PHY_isr.o
LOAD build/default/debug/_ext/1472/main.o
LOAD build/default/debug/_ext/1472/CerebotMX7cK.o
LOAD build/default/debug/_ext/1472/dma_isr_wrapper.o
LOAD build/default/debug/_ext/1472/adc_isr_wrapper.o
                0x00000001                __MPLAB_BUILD = 0x1
                0x00000001                __MPLAB_DEBUG = 0x1
                0x00000001                __DEBUG = 0x1
                0x00000001                __MPLAB_DEBUGGER_PK3 = 0x1
                0x00008000                _min_heap_size = 0x8000
LOAD c:/program files (x86)/microchip/xc32/v1.31/bin/../lib/gcc/pic32mx/4.5.2/../../../../pic32mx/lib/./proc/32MX795F512L\default_isr_vectors.o
                0x00000400                PROVIDE (_min_stack_size, 0x400)
LOAD c:/program files (x86)/microchip/xc32/v1.31/bin/../lib/gcc/pic32mx/4.5.2/../../../../pic32mx/lib/./proc/32MX795F512L\processor.o
START GROUP
LOAD c:/program files (x86)/microchip/xc32/v1.31/bin/../lib/gcc/pic32mx/4.5.2/../../../../pic32mx/lib\libmchp_peripheral.a
END GROUP
START GROUP
LOAD c:/program files (x86)/microchip/xc32/v1.31/bin/../lib/gcc/pic32mx/4.5.2/../../../../pic32mx/lib\libmchp_peripheral_32MX795F512L.a
END GROUP
                0x00000001                PROVIDE (_vector_spacing, 0x1)
                0x9fc01000                _ebase_address = 0x9fc01000
                0xbfc00000                _RESET_ADDR = 0xbfc00000
                0xbfc00380                _BEV_EXCPT_ADDR = 0xbfc00380
                0xbfc00480                _DBG_EXCPT_ADDR = 0xbfc00480
                0xbfc02000                _DBG_CODE_ADDR = 0xbfc02000
                0x00000ff0                _DBG_CODE_SIZE = 0xff0
                0x9fc01180                _GEN_EXCPT_ADDR = (_ebase_address + 0x180)

.config_BFC02FF0
                0xbfc02ff0        0x4
 *(.config_BFC02FF0)
 .config_BFC02FF0
                0xbfc02ff0        0x4 build/default/debug/_ext/1472/CerebotMX7cK.o

.config_BFC02FF4
                0xbfc02ff4        0x4
 *(.config_BFC02FF4)
 .config_BFC02FF4
                0xbfc02ff4        0x4 build/default/debug/_ext/1472/CerebotMX7cK.o

.config_BFC02FF8
                0xbfc02ff8        0x4
 *(.config_BFC02FF8)
 .config_BFC02FF8
                0xbfc02ff8        0x4 build/default/debug/_ext/1472/CerebotMX7cK.o

.config_BFC02FFC
                0xbfc02ffc        0x4
 *(.config_BFC02FFC)
 .config_BFC02FFC
                0xbfc02ffc        0x4 build/default/debug/_ext/1472/CerebotMX7cK.o
                0xbfc02000                PROVIDE (_DBG_CODE_ADDR, 0xbfc02000)
                0x00000ff0                PROVIDE (_DBG_CODE_SIZE, 0xff0)

.reset          0xbfc00000      0x1e8
 *(.reset)
 .reset         0xbfc00000      0x1e8 c:/program files (x86)/microchip/xc32/v1.31/bin/../lib/gcc/pic32mx/4.5.2/../../../../pic32mx/lib/./proc/32MX795F512L/crt0_mips32r2.o
                0xbfc00000                _reset
 *(.reset.startup)

.bev_excpt      0xbfc00380       0x10
 *(.bev_handler)
 .bev_handler   0xbfc00380       0x10 c:/program files (x86)/microchip/xc32/v1.31/bin/../lib/gcc/pic32mx/4.5.2/../../../../pic32mx/lib/./proc/32MX795F512L/crt0_mips32r2.o

.dbg_excpt      0xbfc00480        0x8
                0xbfc00480                . = (. + DEFINED (_DEBUGGER)?0x8:0x0)
 *fill*         0xbfc00480        0x8 

.dbg_code       0xbfc02000      0xff0
                0xbfc02000                . = (. + DEFINED (_DEBUGGER)?_DBG_CODE_SIZE:0x0)
 *fill*         0xbfc02000      0xff0 

.app_excpt      0x9fc01180       0x10
 *(.gen_handler)
 .gen_handler   0x9fc01180       0x10 c:/program files (x86)/microchip/xc32/v1.31/bin/../lib/gcc/pic32mx/4.5.2/../../../../pic32mx/lib/./proc/32MX795F512L/crt0_mips32r2.o

.vector_0       0x9fc01200        0x8
 *(.vector_0)
 .vector_0      0x9fc01200        0x8 c:/program files (x86)/microchip/xc32/v1.31/bin/../lib/gcc/pic32mx/4.5.2/../../../../pic32mx/lib\libpic32.a(vector0.o)
                0x9fc01200                __vector_dispatch_0
                0x00000001                ASSERT (((_vector_spacing == 0x0) || (SIZEOF (.vector_0) <= (_vector_spacing << 0x5))), function at exception vector 0 too large)

.vector_1       0x9fc01220        0x8
 *(.vector_1)
 .vector_1      0x9fc01220        0x8 build/default/debug/_ext/1599763551/port.o
                0x9fc01220                __vector_dispatch_1
                0x00000001                ASSERT (((_vector_spacing == 0x0) || (SIZEOF (.vector_1) <= (_vector_spacing << 0x5))), function at exception vector 1 too large)

.vector_2       0x9fc01240        0x8
 *(.vector_2)
 .vector_2      0x9fc01240        0x8 c:/program files (x86)/microchip/xc32/v1.31/bin/../lib/gcc/pic32mx/4.5.2/../../../../pic32mx/lib\libpic32.a(vector2.o)
                0x9fc01240                __vector_dispatch_2
                0x00000001                ASSERT (((_vector_spacing == 0x0) || (SIZEOF (.vector_2) <= (_vector_spacing << 0x5))), function at exception vector 2 too large)

.vector_3       0x9fc01260        0x8
 *(.vector_3)
 .vector_3      0x9fc01260        0x8 c:/program files (x86)/microchip/xc32/v1.31/bin/../lib/gcc/pic32mx/4.5.2/../../../../pic32mx/lib\libpic32.a(vector3.o)
                0x9fc01260                __vector_dispatch_3
                0x00000001                ASSERT (((_vector_spacing == 0x0) || (SIZEOF (.vector_3) <= (_vector_spacing << 0x5))), function at exception vector 3 too large)

.vector_4       0x9fc01280        0x8
 *(.vector_4)
 .vector_4      0x9fc01280        0x8 build/default/debug/_ext/1599763551/port.o
                0x9fc01280                __vector_dispatch_4
                0x00000001                ASSERT (((_vector_spacing == 0x0) || (SIZEOF (.vector_4) <= (_vector_spacing << 0x5))), function at exception vector 4 too large)

.vector_5       0x9fc012a0        0x8
 *(.vector_5)
 .vector_5      0x9fc012a0        0x8 c:/program files (x86)/microchip/xc32/v1.31/bin/../lib/gcc/pic32mx/4.5.2/../../../../pic32mx/lib\libpic32.a(vector5.o)
                0x9fc012a0                __vector_dispatch_5
                0x00000001                ASSERT (((_vector_spacing == 0x0) || (SIZEOF (.vector_5) <= (_vector_spacing << 0x5))), function at exception vector 5 too large)

.vector_6       0x9fc012c0        0x8
 *(.vector_6)
 .vector_6      0x9fc012c0        0x8 c:/program files (x86)/microchip/xc32/v1.31/bin/../lib/gcc/pic32mx/4.5.2/../../../../pic32mx/lib\libpic32.a(vector6.o)
                0x9fc012c0                __vector_dispatch_6
                0x00000001                ASSERT (((_vector_spacing == 0x0) || (SIZEOF (.vector_6) <= (_vector_spacing << 0x5))), function at exception vector 6 too large)

.vector_7       0x9fc012e0        0x8
 *(.vector_7)
 .vector_7      0x9fc012e0        0x8 c:/program files (x86)/microchip/xc32/v1.31/bin/../lib/gcc/pic32mx/4.5.2/../../../../pic32mx/lib\libpic32.a(vector7.o)
                0x9fc012e0                __vector_dispatch_7
                0x00000001                ASSERT (((_vector_spacing == 0x0) || (SIZEOF (.vector_7) <= (_vector_spacing << 0x5))), function at exception vector 7 too large)

.vector_8       0x9fc01300        0x8
 *(.vector_8)
 .vector_8      0x9fc01300        0x8 c:/program files (x86)/microchip/xc32/v1.31/bin/../lib/gcc/pic32mx/4.5.2/../../../../pic32mx/lib\libpic32.a(vector8.o)
                0x9fc01300                __vector_dispatch_8
                0x00000001                ASSERT (((_vector_spacing == 0x0) || (SIZEOF (.vector_8) <= (_vector_spacing << 0x5))), function at exception vector 8 too large)

.vector_9       0x9fc01320        0x8
 *(.vector_9)
 .vector_9      0x9fc01320        0x8 c:/program files (x86)/microchip/xc32/v1.31/bin/../lib/gcc/pic32mx/4.5.2/../../../../pic32mx/lib\libpic32.a(vector9.o)
                0x9fc01320                __vector_dispatch_9
                0x00000001                ASSERT (((_vector_spacing == 0x0) || (SIZEOF (.vector_9) <= (_vector_spacing << 0x5))), function at exception vector 9 too large)

.vector_10      0x9fc01340        0x8
 *(.vector_10)
 .vector_10     0x9fc01340        0x8 c:/program files (x86)/microchip/xc32/v1.31/bin/../lib/gcc/pic32mx/4.5.2/../../../../pic32mx/lib\libpic32.a(vector10.o)
                0x9fc01340                __vector_dispatch_10
                0x00000001                ASSERT (((_vector_spacing == 0x0) || (SIZEOF (.vector_10) <= (_vector_spacing << 0x5))), function at exception vector 10 too large)

.vector_11      0x9fc01360        0x8
 *(.vector_11)
 .vector_11     0x9fc01360        0x8 c:/program files (x86)/microchip/xc32/v1.31/bin/../lib/gcc/pic32mx/4.5.2/../../../../pic32mx/lib\libpic32.a(vector11.o)
                0x9fc01360                __vector_dispatch_11
                0x00000001                ASSERT (((_vector_spacing == 0x0) || (SIZEOF (.vector_11) <= (_vector_spacing << 0x5))), function at exception vector 11 too large)

.vector_12      0x9fc01380        0x8
 *(.vector_12)
 .vector_12     0x9fc01380        0x8 c:/program files (x86)/microchip/xc32/v1.31/bin/../lib/gcc/pic32mx/4.5.2/../../../../pic32mx/lib\libpic32.a(vector12.o)
                0x9fc01380                __vector_dispatch_12
                0x00000001                ASSERT (((_vector_spacing == 0x0) || (SIZEOF (.vector_12) <= (_vector_spacing << 0x5))), function at exception vector 12 too large)

.vector_13      0x9fc013a0        0x8
 *(.vector_13)
 .vector_13     0x9fc013a0        0x8 c:/program files (x86)/microchip/xc32/v1.31/bin/../lib/gcc/pic32mx/4.5.2/../../../../pic32mx/lib\libpic32.a(vector13.o)
                0x9fc013a0                __vector_dispatch_13
                0x00000001                ASSERT (((_vector_spacing == 0x0) || (SIZEOF (.vector_13) <= (_vector_spacing << 0x5))), function at exception vector 13 too large)

.vector_14      0x9fc013c0        0x8
 *(.vector_14)
 .vector_14     0x9fc013c0        0x8 c:/program files (x86)/microchip/xc32/v1.31/bin/../lib/gcc/pic32mx/4.5.2/../../../../pic32mx/lib\libpic32.a(vector14.o)
                0x9fc013c0                __vector_dispatch_14
                0x00000001                ASSERT (((_vector_spacing == 0x0) || (SIZEOF (.vector_14) <= (_vector_spacing << 0x5))), function at exception vector 14 too large)

.vector_15      0x9fc013e0        0x8
 *(.vector_15)
 .vector_15     0x9fc013e0        0x8 build/default/debug/_ext/1386494514/PHYGeneric.o
                0x9fc013e0                __vector_dispatch_15
                0x00000001                ASSERT (((_vector_spacing == 0x0) || (SIZEOF (.vector_15) <= (_vector_spacing << 0x5))), function at exception vector 15 too large)

.vector_16      0x9fc01400        0x8
 *(.vector_16)
 .vector_16     0x9fc01400        0x8 c:/program files (x86)/microchip/xc32/v1.31/bin/../lib/gcc/pic32mx/4.5.2/../../../../pic32mx/lib\libpic32.a(vector16.o)
                0x9fc01400                __vector_dispatch_16
                0x00000001                ASSERT (((_vector_spacing == 0x0) || (SIZEOF (.vector_16) <= (_vector_spacing << 0x5))), function at exception vector 16 too large)

.vector_17      0x9fc01420        0x8
 *(.vector_17)
 .vector_17     0x9fc01420        0x8 c:/program files (x86)/microchip/xc32/v1.31/bin/../lib/gcc/pic32mx/4.5.2/../../../../pic32mx/lib\libpic32.a(vector17.o)
                0x9fc01420                __vector_dispatch_17
                0x00000001                ASSERT (((_vector_spacing == 0x0) || (SIZEOF (.vector_17) <= (_vector_spacing << 0x5))), function at exception vector 17 too large)

.vector_18      0x9fc01440        0x8
 *(.vector_18)
 .vector_18     0x9fc01440        0x8 c:/program files (x86)/microchip/xc32/v1.31/bin/../lib/gcc/pic32mx/4.5.2/../../../../pic32mx/lib\libpic32.a(vector18.o)
                0x9fc01440                __vector_dispatch_18
                0x00000001                ASSERT (((_vector_spacing == 0x0) || (SIZEOF (.vector_18) <= (_vector_spacing << 0x5))), function at exception vector 18 too large)

.vector_19      0x9fc01460        0x8
 *(.vector_19)
 .vector_19     0x9fc01460        0x8 c:/program files (x86)/microchip/xc32/v1.31/bin/../lib/gcc/pic32mx/4.5.2/../../../../pic32mx/lib\libpic32.a(vector19.o)
                0x9fc01460                __vector_dispatch_19
                0x00000001                ASSERT (((_vector_spacing == 0x0) || (SIZEOF (.vector_19) <= (_vector_spacing << 0x5))), function at exception vector 19 too large)

.vector_20      0x9fc01480        0x8
 *(.vector_20)
 .vector_20     0x9fc01480        0x8 c:/program files (x86)/microchip/xc32/v1.31/bin/../lib/gcc/pic32mx/4.5.2/../../../../pic32mx/lib\libpic32.a(vector20.o)
                0x9fc01480                __vector_dispatch_20
                0x00000001                ASSERT (((_vector_spacing == 0x0) || (SIZEOF (.vector_20) <= (_vector_spacing << 0x5))), function at exception vector 20 too large)

.vector_21      0x9fc014a0        0x8
 *(.vector_21)
 .vector_21     0x9fc014a0        0x8 c:/program files (x86)/microchip/xc32/v1.31/bin/../lib/gcc/pic32mx/4.5.2/../../../../pic32mx/lib\libpic32.a(vector21.o)
                0x9fc014a0                __vector_dispatch_21
                0x00000001                ASSERT (((_vector_spacing == 0x0) || (SIZEOF (.vector_21) <= (_vector_spacing << 0x5))), function at exception vector 21 too large)

.vector_22      0x9fc014c0        0x8
 *(.vector_22)
 .vector_22     0x9fc014c0        0x8 c:/program files (x86)/microchip/xc32/v1.31/bin/../lib/gcc/pic32mx/4.5.2/../../../../pic32mx/lib\libpic32.a(vector22.o)
                0x9fc014c0                __vector_dispatch_22
                0x00000001                ASSERT (((_vector_spacing == 0x0) || (SIZEOF (.vector_22) <= (_vector_spacing << 0x5))), function at exception vector 22 too large)

.vector_23      0x9fc014e0        0x8
 *(.vector_23)
 .vector_23     0x9fc014e0        0x8 c:/program files (x86)/microchip/xc32/v1.31/bin/../lib/gcc/pic32mx/4.5.2/../../../../pic32mx/lib\libpic32.a(vector23.o)
                0x9fc014e0                __vector_dispatch_23
                0x00000001                ASSERT (((_vector_spacing == 0x0) || (SIZEOF (.vector_23) <= (_vector_spacing << 0x5))), function at exception vector 23 too large)

.vector_24      0x9fc01500        0x8
 *(.vector_24)
 .vector_24     0x9fc01500        0x8 c:/program files (x86)/microchip/xc32/v1.31/bin/../lib/gcc/pic32mx/4.5.2/../../../../pic32mx/lib\libpic32.a(vector24.o)
                0x9fc01500                __vector_dispatch_24
                0x00000001                ASSERT (((_vector_spacing == 0x0) || (SIZEOF (.vector_24) <= (_vector_spacing << 0x5))), function at exception vector 24 too large)

.vector_25      0x9fc01520        0x8
 *(.vector_25)
 .vector_25     0x9fc01520        0x8 c:/program files (x86)/microchip/xc32/v1.31/bin/../lib/gcc/pic32mx/4.5.2/../../../../pic32mx/lib\libpic32.a(vector25.o)
                0x9fc01520                __vector_dispatch_25
                0x00000001                ASSERT (((_vector_spacing == 0x0) || (SIZEOF (.vector_25) <= (_vector_spacing << 0x5))), function at exception vector 25 too large)

.vector_26      0x9fc01540        0x8
 *(.vector_26)
 .vector_26     0x9fc01540        0x8 c:/program files (x86)/microchip/xc32/v1.31/bin/../lib/gcc/pic32mx/4.5.2/../../../../pic32mx/lib\libpic32.a(vector26.o)
                0x9fc01540                __vector_dispatch_26
                0x00000001                ASSERT (((_vector_spacing == 0x0) || (SIZEOF (.vector_26) <= (_vector_spacing << 0x5))), function at exception vector 26 too large)

.vector_27      0x9fc01560        0x8
 *(.vector_27)
 .vector_27     0x9fc01560        0x8 build/default/debug/_ext/1472/main.o
                0x9fc01560                __vector_dispatch_27
                0x00000001                ASSERT (((_vector_spacing == 0x0) || (SIZEOF (.vector_27) <= (_vector_spacing << 0x5))), function at exception vector 27 too large)

.vector_28      0x9fc01580        0x8
 *(.vector_28)
 .vector_28     0x9fc01580        0x8 c:/program files (x86)/microchip/xc32/v1.31/bin/../lib/gcc/pic32mx/4.5.2/../../../../pic32mx/lib\libpic32.a(vector28.o)
                0x9fc01580                __vector_dispatch_28
                0x00000001                ASSERT (((_vector_spacing == 0x0) || (SIZEOF (.vector_28) <= (_vector_spacing << 0x5))), function at exception vector 28 too large)

.vector_29      0x9fc015a0        0x8
 *(.vector_29)
 .vector_29     0x9fc015a0        0x8 c:/program files (x86)/microchip/xc32/v1.31/bin/../lib/gcc/pic32mx/4.5.2/../../../../pic32mx/lib\libpic32.a(vector29.o)
                0x9fc015a0                __vector_dispatch_29
                0x00000001                ASSERT (((_vector_spacing == 0x0) || (SIZEOF (.vector_29) <= (_vector_spacing << 0x5))), function at exception vector 29 too large)

.vector_30      0x9fc015c0        0x8
 *(.vector_30)
 .vector_30     0x9fc015c0        0x8 c:/program files (x86)/microchip/xc32/v1.31/bin/../lib/gcc/pic32mx/4.5.2/../../../../pic32mx/lib\libpic32.a(vector30.o)
                0x9fc015c0                __vector_dispatch_30
                0x00000001                ASSERT (((_vector_spacing == 0x0) || (SIZEOF (.vector_30) <= (_vector_spacing << 0x5))), function at exception vector 30 too large)

.vector_31      0x9fc015e0        0x8
 *(.vector_31)
 .vector_31     0x9fc015e0        0x8 c:/program files (x86)/microchip/xc32/v1.31/bin/../lib/gcc/pic32mx/4.5.2/../../../../pic32mx/lib\libpic32.a(vector31.o)
                0x9fc015e0                __vector_dispatch_31
                0x00000001                ASSERT (((_vector_spacing == 0x0) || (SIZEOF (.vector_31) <= (_vector_spacing << 0x5))), function at exception vector 31 too large)

.vector_32      0x9fc01600        0x8
 *(.vector_32)
 .vector_32     0x9fc01600        0x8 c:/program files (x86)/microchip/xc32/v1.31/bin/../lib/gcc/pic32mx/4.5.2/../../../../pic32mx/lib\libpic32.a(vector32.o)
                0x9fc01600                __vector_dispatch_32
                0x00000001                ASSERT (((_vector_spacing == 0x0) || (SIZEOF (.vector_32) <= (_vector_spacing << 0x5))), function at exception vector 32 too large)

.vector_33      0x9fc01620        0x8
 *(.vector_33)
 .vector_33     0x9fc01620        0x8 c:/program files (x86)/microchip/xc32/v1.31/bin/../lib/gcc/pic32mx/4.5.2/../../../../pic32mx/lib\libpic32.a(vector33.o)
                0x9fc01620                __vector_dispatch_33
                0x00000001                ASSERT (((_vector_spacing == 0x0) || (SIZEOF (.vector_33) <= (_vector_spacing << 0x5))), function at exception vector 33 too large)

.vector_34      0x9fc01640        0x8
 *(.vector_34)
 .vector_34     0x9fc01640        0x8 c:/program files (x86)/microchip/xc32/v1.31/bin/../lib/gcc/pic32mx/4.5.2/../../../../pic32mx/lib\libpic32.a(vector34.o)
                0x9fc01640                __vector_dispatch_34
                0x00000001                ASSERT (((_vector_spacing == 0x0) || (SIZEOF (.vector_34) <= (_vector_spacing << 0x5))), function at exception vector 34 too large)

.vector_35      0x9fc01660        0x8
 *(.vector_35)
 .vector_35     0x9fc01660        0x8 c:/program files (x86)/microchip/xc32/v1.31/bin/../lib/gcc/pic32mx/4.5.2/../../../../pic32mx/lib\libpic32.a(vector35.o)
                0x9fc01660                __vector_dispatch_35
                0x00000001                ASSERT (((_vector_spacing == 0x0) || (SIZEOF (.vector_35) <= (_vector_spacing << 0x5))), function at exception vector 35 too large)

.vector_36      0x9fc01680        0x8
 *(.vector_36)
 .vector_36     0x9fc01680        0x8 c:/program files (x86)/microchip/xc32/v1.31/bin/../lib/gcc/pic32mx/4.5.2/../../../../pic32mx/lib\libpic32.a(vector36.o)
                0x9fc01680                __vector_dispatch_36
                0x00000001                ASSERT (((_vector_spacing == 0x0) || (SIZEOF (.vector_36) <= (_vector_spacing << 0x5))), function at exception vector 36 too large)

.vector_37      0x9fc016a0        0x8
 *(.vector_37)
 .vector_37     0x9fc016a0        0x8 c:/program files (x86)/microchip/xc32/v1.31/bin/../lib/gcc/pic32mx/4.5.2/../../../../pic32mx/lib\libpic32.a(vector37.o)
                0x9fc016a0                __vector_dispatch_37
                0x00000001                ASSERT (((_vector_spacing == 0x0) || (SIZEOF (.vector_37) <= (_vector_spacing << 0x5))), function at exception vector 37 too large)

.vector_38      0x9fc016c0        0x8
 *(.vector_38)
 .vector_38     0x9fc016c0        0x8 c:/program files (x86)/microchip/xc32/v1.31/bin/../lib/gcc/pic32mx/4.5.2/../../../../pic32mx/lib\libpic32.a(vector38.o)
                0x9fc016c0                __vector_dispatch_38
                0x00000001                ASSERT (((_vector_spacing == 0x0) || (SIZEOF (.vector_38) <= (_vector_spacing << 0x5))), function at exception vector 38 too large)

.vector_39      0x9fc016e0        0x8
 *(.vector_39)
 .vector_39     0x9fc016e0        0x8 build/default/debug/_ext/1472/main.o
                0x9fc016e0                __vector_dispatch_39
                0x00000001                ASSERT (((_vector_spacing == 0x0) || (SIZEOF (.vector_39) <= (_vector_spacing << 0x5))), function at exception vector 39 too large)

.vector_40      0x9fc01700        0x8
 *(.vector_40)
 .vector_40     0x9fc01700        0x8 c:/program files (x86)/microchip/xc32/v1.31/bin/../lib/gcc/pic32mx/4.5.2/../../../../pic32mx/lib\libpic32.a(vector40.o)
                0x9fc01700                __vector_dispatch_40
                0x00000001                ASSERT (((_vector_spacing == 0x0) || (SIZEOF (.vector_40) <= (_vector_spacing << 0x5))), function at exception vector 40 too large)

.vector_41      0x9fc01720        0x8
 *(.vector_41)
 .vector_41     0x9fc01720        0x8 c:/program files (x86)/microchip/xc32/v1.31/bin/../lib/gcc/pic32mx/4.5.2/../../../../pic32mx/lib\libpic32.a(vector41.o)
                0x9fc01720                __vector_dispatch_41
                0x00000001                ASSERT (((_vector_spacing == 0x0) || (SIZEOF (.vector_41) <= (_vector_spacing << 0x5))), function at exception vector 41 too large)

.vector_42      0x9fc01740        0x8
 *(.vector_42)
 .vector_42     0x9fc01740        0x8 c:/program files (x86)/microchip/xc32/v1.31/bin/../lib/gcc/pic32mx/4.5.2/../../../../pic32mx/lib\libpic32.a(vector42.o)
                0x9fc01740                __vector_dispatch_42
                0x00000001                ASSERT (((_vector_spacing == 0x0) || (SIZEOF (.vector_42) <= (_vector_spacing << 0x5))), function at exception vector 42 too large)

.vector_43      0x9fc01760        0x8
 *(.vector_43)
 .vector_43     0x9fc01760        0x8 c:/program files (x86)/microchip/xc32/v1.31/bin/../lib/gcc/pic32mx/4.5.2/../../../../pic32mx/lib\libpic32.a(vector43.o)
                0x9fc01760                __vector_dispatch_43
                0x00000001                ASSERT (((_vector_spacing == 0x0) || (SIZEOF (.vector_43) <= (_vector_spacing << 0x5))), function at exception vector 43 too large)

.vector_44      0x9fc01780        0x8
 *(.vector_44)
 .vector_44     0x9fc01780        0x8 c:/program files (x86)/microchip/xc32/v1.31/bin/../lib/gcc/pic32mx/4.5.2/../../../../pic32mx/lib\libpic32.a(vector44.o)
                0x9fc01780                __vector_dispatch_44
                0x00000001                ASSERT (((_vector_spacing == 0x0) || (SIZEOF (.vector_44) <= (_vector_spacing << 0x5))), function at exception vector 44 too large)

.vector_45      0x9fc017a0        0x8
 *(.vector_45)
 .vector_45     0x9fc017a0        0x8 c:/program files (x86)/microchip/xc32/v1.31/bin/../lib/gcc/pic32mx/4.5.2/../../../../pic32mx/lib\libpic32.a(vector45.o)
                0x9fc017a0                __vector_dispatch_45
                0x00000001                ASSERT (((_vector_spacing == 0x0) || (SIZEOF (.vector_45) <= (_vector_spacing << 0x5))), function at exception vector 45 too large)

.vector_46      0x9fc017c0        0x8
 *(.vector_46)
 .vector_46     0x9fc017c0        0x8 c:/program files (x86)/microchip/xc32/v1.31/bin/../lib/gcc/pic32mx/4.5.2/../../../../pic32mx/lib\libpic32.a(vector46.o)
                0x9fc017c0                __vector_dispatch_46
                0x00000001                ASSERT (((_vector_spacing == 0x0) || (SIZEOF (.vector_46) <= (_vector_spacing << 0x5))), function at exception vector 46 too large)

.vector_47      0x9fc017e0        0x8
 *(.vector_47)
 .vector_47     0x9fc017e0        0x8 c:/program files (x86)/microchip/xc32/v1.31/bin/../lib/gcc/pic32mx/4.5.2/../../../../pic32mx/lib\libpic32.a(vector47.o)
                0x9fc017e0                __vector_dispatch_47
                0x00000001                ASSERT (((_vector_spacing == 0x0) || (SIZEOF (.vector_47) <= (_vector_spacing << 0x5))), function at exception vector 47 too large)

.vector_48      0x9fc01800        0x8
 *(.vector_48)
 .vector_48     0x9fc01800        0x8 build/default/debug/_ext/1386494514/NetworkInterface.o
                0x9fc01800                __vector_dispatch_48
                0x00000001                ASSERT (((_vector_spacing == 0x0) || (SIZEOF (.vector_48) <= (_vector_spacing << 0x5))), function at exception vector 48 too large)

.vector_49      0x9fc01820        0x8
 *(.vector_49)
 .vector_49     0x9fc01820        0x8 c:/program files (x86)/microchip/xc32/v1.31/bin/../lib/gcc/pic32mx/4.5.2/../../../../pic32mx/lib\libpic32.a(vector49.o)
                0x9fc01820                __vector_dispatch_49
                0x00000001                ASSERT (((_vector_spacing == 0x0) || (SIZEOF (.vector_49) <= (_vector_spacing << 0x5))), function at exception vector 49 too large)

.vector_50      0x9fc01840        0x8
 *(.vector_50)
 .vector_50     0x9fc01840        0x8 c:/program files (x86)/microchip/xc32/v1.31/bin/../lib/gcc/pic32mx/4.5.2/../../../../pic32mx/lib\libpic32.a(vector50.o)
                0x9fc01840                __vector_dispatch_50
                0x00000001                ASSERT (((_vector_spacing == 0x0) || (SIZEOF (.vector_50) <= (_vector_spacing << 0x5))), function at exception vector 50 too large)

.vector_51      0x9fc01860        0x8
 *(.vector_51)
 .vector_51     0x9fc01860        0x8 c:/program files (x86)/microchip/xc32/v1.31/bin/../lib/gcc/pic32mx/4.5.2/../../../../pic32mx/lib\libpic32.a(vector51.o)
                0x9fc01860                __vector_dispatch_51
                0x00000001                ASSERT (((_vector_spacing == 0x0) || (SIZEOF (.vector_51) <= (_vector_spacing << 0x5))), function at exception vector 51 too large)

.vector_52      0x9fc01880        0x8
 *(.vector_52)
 .vector_52     0x9fc01880        0x8 c:/program files (x86)/microchip/xc32/v1.31/bin/../lib/gcc/pic32mx/4.5.2/../../../../pic32mx/lib\libpic32.a(vector52.o)
                0x9fc01880                __vector_dispatch_52
                0x00000001                ASSERT (((_vector_spacing == 0x0) || (SIZEOF (.vector_52) <= (_vector_spacing << 0x5))), function at exception vector 52 too large)

.vector_53      0x9fc018a0        0x8
 *(.vector_53)
 .vector_53     0x9fc018a0        0x8 c:/program files (x86)/microchip/xc32/v1.31/bin/../lib/gcc/pic32mx/4.5.2/../../../../pic32mx/lib\libpic32.a(vector53.o)
                0x9fc018a0                __vector_dispatch_53
                0x00000001                ASSERT (((_vector_spacing == 0x0) || (SIZEOF (.vector_53) <= (_vector_spacing << 0x5))), function at exception vector 53 too large)

.vector_54      0x9fc018c0        0x8
 *(.vector_54)
 .vector_54     0x9fc018c0        0x8 c:/program files (x86)/microchip/xc32/v1.31/bin/../lib/gcc/pic32mx/4.5.2/../../../../pic32mx/lib\libpic32.a(vector54.o)
                0x9fc018c0                __vector_dispatch_54
                0x00000001                ASSERT (((_vector_spacing == 0x0) || (SIZEOF (.vector_54) <= (_vector_spacing << 0x5))), function at exception vector 54 too large)

.vector_55      0x9fc018e0        0x8
 *(.vector_55)
 .vector_55     0x9fc018e0        0x8 c:/program files (x86)/microchip/xc32/v1.31/bin/../lib/gcc/pic32mx/4.5.2/../../../../pic32mx/lib\libpic32.a(vector55.o)
                0x9fc018e0                __vector_dispatch_55
                0x00000001                ASSERT (((_vector_spacing == 0x0) || (SIZEOF (.vector_55) <= (_vector_spacing << 0x5))), function at exception vector 55 too large)

.vector_56      0x9fc01900        0x8
 *(.vector_56)
 .vector_56     0x9fc01900        0x8 c:/program files (x86)/microchip/xc32/v1.31/bin/../lib/gcc/pic32mx/4.5.2/../../../../pic32mx/lib\libpic32.a(vector56.o)
                0x9fc01900                __vector_dispatch_56
                0x00000001                ASSERT (((_vector_spacing == 0x0) || (SIZEOF (.vector_56) <= (_vector_spacing << 0x5))), function at exception vector 56 too large)

.vector_57      0x9fc01920        0x8
 *(.vector_57)
 .vector_57     0x9fc01920        0x8 c:/program files (x86)/microchip/xc32/v1.31/bin/../lib/gcc/pic32mx/4.5.2/../../../../pic32mx/lib\libpic32.a(vector57.o)
                0x9fc01920                __vector_dispatch_57
                0x00000001                ASSERT (((_vector_spacing == 0x0) || (SIZEOF (.vector_57) <= (_vector_spacing << 0x5))), function at exception vector 57 too large)

.vector_58      0x9fc01940        0x8
 *(.vector_58)
 .vector_58     0x9fc01940        0x8 c:/program files (x86)/microchip/xc32/v1.31/bin/../lib/gcc/pic32mx/4.5.2/../../../../pic32mx/lib\libpic32.a(vector58.o)
                0x9fc01940                __vector_dispatch_58
                0x00000001                ASSERT (((_vector_spacing == 0x0) || (SIZEOF (.vector_58) <= (_vector_spacing << 0x5))), function at exception vector 58 too large)

.vector_59      0x9fc01960        0x8
 *(.vector_59)
 .vector_59     0x9fc01960        0x8 c:/program files (x86)/microchip/xc32/v1.31/bin/../lib/gcc/pic32mx/4.5.2/../../../../pic32mx/lib\libpic32.a(vector59.o)
                0x9fc01960                __vector_dispatch_59
                0x00000001                ASSERT (((_vector_spacing == 0x0) || (SIZEOF (.vector_59) <= (_vector_spacing << 0x5))), function at exception vector 59 too large)

.vector_60      0x9fc01980        0x8
 *(.vector_60)
 .vector_60     0x9fc01980        0x8 c:/program files (x86)/microchip/xc32/v1.31/bin/../lib/gcc/pic32mx/4.5.2/../../../../pic32mx/lib\libpic32.a(vector60.o)
                0x9fc01980                __vector_dispatch_60
                0x00000001                ASSERT (((_vector_spacing == 0x0) || (SIZEOF (.vector_60) <= (_vector_spacing << 0x5))), function at exception vector 60 too large)

.vector_61      0x9fc019a0        0x8
 *(.vector_61)
 .vector_61     0x9fc019a0        0x8 c:/program files (x86)/microchip/xc32/v1.31/bin/../lib/gcc/pic32mx/4.5.2/../../../../pic32mx/lib\libpic32.a(vector61.o)
                0x9fc019a0                __vector_dispatch_61
                0x00000001                ASSERT (((_vector_spacing == 0x0) || (SIZEOF (.vector_61) <= (_vector_spacing << 0x5))), function at exception vector 61 too large)

.vector_62      0x9fc019c0        0x8
 *(.vector_62)
 .vector_62     0x9fc019c0        0x8 c:/program files (x86)/microchip/xc32/v1.31/bin/../lib/gcc/pic32mx/4.5.2/../../../../pic32mx/lib\libpic32.a(vector62.o)
                0x9fc019c0                __vector_dispatch_62
                0x00000001                ASSERT (((_vector_spacing == 0x0) || (SIZEOF (.vector_62) <= (_vector_spacing << 0x5))), function at exception vector 62 too large)

.vector_63      0x9fc019e0        0x8
 *(.vector_63)
 .vector_63     0x9fc019e0        0x8 c:/program files (x86)/microchip/xc32/v1.31/bin/../lib/gcc/pic32mx/4.5.2/../../../../pic32mx/lib\libpic32.a(vector63.o)
                0x9fc019e0                __vector_dispatch_63
                0x00000001                ASSERT (((_vector_spacing == 0x0) || (SIZEOF (.vector_63) <= (_vector_spacing << 0x5))), function at exception vector 63 too large)

.startup
 *(.startup)

.text           0x9d000000        0x0
 *(.stub .gnu.linkonce.t.*)
 *(.text.*personality*)
 *(.mips16.fn.*)
 *(.mips16.call.*)
 *(.gnu.warning)
                0x9d000000                . = ALIGN (0x4)

.init           0x9d000000        0x0
 *crti.o(.init)
 *crtbegin.o(.init)
 *(EXCLUDE_FILE(*crtn.o *crtend?.o *crtend.o) .init)
 *crtend.o(.init)
 *crtn.o(.init)
                0x9d000000                . = ALIGN (0x4)

.fini           0x9d000000        0x0
 *(.fini)
                0x9d000000                . = ALIGN (0x4)

.preinit_array  0x9d000000        0x0
                0x9d000000                PROVIDE (__preinit_array_start, .)
 *(.preinit_array)
                0x9d000000                PROVIDE (__preinit_array_end, .)
                0x9d000000                . = ALIGN (0x4)

.init_array     0x9d000000        0x0
                0x9d000000                PROVIDE (__init_array_start, .)
 *(SORT(.init_array.*))
 *(.init_array)
                0x9d000000                PROVIDE (__init_array_end, .)
                0x9d000000                . = ALIGN (0x4)

.fini_array     0x9d000000        0x0
                0x9d000000                PROVIDE (__fini_array_start, .)
 *(SORT(.fini_array.*))
 *(.fini_array)
                0x9d000000                PROVIDE (__fini_array_end, .)
                0x9d000000                . = ALIGN (0x4)

.ctors          0x9d000000        0x0
 *crtbegin.o(.ctors)
 *crtbegin?.o(.ctors)
 *(EXCLUDE_FILE(*crtend?.o *crtend.o) .ctors)
 *(SORT(.ctors.*))
 *(.ctors)
                0x9d000000                . = ALIGN (0x4)

.dtors          0x9d000000        0x0
 *crtbegin.o(.dtors)
 *crtbegin?.o(.dtors)
 *(EXCLUDE_FILE(*crtend?.o *crtend.o) .dtors)
 *(SORT(.dtors.*))
 *(.dtors)
                0x9d000000                . = ALIGN (0x4)

.rodata         0x9d000000        0x0
 *(.gnu.linkonce.r.*)
 *(.rodata1)
                0x9d000000                . = ALIGN (0x4)

.sdata2         0x9fc00490        0x0
 *(.sdata2 .sdata2.* .gnu.linkonce.s2.*)
                0x9fc00490                . = ALIGN (0x4)

.sbss2          0x9fc00490        0x0
 *(.sbss2 .sbss2.* .gnu.linkonce.sb2.*)
                0x9fc00490                . = ALIGN (0x4)

.eh_frame_hdr
 *(.eh_frame_hdr)
                0x9fc00490                . = ALIGN (0x4)

.eh_frame
 *(.eh_frame)
                0x9fc00490                . = ALIGN (0x4)

.gcc_except_table
 *(.gcc_except_table .gcc_except_table.*)
                0x9fc00490                . = ALIGN (0x4)

.dbg_data       0xa0000000      0x200
                0xa0000000                . = (. + DEFINED (_DEBUGGER)?0x200:0x0)
 *fill*         0xa0000000      0x200 

.jcr            0xa0000200        0x0
 *(.jcr)
                0xa0000200                . = ALIGN (0x4)

.eh_frame       0xa0000200       0x30
 *(.eh_frame)
 .eh_frame      0xa0000200       0x20 c:/program files (x86)/microchip/xc32/v1.31/bin/../lib/gcc/pic32mx/4.5.2\libgcc.a(_udivdi3.o)
 .eh_frame      0xa0000220       0x10 c:/program files (x86)/microchip/xc32/v1.31/bin/../lib/gcc/pic32mx/4.5.2\libgcc.a(_umoddi3.o)
                0xa0000230                . = ALIGN (0x4)

.gcc_except_table
 *(.gcc_except_table .gcc_except_table.*)
                0xa0000230                . = ALIGN (0x4)

.persist        0xa0000230        0x0
                0xa0000230                _persist_begin = .
 *(.persist .persist.*)
 *(.pbss .pbss.*)
                0xa0000230                . = ALIGN (0x4)
                0xa0000230                _persist_end = .

.data           0xa0000230        0x0
 *(.gnu.linkonce.d.*)
 *(.data1)
                0xa0000230                . = ALIGN (0x4)
                0xa0000230                . = .
                0xa0008220                _gp = (ALIGN (0x10) + 0x7ff0)

.got            0xa0000230        0x0
 *(.got.plt)
 *(.got)
                0xa0000230                . = ALIGN (0x4)

.sdata          0xa0000230       0x14
                0xa0000230                _sdata_begin = .
 *(.sdata .sdata.* .gnu.linkonce.s.*)
 .sdata         0xa0000230        0x4 build/default/debug/_ext/1599763551/port.o
                0xa0000230                uxInterruptNesting
 .sdata         0xa0000234        0x8 build/default/debug/_ext/1472/main.o
 .sdata         0xa000023c        0x4 c:/program files (x86)/microchip/xc32/v1.31/bin/../lib/gcc/pic32mx/4.5.2/../../../../pic32mx/lib\libc.a(_iob.o)
                0xa000023c                _Files
 .sdata         0xa0000240        0x4 c:/program files (x86)/microchip/xc32/v1.31/bin/../lib/gcc/pic32mx/4.5.2/../../../../pic32mx/lib\libpic32.a(xc32_uart.o)
                0xa0000240                __XC_UART
                0xa0000244                . = ALIGN (0x4)
                0xa0000244                _sdata_end = .

.lit8
 *(.lit8)

.lit4
 *(.lit4)
                0xa0000244                . = ALIGN (0x4)
                0xa0000244                _data_end = .
                0xa0000244                _bss_begin = .

.sbss           0xa0000244       0xc4
                0xa0000244                _sbss_begin = .
 *(.dynsbss)
 *(.sbss .sbss.* .gnu.linkonce.sb.*)
 .sbss          0xa0000244        0x4 build/default/debug/_ext/1599763551/port.o
                0xa0000244                uxSavedTaskStackPointer
 .sbss          0xa0000248       0x34 build/default/debug/_ext/190470153/tasks.o
                0xa0000248                pxCurrentTCB
                0xa000024c                uxDeletedTasksWaitingCleanUp
                0xa0000250                uxCurrentNumberOfTasks
                0xa0000254                xTickCount
                0xa0000258                uxTopReadyPriority
                0xa000025c                xSchedulerRunning
                0xa0000260                xPendedTicks
                0xa0000264                xYieldPending
                0xa0000268                xNumOfOverflows
                0xa000026c                uxTaskNumber
                0xa0000270                xNextTaskUnblockTime
                0xa0000274                xIdleTaskHandle
                0xa0000278                uxSchedulerSuspended
 .sbss          0xa000027c       0x20 build/default/debug/_ext/636803636/heap_4.o
 .sbss          0xa000029c        0x8 build/default/debug/_ext/1365677990/BufferAllocation_2.o
 .sbss          0xa00002a4        0x4 build/default/debug/_ext/801913726/FreeRTOS_ARP.o
 .sbss          0xa00002a8        0x4 build/default/debug/_ext/801913726/FreeRTOS_DHCP.o
 .sbss          0xa00002ac       0x1c build/default/debug/_ext/801913726/FreeRTOS_IP.o
                0xa00002ac                xNetworkEventQueue
                0xa00002b0                usPacketIdentifier
 .sbss          0xa00002c8        0x4 build/default/debug/_ext/801913726/FreeRTOS_Sockets.o
 .sbss          0xa00002cc        0x4 build/default/debug/_ext/801913726/FreeRTOS_TCP_WIN.o
                0xa00002cc                xTCPWindowLoggingLevel
 .sbss          0xa00002d0       0x24 build/default/debug/_ext/1386494514/NetworkInterface.o
                0xa00002e0                g_hEthernetTask
                0xa00002ec                g_hLinkUpSemaphore
                0xa00002f0                g_interfaceState
 .sbss          0xa00002f4        0x1 c:/program files (x86)/microchip/xc32/v1.31/bin/../lib/gcc/pic32mx/4.5.2/../../../../pic32mx/lib\libc.a(_iob.o)
                0xa00002f4                _outdone
 *(.scommon)
 *fill*         0xa00002f5        0x3 
 .scommon       0xa00002f8        0x8 build/default/debug/_ext/190470153/tasks.o
                0xa00002f8                pxDelayedTaskList
                0xa00002fc                pxOverflowDelayedTaskList
 .scommon       0xa0000300        0x4 build/default/debug/_ext/1386494514/ETHPIC32ExtPhy.o
                0xa0000300                _PhyAdd
 .scommon       0xa0000304        0x4 build/default/debug/_ext/1472/main.o
                0xa0000304                sendTCP
                0xa0000308                _sbss_end = .
                0xa0000308                . = ALIGN (0x4)

.bss            0xa0000308       0xfc
 *(.dynbss)
 *(COMMON)
 COMMON         0xa0000308       0xb4 build/default/debug/_ext/190470153/tasks.o
                0xa0000308                pxReadyTasksLists
                0xa000036c                xPendingReadyList
                0xa0000380                xTasksWaitingTermination
                0xa0000394                xDelayedTaskList2
                0xa00003a8                xDelayedTaskList1
 COMMON         0xa00003bc       0x28 build/default/debug/_ext/801913726/FreeRTOS_Sockets.o
                0xa00003bc                xBoundUDPSocketsList
                0xa00003d0                xBoundTCPSocketsList
 COMMON         0xa00003e4       0x20 build/default/debug/_ext/1472/main.o
                0xa00003e4                dest_buf
                0xa0000404                . = ALIGN ((. != 0x0)?0x4:0x1)
                0xa0000404                . = ALIGN (0x4)
                0xa0000404                _end = .
                0xa0000404                _bss_end = .
                0x00020000                _bmxdudba_address = 0x20000
                0x00020000                _bmxdupba_address = 0x20000

/DISCARD/
 *(.pdr)
 *(.rel.dyn)
 *(.note.GNU-stack)
 *(.note.GNU-stack)
 *(.gnu_debuglink)
 *(.gnu.lto_*)
 *(.discard)

.gptab.sdata
 *(.gptab.data)
 *(.gptab.sdata)

.gptab.sbss
 *(.gptab.bss)
 *(.gptab.sbss)

.mdebug.abi32   0xa0000404        0x0
 *(.mdebug.abi32)
 .mdebug.abi32  0xa0000404        0x0 build/default/debug/_ext/1599763551/port.o
 .mdebug.abi32  0xa0000404        0x0 build/default/debug/_ext/190470153/event_groups.o
 .mdebug.abi32  0xa0000404        0x0 build/default/debug/_ext/190470153/list.o
 .mdebug.abi32  0xa0000404        0x0 build/default/debug/_ext/190470153/queue.o
 .mdebug.abi32  0xa0000404        0x0 build/default/debug/_ext/190470153/tasks.o
 .mdebug.abi32  0xa0000404        0x0 build/default/debug/_ext/636803636/heap_4.o
 .mdebug.abi32  0xa0000404        0x0 build/default/debug/_ext/1365677990/BufferAllocation_2.o
 .mdebug.abi32  0xa0000404        0x0 build/default/debug/_ext/801913726/FreeRTOS_ARP.o
 .mdebug.abi32  0xa0000404        0x0 build/default/debug/_ext/801913726/FreeRTOS_DHCP.o
 .mdebug.abi32  0xa0000404        0x0 build/default/debug/_ext/801913726/FreeRTOS_DNS.o
 .mdebug.abi32  0xa0000404        0x0 build/default/debug/_ext/801913726/FreeRTOS_IP.o
 .mdebug.abi32  0xa0000404        0x0 build/default/debug/_ext/801913726/FreeRTOS_Sockets.o
 .mdebug.abi32  0xa0000404        0x0 build/default/debug/_ext/801913726/FreeRTOS_Stream_Buffer.o
 .mdebug.abi32  0xa0000404        0x0 build/default/debug/_ext/801913726/FreeRTOS_TCP_IP.o
 .mdebug.abi32  0xa0000404        0x0 build/default/debug/_ext/801913726/FreeRTOS_TCP_WIN.o
 .mdebug.abi32  0xa0000404        0x0 build/default/debug/_ext/801913726/FreeRTOS_UDP_IP.o
 .mdebug.abi32  0xa0000404        0x0 build/default/debug/_ext/1386494514/ETHPIC32ExtPhy.o
 .mdebug.abi32  0xa0000404        0x0 build/default/debug/_ext/1386494514/ETHPIC32ExtPhySMSC8720.o
 .mdebug.abi32  0xa0000404        0x0 build/default/debug/_ext/1386494514/LAN8720A.o
 .mdebug.abi32  0xa0000404        0x0 build/default/debug/_ext/1386494514/NetworkInterface.o
 .mdebug.abi32  0xa0000404        0x0 build/default/debug/_ext/1386494514/PHYGeneric.o
 .mdebug.abi32  0xa0000404        0x0 build/default/debug/_ext/1472/main.o
 .mdebug.abi32  0xa0000404        0x0 build/default/debug/_ext/1472/CerebotMX7cK.o
 .mdebug.abi32  0xa0000404        0x0 c:/program files (x86)/microchip/xc32/v1.31/bin/../lib/gcc/pic32mx/4.5.2/../../../../pic32mx/lib\libmchp_peripheral.a(read_core_timer_lib.o)
 .mdebug.abi32  0xa0000404        0x0 c:/program files (x86)/microchip/xc32/v1.31/bin/../lib/gcc/pic32mx/4.5.2/../../../../pic32mx/lib\libmchp_peripheral_32MX795F512L.a(eth_init_lib.o)
 .mdebug.abi32  0xa0000404        0x0 c:/program files (x86)/microchip/xc32/v1.31/bin/../lib/gcc/pic32mx/4.5.2/../../../../pic32mx/lib\libmchp_peripheral_32MX795F512L.a(eth_miim_access.o)
 .mdebug.abi32  0xa0000404        0x0 c:/program files (x86)/microchip/xc32/v1.31/bin/../lib/gcc/pic32mx/4.5.2/../../../../pic32mx/lib\libmchp_peripheral_32MX795F512L.a(pcache.o)
 .mdebug.abi32  0xa0000404        0x0 c:/program files (x86)/microchip/xc32/v1.31/bin/../lib/gcc/pic32mx/4.5.2/../../../../pic32mx/lib\libmchp_peripheral_32MX795F512L.a(int_configure_system_lib.o)
 .mdebug.abi32  0xa0000404        0x0 c:/program files (x86)/microchip/xc32/v1.31/bin/../lib/gcc/pic32mx/4.5.2/../../../../pic32mx/lib\libmchp_peripheral_32MX795F512L.a(int_enable_interrupts_lib.o)
 .mdebug.abi32  0xa0000404        0x0 c:/program files (x86)/microchip/xc32/v1.31/bin/../lib/gcc/pic32mx/4.5.2/../../../../pic32mx/lib\libmchp_peripheral_32MX795F512L.a(int_disable_interrupts_lib.o)
 .mdebug.abi32  0xa0000404        0x0 c:/program files (x86)/microchip/xc32/v1.31/bin/../lib/gcc/pic32mx/4.5.2/../../../../pic32mx/lib\libmchp_peripheral_32MX795F512L.a(int_restore_interrupts_lib.o)
 .mdebug.abi32  0xa0000404        0x0 c:/program files (x86)/microchip/xc32/v1.31/bin/../lib/gcc/pic32mx/4.5.2/../../../../pic32mx/lib\libmchp_peripheral_32MX795F512L.a(int_tbl_lib.o)
 .mdebug.abi32  0xa0000404        0x0 c:/program files (x86)/microchip/xc32/v1.31/bin/../lib/gcc/pic32mx/4.5.2/../../../../pic32mx/lib\libmchp_peripheral_32MX795F512L.a(dma_chn_set_ev_enable_flags_lib.o)
 .mdebug.abi32  0xa0000404        0x0 c:/program files (x86)/microchip/xc32/v1.31/bin/../lib/gcc/pic32mx/4.5.2/../../../../pic32mx/lib\libmchp_peripheral_32MX795F512L.a(dma_chn_clr_ev_flags_lib.o)
 .mdebug.abi32  0xa0000404        0x0 c:/program files (x86)/microchip/xc32/v1.31/bin/../lib/gcc/pic32mx/4.5.2/../../../../pic32mx/lib\libmchp_peripheral_32MX795F512L.a(dma_chn_open_lib.o)
 .mdebug.abi32  0xa0000404        0x0 c:/program files (x86)/microchip/xc32/v1.31/bin/../lib/gcc/pic32mx/4.5.2/../../../../pic32mx/lib\libmchp_peripheral_32MX795F512L.a(dma_chn_get_ev_flags_lib.o)
 .mdebug.abi32  0xa0000404        0x0 c:/program files (x86)/microchip/xc32/v1.31/bin/../lib/gcc/pic32mx/4.5.2/../../../../pic32mx/lib\libmchp_peripheral_32MX795F512L.a(dma_chn_set_txfer_lib.o)
 .mdebug.abi32  0xa0000404        0x0 c:/program files (x86)/microchip/xc32/v1.31/bin/../lib/gcc/pic32mx/4.5.2/../../../../pic32mx/lib\libmchp_peripheral_32MX795F512L.a(dma_chn_start_txfer_lib.o)
 .mdebug.abi32  0xa0000404        0x0 c:/program files (x86)/microchip/xc32/v1.31/bin/../lib/gcc/pic32mx/4.5.2/../../../../pic32mx/lib\libmchp_peripheral_32MX795F512L.a(dma_reg_map_tbl_lib.o)
 .mdebug.abi32  0xa0000404        0x0 c:/program files (x86)/microchip/xc32/v1.31/bin/../lib/gcc/pic32mx/4.5.2/../../../../pic32mx/lib\libmchp_peripheral_32MX795F512L.a(port_set_pins_digital_in_lib.o)
 .mdebug.abi32  0xa0000404        0x0 c:/program files (x86)/microchip/xc32/v1.31/bin/../lib/gcc/pic32mx/4.5.2/../../../../pic32mx/lib\libmchp_peripheral_32MX795F512L.a(port_set_pins_digital_out_lib.o)
 .mdebug.abi32  0xa0000404        0x0 c:/program files (x86)/microchip/xc32/v1.31/bin/../lib/gcc/pic32mx/4.5.2/../../../../pic32mx/lib\libmchp_peripheral_32MX795F512L.a(_ports_tbl_libp.o)
 .mdebug.abi32  0xa0000404        0x0 c:/program files (x86)/microchip/xc32/v1.31/bin/../lib/gcc/pic32mx/4.5.2/../../../../pic32mx/lib\libpic32.a(default-bootstrap-exception-handler.o)
 .mdebug.abi32  0xa0000404        0x0 c:/program files (x86)/microchip/xc32/v1.31/bin/../lib/gcc/pic32mx/4.5.2/../../../../pic32mx/lib\libpic32.a(default-on-reset.o)
 .mdebug.abi32  0xa0000404        0x0 c:/program files (x86)/microchip/xc32/v1.31/bin/../lib/gcc/pic32mx/4.5.2/../../../../pic32mx/lib\libpic32.a(default-on-bootstrap.o)
 .mdebug.abi32  0xa0000404        0x0 c:/program files (x86)/microchip/xc32/v1.31/bin/../lib/gcc/pic32mx/4.5.2/../../../../pic32mx/lib\libpic32.a(defaultinterrupt.o)
 .mdebug.abi32  0xa0000404        0x0 c:/program files (x86)/microchip/xc32/v1.31/bin/../lib/gcc/pic32mx/4.5.2/../../../../pic32mx/lib\libc.a(memmove.o)
 .mdebug.abi32  0xa0000404        0x0 c:/program files (x86)/microchip/xc32/v1.31/bin/../lib/gcc/pic32mx/4.5.2/../../../../pic32mx/lib\libc.a(snprintf_cdnopsuxX.eo)
 .mdebug.abi32  0xa0000404        0x0 c:/program files (x86)/microchip/xc32/v1.31/bin/../lib/gcc/pic32mx/4.5.2/../../../../pic32mx/lib\libc.a(sprintf_cdnopuxX.eo)
 .mdebug.abi32  0xa0000404        0x0 c:/program files (x86)/microchip/xc32/v1.31/bin/../lib/gcc/pic32mx/4.5.2/../../../../pic32mx/lib\libc.a(vsnprintf_cdnopsuxX.eo)
 .mdebug.abi32  0xa0000404        0x0 c:/program files (x86)/microchip/xc32/v1.31/bin/../lib/gcc/pic32mx/4.5.2/../../../../pic32mx/lib\libc.a(doprnt_cdnopsuxX.eo)
 .mdebug.abi32  0xa0000404        0x0 c:/program files (x86)/microchip/xc32/v1.31/bin/../lib/gcc/pic32mx/4.5.2/../../../../pic32mx/lib\libc.a(_fputc_simple.o)
 .mdebug.abi32  0xa0000404        0x0 c:/program files (x86)/microchip/xc32/v1.31/bin/../lib/gcc/pic32mx/4.5.2/../../../../pic32mx/lib\libc.a(ctype.o)
 .mdebug.abi32  0xa0000404        0x0 c:/program files (x86)/microchip/xc32/v1.31/bin/../lib/gcc/pic32mx/4.5.2/../../../../pic32mx/lib\libc.a(_iob.o)
 .mdebug.abi32  0xa0000404        0x0 c:/program files (x86)/microchip/xc32/v1.31/bin/../lib/gcc/pic32mx/4.5.2/../../../../pic32mx/lib\libc.a(_flsbuf_simple.o)
 .mdebug.abi32  0xa0000404        0x0 c:/program files (x86)/microchip/xc32/v1.31/bin/../lib/gcc/pic32mx/4.5.2/../../../../pic32mx/lib\libpic32.a(write.o)
 .mdebug.abi32  0xa0000404        0x0 c:/program files (x86)/microchip/xc32/v1.31/bin/../lib/gcc/pic32mx/4.5.2/../../../../pic32mx/lib\libpic32.a(_mon_putc.o)
 .mdebug.abi32  0xa0000404        0x0 c:/program files (x86)/microchip/xc32/v1.31/bin/../lib/gcc/pic32mx/4.5.2/../../../../pic32mx/lib\libpic32.a(xc32_uart.o)
 .mdebug.abi32  0xa0000404        0x0 c:/program files (x86)/microchip/xc32/v1.31/bin/../lib/gcc/pic32mx/4.5.2\libgcc.a(_udivdi3.o)
 .mdebug.abi32  0xa0000404        0x0 c:/program files (x86)/microchip/xc32/v1.31/bin/../lib/gcc/pic32mx/4.5.2\libgcc.a(_umoddi3.o)
 .mdebug.abi32  0xa0000404        0x0 c:/program files (x86)/microchip/xc32/v1.31/bin/../lib/gcc/pic32mx/4.5.2/../../../../pic32mx/lib\software-debug-break.o

.mdebug.abiN32
 *(.mdebug.abiN32)

.mdebug.abi64
 *(.mdebug.abi64)

.mdebug.abiO64
 *(.mdebug.abiO64)

.mdebug.eabi32
 *(.mdebug.eabi32)

.mdebug.eabi64
 *(.mdebug.eabi64)

.gcc_compiled_long32
 *(.gcc_compiled_long32)

.gcc_compiled_long64
 *(.gcc_compiled_long64)

.stab
 *(.stab)

.stabstr
 *(.stabstr)

.stab.excl
 *(.stab.excl)

.stab.exclstr
 *(.stab.exclstr)

.stab.index
 *(.stab.index)

.stab.indexstr
 *(.stab.indexstr)

.comment        0x00000000      0x164
 *(.comment)
 .comment       0x00000000       0x3c build/default/debug/_ext/1599763551/port.o
                                 0x3d (size before relaxing)
 .comment       0x00000000       0x3d build/default/debug/_ext/190470153/event_groups.o
 .comment       0x00000000       0x3d build/default/debug/_ext/190470153/list.o
 .comment       0x00000000       0x3d build/default/debug/_ext/190470153/queue.o
 .comment       0x00000000       0x3d build/default/debug/_ext/190470153/tasks.o
 .comment       0x00000000       0x3d build/default/debug/_ext/636803636/heap_4.o
 .comment       0x00000000       0x3d build/default/debug/_ext/1365677990/BufferAllocation_2.o
 .comment       0x00000000       0x3d build/default/debug/_ext/801913726/FreeRTOS_ARP.o
 .comment       0x00000000       0x3d build/default/debug/_ext/801913726/FreeRTOS_DHCP.o
 .comment       0x00000000       0x3d build/default/debug/_ext/801913726/FreeRTOS_DNS.o
 .comment       0x00000000       0x3d build/default/debug/_ext/801913726/FreeRTOS_IP.o
 .comment       0x00000000       0x3d build/default/debug/_ext/801913726/FreeRTOS_Sockets.o
 .comment       0x00000000       0x3d build/default/debug/_ext/801913726/FreeRTOS_Stream_Buffer.o
 .comment       0x00000000       0x3d build/default/debug/_ext/801913726/FreeRTOS_TCP_IP.o
 .comment       0x00000000       0x3d build/default/debug/_ext/801913726/FreeRTOS_TCP_WIN.o
 .comment       0x00000000       0x3d build/default/debug/_ext/801913726/FreeRTOS_UDP_IP.o
 .comment       0x00000000       0x3d build/default/debug/_ext/1386494514/ETHPIC32ExtPhy.o
 .comment       0x00000000       0x3d build/default/debug/_ext/1386494514/ETHPIC32ExtPhySMSC8720.o
 .comment       0x00000000       0x3d build/default/debug/_ext/1386494514/LAN8720A.o
 .comment       0x00000000       0x3d build/default/debug/_ext/1386494514/NetworkInterface.o
 .comment       0x00000000       0x3d build/default/debug/_ext/1386494514/PHYGeneric.o
 .comment       0x00000000       0x3d build/default/debug/_ext/1472/main.o
 .comment       0x00000000       0x3d build/default/debug/_ext/1472/CerebotMX7cK.o
 .comment       0x0000003c       0x3c c:/program files (x86)/microchip/xc32/v1.31/bin/../lib/gcc/pic32mx/4.5.2/../../../../pic32mx/lib\libmchp_peripheral.a(read_core_timer_lib.o)
                                 0x3d (size before relaxing)
 .comment       0x00000000       0x3d c:/program files (x86)/microchip/xc32/v1.31/bin/../lib/gcc/pic32mx/4.5.2/../../../../pic32mx/lib\libmchp_peripheral_32MX795F512L.a(eth_init_lib.o)
 .comment       0x00000000       0x3d c:/program files (x86)/microchip/xc32/v1.31/bin/../lib/gcc/pic32mx/4.5.2/../../../../pic32mx/lib\libmchp_peripheral_32MX795F512L.a(eth_miim_access.o)
 .comment       0x00000000       0x3d c:/program files (x86)/microchip/xc32/v1.31/bin/../lib/gcc/pic32mx/4.5.2/../../../../pic32mx/lib\libmchp_peripheral_32MX795F512L.a(pcache.o)
 .comment       0x00000000       0x3d c:/program files (x86)/microchip/xc32/v1.31/bin/../lib/gcc/pic32mx/4.5.2/../../../../pic32mx/lib\libmchp_peripheral_32MX795F512L.a(int_configure_system_lib.o)
 .comment       0x00000000       0x3d c:/program files (x86)/microchip/xc32/v1.31/bin/../lib/gcc/pic32mx/4.5.2/../../../../pic32mx/lib\libmchp_peripheral_32MX795F512L.a(int_enable_interrupts_lib.o)
 .comment       0x00000000       0x3d c:/program files (x86)/microchip/xc32/v1.31/bin/../lib/gcc/pic32mx/4.5.2/../../../../pic32mx/lib\libmchp_peripheral_32MX795F512L.a(int_disable_interrupts_lib.o)
 .comment       0x00000000       0x3d c:/program files (x86)/microchip/xc32/v1.31/bin/../lib/gcc/pic32mx/4.5.2/../../../../pic32mx/lib\libmchp_peripheral_32MX795F512L.a(int_restore_interrupts_lib.o)
 .comment       0x00000000       0x3d c:/program files (x86)/microchip/xc32/v1.31/bin/../lib/gcc/pic32mx/4.5.2/../../../../pic32mx/lib\libmchp_peripheral_32MX795F512L.a(int_tbl_lib.o)
 .comment       0x00000000       0x3d c:/program files (x86)/microchip/xc32/v1.31/bin/../lib/gcc/pic32mx/4.5.2/../../../../pic32mx/lib\libmchp_peripheral_32MX795F512L.a(dma_chn_set_ev_enable_flags_lib.o)
 .comment       0x00000000       0x3d c:/program files (x86)/microchip/xc32/v1.31/bin/../lib/gcc/pic32mx/4.5.2/../../../../pic32mx/lib\libmchp_peripheral_32MX795F512L.a(dma_chn_clr_ev_flags_lib.o)
 .comment       0x00000000       0x3d c:/program files (x86)/microchip/xc32/v1.31/bin/../lib/gcc/pic32mx/4.5.2/../../../../pic32mx/lib\libmchp_peripheral_32MX795F512L.a(dma_chn_open_lib.o)
 .comment       0x00000000       0x3d c:/program files (x86)/microchip/xc32/v1.31/bin/../lib/gcc/pic32mx/4.5.2/../../../../pic32mx/lib\libmchp_peripheral_32MX795F512L.a(dma_chn_get_ev_flags_lib.o)
 .comment       0x00000000       0x3d c:/program files (x86)/microchip/xc32/v1.31/bin/../lib/gcc/pic32mx/4.5.2/../../../../pic32mx/lib\libmchp_peripheral_32MX795F512L.a(dma_chn_set_txfer_lib.o)
 .comment       0x00000000       0x3d c:/program files (x86)/microchip/xc32/v1.31/bin/../lib/gcc/pic32mx/4.5.2/../../../../pic32mx/lib\libmchp_peripheral_32MX795F512L.a(dma_chn_start_txfer_lib.o)
 .comment       0x00000000       0x3d c:/program files (x86)/microchip/xc32/v1.31/bin/../lib/gcc/pic32mx/4.5.2/../../../../pic32mx/lib\libmchp_peripheral_32MX795F512L.a(dma_reg_map_tbl_lib.o)
 .comment       0x00000000       0x3d c:/program files (x86)/microchip/xc32/v1.31/bin/../lib/gcc/pic32mx/4.5.2/../../../../pic32mx/lib\libmchp_peripheral_32MX795F512L.a(port_set_pins_digital_in_lib.o)
 .comment       0x00000000       0x3d c:/program files (x86)/microchip/xc32/v1.31/bin/../lib/gcc/pic32mx/4.5.2/../../../../pic32mx/lib\libmchp_peripheral_32MX795F512L.a(port_set_pins_digital_out_lib.o)
 .comment       0x00000000       0x3d c:/program files (x86)/microchip/xc32/v1.31/bin/../lib/gcc/pic32mx/4.5.2/../../../../pic32mx/lib\libmchp_peripheral_32MX795F512L.a(_ports_tbl_libp.o)
 .comment       0x00000078       0x18 c:/program files (x86)/microchip/xc32/v1.31/bin/../lib/gcc/pic32mx/4.5.2/../../../../pic32mx/lib\libpic32.a(memcmp.o)
                                 0x19 (size before relaxing)
 .comment       0x00000090       0x18 c:/program files (x86)/microchip/xc32/v1.31/bin/../lib/gcc/pic32mx/4.5.2/../../../../pic32mx/lib\libpic32.a(memset.o)
                                 0x19 (size before relaxing)
 .comment       0x000000a8       0x19 c:/program files (x86)/microchip/xc32/v1.31/bin/../lib/gcc/pic32mx/4.5.2/../../../../pic32mx/lib\libpic32.a(strcpy.o)
                                 0x1a (size before relaxing)
 .comment       0x000000c1       0x19 c:/program files (x86)/microchip/xc32/v1.31/bin/../lib/gcc/pic32mx/4.5.2/../../../../pic32mx/lib\libpic32.a(strlen.o)
                                 0x1a (size before relaxing)
 .comment       0x000000da       0x3c c:/program files (x86)/microchip/xc32/v1.31/bin/../lib/gcc/pic32mx/4.5.2/../../../../pic32mx/lib\libpic32.a(default-bootstrap-exception-handler.o)
                                 0x3d (size before relaxing)
 .comment       0x00000000       0x3d c:/program files (x86)/microchip/xc32/v1.31/bin/../lib/gcc/pic32mx/4.5.2/../../../../pic32mx/lib\libpic32.a(default-on-reset.o)
 .comment       0x00000000       0x3d c:/program files (x86)/microchip/xc32/v1.31/bin/../lib/gcc/pic32mx/4.5.2/../../../../pic32mx/lib\libpic32.a(default-on-bootstrap.o)
 .comment       0x00000000       0x3d c:/program files (x86)/microchip/xc32/v1.31/bin/../lib/gcc/pic32mx/4.5.2/../../../../pic32mx/lib\libpic32.a(defaultinterrupt.o)
 .comment       0x00000000       0x3d c:/program files (x86)/microchip/xc32/v1.31/bin/../lib/gcc/pic32mx/4.5.2/../../../../pic32mx/lib\libc.a(memmove.o)
 .comment       0x00000000       0x3d c:/program files (x86)/microchip/xc32/v1.31/bin/../lib/gcc/pic32mx/4.5.2/../../../../pic32mx/lib\libc.a(snprintf_cdnopsuxX.eo)
 .comment       0x00000000       0x3d c:/program files (x86)/microchip/xc32/v1.31/bin/../lib/gcc/pic32mx/4.5.2/../../../../pic32mx/lib\libc.a(sprintf_cdnopuxX.eo)
 .comment       0x00000000       0x3d c:/program files (x86)/microchip/xc32/v1.31/bin/../lib/gcc/pic32mx/4.5.2/../../../../pic32mx/lib\libc.a(vsnprintf_cdnopsuxX.eo)
 .comment       0x00000000       0x3d c:/program files (x86)/microchip/xc32/v1.31/bin/../lib/gcc/pic32mx/4.5.2/../../../../pic32mx/lib\libc.a(doprnt_cdnopsuxX.eo)
 .comment       0x00000000       0x3d c:/program files (x86)/microchip/xc32/v1.31/bin/../lib/gcc/pic32mx/4.5.2/../../../../pic32mx/lib\libc.a(_fputc_simple.o)
 .comment       0x00000116       0x4e c:/program files (x86)/microchip/xc32/v1.31/bin/../lib/gcc/pic32mx/4.5.2/../../../../pic32mx/lib\libc.a(ctype.o)
                                 0x8b (size before relaxing)
 .comment       0x00000000       0x3d c:/program files (x86)/microchip/xc32/v1.31/bin/../lib/gcc/pic32mx/4.5.2/../../../../pic32mx/lib\libc.a(_iob.o)
 .comment       0x00000000       0x3d c:/program files (x86)/microchip/xc32/v1.31/bin/../lib/gcc/pic32mx/4.5.2/../../../../pic32mx/lib\libc.a(_flsbuf_simple.o)
 .comment       0x00000000       0x3d c:/program files (x86)/microchip/xc32/v1.31/bin/../lib/gcc/pic32mx/4.5.2/../../../../pic32mx/lib\libpic32.a(write.o)
 .comment       0x00000000       0x3d c:/program files (x86)/microchip/xc32/v1.31/bin/../lib/gcc/pic32mx/4.5.2/../../../../pic32mx/lib\libpic32.a(_mon_putc.o)
 .comment       0x00000000       0x3d c:/program files (x86)/microchip/xc32/v1.31/bin/../lib/gcc/pic32mx/4.5.2/../../../../pic32mx/lib\libpic32.a(xc32_uart.o)
 .comment       0x00000000       0x3d c:/program files (x86)/microchip/xc32/v1.31/bin/../lib/gcc/pic32mx/4.5.2\libgcc.a(_udivdi3.o)
 .comment       0x00000000       0x3d c:/program files (x86)/microchip/xc32/v1.31/bin/../lib/gcc/pic32mx/4.5.2\libgcc.a(_umoddi3.o)
 .comment       0x00000000       0x3d c:/program files (x86)/microchip/xc32/v1.31/bin/../lib/gcc/pic32mx/4.5.2/../../../../pic32mx/lib\software-debug-break.o

.debug
 *(.debug)

.line
 *(.line)

.debug_srcinfo
 *(.debug_srcinfo)

.debug_sfnames
 *(.debug_sfnames)

.debug_aranges  0x00000000      0x810
 *(.debug_aranges)
 .debug_aranges
                0x00000000       0x20 build/default/debug/_ext/1599763551/port.o
 .debug_aranges
                0x00000020       0x20 build/default/debug/_ext/1599763551/port_asm.o
 .debug_aranges
                0x00000040       0x20 build/default/debug/_ext/190470153/event_groups.o
 .debug_aranges
                0x00000060       0x20 build/default/debug/_ext/190470153/list.o
 .debug_aranges
                0x00000080       0x20 build/default/debug/_ext/190470153/queue.o
 .debug_aranges
                0x000000a0       0x20 build/default/debug/_ext/190470153/tasks.o
 .debug_aranges
                0x000000c0       0x20 build/default/debug/_ext/636803636/heap_4.o
 .debug_aranges
                0x000000e0       0x20 build/default/debug/_ext/1365677990/BufferAllocation_2.o
 .debug_aranges
                0x00000100       0x20 build/default/debug/_ext/801913726/FreeRTOS_ARP.o
 .debug_aranges
                0x00000120       0x20 build/default/debug/_ext/801913726/FreeRTOS_DHCP.o
 .debug_aranges
                0x00000140       0x20 build/default/debug/_ext/801913726/FreeRTOS_DNS.o
 .debug_aranges
                0x00000160       0x20 build/default/debug/_ext/801913726/FreeRTOS_IP.o
 .debug_aranges
                0x00000180       0x20 build/default/debug/_ext/801913726/FreeRTOS_Sockets.o
 .debug_aranges
                0x000001a0       0x20 build/default/debug/_ext/801913726/FreeRTOS_Stream_Buffer.o
 .debug_aranges
                0x000001c0       0x20 build/default/debug/_ext/801913726/FreeRTOS_TCP_IP.o
 .debug_aranges
                0x000001e0       0x20 build/default/debug/_ext/801913726/FreeRTOS_TCP_WIN.o
 .debug_aranges
                0x00000200       0x20 build/default/debug/_ext/801913726/FreeRTOS_UDP_IP.o
 .debug_aranges
                0x00000220       0x20 build/default/debug/_ext/1386494514/ETHPIC32ExtPhy.o
 .debug_aranges
                0x00000240       0x20 build/default/debug/_ext/1386494514/ETHPIC32ExtPhySMSC8720.o
 .debug_aranges
                0x00000260       0x20 build/default/debug/_ext/1386494514/LAN8720A.o
 .debug_aranges
                0x00000280       0x20 build/default/debug/_ext/1386494514/NetworkInterface.o
 .debug_aranges
                0x000002a0       0x20 build/default/debug/_ext/1386494514/PHYGeneric.o
 .debug_aranges
                0x000002c0       0x20 build/default/debug/_ext/1386494514/Ethernet_ISR.o
 .debug_aranges
                0x000002e0       0x20 build/default/debug/_ext/1386494514/PHY_isr.o
 .debug_aranges
                0x00000300       0x20 build/default/debug/_ext/1472/main.o
 .debug_aranges
                0x00000320       0x20 build/default/debug/_ext/1472/CerebotMX7cK.o
 .debug_aranges
                0x00000340       0x20 build/default/debug/_ext/1472/dma_isr_wrapper.o
 .debug_aranges
                0x00000360       0x20 build/default/debug/_ext/1472/adc_isr_wrapper.o
 .debug_aranges
                0x00000380       0x20 c:/program files (x86)/microchip/xc32/v1.31/bin/../lib/gcc/pic32mx/4.5.2/../../../../pic32mx/lib\libmchp_peripheral.a(read_core_timer_lib.o)
 .debug_aranges
                0x000003a0       0x20 c:/program files (x86)/microchip/xc32/v1.31/bin/../lib/gcc/pic32mx/4.5.2/../../../../pic32mx/lib\libmchp_peripheral_32MX795F512L.a(eth_init_lib.o)
 .debug_aranges
                0x000003c0       0x48 c:/program files (x86)/microchip/xc32/v1.31/bin/../lib/gcc/pic32mx/4.5.2/../../../../pic32mx/lib\libmchp_peripheral_32MX795F512L.a(eth_miim_access.o)
 .debug_aranges
                0x00000408       0x28 c:/program files (x86)/microchip/xc32/v1.31/bin/../lib/gcc/pic32mx/4.5.2/../../../../pic32mx/lib\libmchp_peripheral_32MX795F512L.a(pcache.o)
 .debug_aranges
                0x00000430       0x20 c:/program files (x86)/microchip/xc32/v1.31/bin/../lib/gcc/pic32mx/4.5.2/../../../../pic32mx/lib\libmchp_peripheral_32MX795F512L.a(int_configure_system_lib.o)
 .debug_aranges
                0x00000450       0x20 c:/program files (x86)/microchip/xc32/v1.31/bin/../lib/gcc/pic32mx/4.5.2/../../../../pic32mx/lib\libmchp_peripheral_32MX795F512L.a(int_enable_interrupts_lib.o)
 .debug_aranges
                0x00000470       0x20 c:/program files (x86)/microchip/xc32/v1.31/bin/../lib/gcc/pic32mx/4.5.2/../../../../pic32mx/lib\libmchp_peripheral_32MX795F512L.a(int_disable_interrupts_lib.o)
 .debug_aranges
                0x00000490       0x20 c:/program files (x86)/microchip/xc32/v1.31/bin/../lib/gcc/pic32mx/4.5.2/../../../../pic32mx/lib\libmchp_peripheral_32MX795F512L.a(int_restore_interrupts_lib.o)
 .debug_aranges
                0x000004b0       0x60 c:/program files (x86)/microchip/xc32/v1.31/bin/../lib/gcc/pic32mx/4.5.2/../../../../pic32mx/lib\libmchp_peripheral_32MX795F512L.a(int_tbl_lib.o)
 .debug_aranges
                0x00000510       0x20 c:/program files (x86)/microchip/xc32/v1.31/bin/../lib/gcc/pic32mx/4.5.2/../../../../pic32mx/lib\libmchp_peripheral_32MX795F512L.a(dma_chn_set_ev_enable_flags_lib.o)
 .debug_aranges
                0x00000530       0x20 c:/program files (x86)/microchip/xc32/v1.31/bin/../lib/gcc/pic32mx/4.5.2/../../../../pic32mx/lib\libmchp_peripheral_32MX795F512L.a(dma_chn_clr_ev_flags_lib.o)
 .debug_aranges
                0x00000550       0x20 c:/program files (x86)/microchip/xc32/v1.31/bin/../lib/gcc/pic32mx/4.5.2/../../../../pic32mx/lib\libmchp_peripheral_32MX795F512L.a(dma_chn_open_lib.o)
 .debug_aranges
                0x00000570       0x20 c:/program files (x86)/microchip/xc32/v1.31/bin/../lib/gcc/pic32mx/4.5.2/../../../../pic32mx/lib\libmchp_peripheral_32MX795F512L.a(dma_chn_get_ev_flags_lib.o)
 .debug_aranges
                0x00000590       0x20 c:/program files (x86)/microchip/xc32/v1.31/bin/../lib/gcc/pic32mx/4.5.2/../../../../pic32mx/lib\libmchp_peripheral_32MX795F512L.a(dma_chn_set_txfer_lib.o)
 .debug_aranges
                0x000005b0       0x20 c:/program files (x86)/microchip/xc32/v1.31/bin/../lib/gcc/pic32mx/4.5.2/../../../../pic32mx/lib\libmchp_peripheral_32MX795F512L.a(dma_chn_start_txfer_lib.o)
 .debug_aranges
                0x000005d0       0x20 c:/program files (x86)/microchip/xc32/v1.31/bin/../lib/gcc/pic32mx/4.5.2/../../../../pic32mx/lib\libmchp_peripheral_32MX795F512L.a(port_set_pins_digital_in_lib.o)
 .debug_aranges
                0x000005f0       0x20 c:/program files (x86)/microchip/xc32/v1.31/bin/../lib/gcc/pic32mx/4.5.2/../../../../pic32mx/lib\libmchp_peripheral_32MX795F512L.a(port_set_pins_digital_out_lib.o)
 .debug_aranges
                0x00000610       0x20 c:/program files (x86)/microchip/xc32/v1.31/bin/../lib/gcc/pic32mx/4.5.2/../../../../pic32mx/lib\libpic32.a(default-bootstrap-exception-handler.o)
 .debug_aranges
                0x00000630       0x20 c:/program files (x86)/microchip/xc32/v1.31/bin/../lib/gcc/pic32mx/4.5.2/../../../../pic32mx/lib\libpic32.a(default-on-reset.o)
 .debug_aranges
                0x00000650       0x20 c:/program files (x86)/microchip/xc32/v1.31/bin/../lib/gcc/pic32mx/4.5.2/../../../../pic32mx/lib\libpic32.a(default-on-bootstrap.o)
 .debug_aranges
                0x00000670       0x20 c:/program files (x86)/microchip/xc32/v1.31/bin/../lib/gcc/pic32mx/4.5.2/../../../../pic32mx/lib\libpic32.a(defaultinterrupt.o)
 .debug_aranges
                0x00000690       0x20 c:/program files (x86)/microchip/xc32/v1.31/bin/../lib/gcc/pic32mx/4.5.2/../../../../pic32mx/lib\libc.a(memmove.o)
 .debug_aranges
                0x000006b0       0x20 c:/program files (x86)/microchip/xc32/v1.31/bin/../lib/gcc/pic32mx/4.5.2/../../../../pic32mx/lib\libc.a(snprintf_cdnopsuxX.eo)
 .debug_aranges
                0x000006d0       0x20 c:/program files (x86)/microchip/xc32/v1.31/bin/../lib/gcc/pic32mx/4.5.2/../../../../pic32mx/lib\libc.a(sprintf_cdnopuxX.eo)
 .debug_aranges
                0x000006f0       0x20 c:/program files (x86)/microchip/xc32/v1.31/bin/../lib/gcc/pic32mx/4.5.2/../../../../pic32mx/lib\libc.a(vsnprintf_cdnopsuxX.eo)
 .debug_aranges
                0x00000710       0x20 c:/program files (x86)/microchip/xc32/v1.31/bin/../lib/gcc/pic32mx/4.5.2/../../../../pic32mx/lib\libc.a(doprnt_cdnopsuxX.eo)
 .debug_aranges
                0x00000730       0x20 c:/program files (x86)/microchip/xc32/v1.31/bin/../lib/gcc/pic32mx/4.5.2/../../../../pic32mx/lib\libc.a(_fputc_simple.o)
 .debug_aranges
                0x00000750       0x20 c:/program files (x86)/microchip/xc32/v1.31/bin/../lib/gcc/pic32mx/4.5.2/../../../../pic32mx/lib\libc.a(_flsbuf_simple.o)
 .debug_aranges
                0x00000770       0x20 c:/program files (x86)/microchip/xc32/v1.31/bin/../lib/gcc/pic32mx/4.5.2/../../../../pic32mx/lib\libpic32.a(write.o)
 .debug_aranges
                0x00000790       0x20 c:/program files (x86)/microchip/xc32/v1.31/bin/../lib/gcc/pic32mx/4.5.2/../../../../pic32mx/lib\libpic32.a(_mon_putc.o)
 .debug_aranges
                0x000007b0       0x20 c:/program files (x86)/microchip/xc32/v1.31/bin/../lib/gcc/pic32mx/4.5.2\libgcc.a(_udivdi3.o)
 .debug_aranges
                0x000007d0       0x20 c:/program files (x86)/microchip/xc32/v1.31/bin/../lib/gcc/pic32mx/4.5.2\libgcc.a(_umoddi3.o)
 .debug_aranges
                0x000007f0       0x20 c:/program files (x86)/microchip/xc32/v1.31/bin/../lib/gcc/pic32mx/4.5.2/../../../../pic32mx/lib\software-debug-break.o

.debug_pubnames
                0x00000000     0x24fc
 *(.debug_pubnames)
 .debug_pubnames
                0x00000000      0x130 build/default/debug/_ext/1599763551/port.o
 .debug_pubnames
                0x00000130      0x12b build/default/debug/_ext/190470153/event_groups.o
 .debug_pubnames
                0x0000025b       0x72 build/default/debug/_ext/190470153/list.o
 .debug_pubnames
                0x000002cd      0x219 build/default/debug/_ext/190470153/queue.o
 .debug_pubnames
                0x000004e6      0x77d build/default/debug/_ext/190470153/tasks.o
 .debug_pubnames
                0x00000c63       0x9e build/default/debug/_ext/636803636/heap_4.o
 .debug_pubnames
                0x00000d01      0x137 build/default/debug/_ext/1365677990/BufferAllocation_2.o
 .debug_pubnames
                0x00000e38       0xe5 build/default/debug/_ext/801913726/FreeRTOS_ARP.o
 .debug_pubnames
                0x00000f1d       0x47 build/default/debug/_ext/801913726/FreeRTOS_DHCP.o
 .debug_pubnames
                0x00000f64       0x43 build/default/debug/_ext/801913726/FreeRTOS_DNS.o
 .debug_pubnames
                0x00000fa7      0x472 build/default/debug/_ext/801913726/FreeRTOS_IP.o
 .debug_pubnames
                0x00001419      0x387 build/default/debug/_ext/801913726/FreeRTOS_Sockets.o
 .debug_pubnames
                0x000017a0       0x3e build/default/debug/_ext/801913726/FreeRTOS_Stream_Buffer.o
 .debug_pubnames
                0x000017de       0x6f build/default/debug/_ext/801913726/FreeRTOS_TCP_IP.o
 .debug_pubnames
                0x0000184d      0x102 build/default/debug/_ext/801913726/FreeRTOS_TCP_WIN.o
 .debug_pubnames
                0x0000194f       0x6f build/default/debug/_ext/801913726/FreeRTOS_UDP_IP.o
 .debug_pubnames
                0x000019be      0x143 build/default/debug/_ext/1386494514/ETHPIC32ExtPhy.o
 .debug_pubnames
                0x00001b01       0x6b build/default/debug/_ext/1386494514/ETHPIC32ExtPhySMSC8720.o
 .debug_pubnames
                0x00001b6c       0x48 build/default/debug/_ext/1386494514/LAN8720A.o
 .debug_pubnames
                0x00001bb4      0x194 build/default/debug/_ext/1386494514/NetworkInterface.o
 .debug_pubnames
                0x00001d48       0x7c build/default/debug/_ext/1386494514/PHYGeneric.o
 .debug_pubnames
                0x00001dc4      0x105 build/default/debug/_ext/1472/main.o
 .debug_pubnames
                0x00001ec9       0x2a build/default/debug/_ext/1472/CerebotMX7cK.o
 .debug_pubnames
                0x00001ef3       0x24 c:/program files (x86)/microchip/xc32/v1.31/bin/../lib/gcc/pic32mx/4.5.2/../../../../pic32mx/lib\libmchp_peripheral.a(read_core_timer_lib.o)
 .debug_pubnames
                0x00001f17       0x1e c:/program files (x86)/microchip/xc32/v1.31/bin/../lib/gcc/pic32mx/4.5.2/../../../../pic32mx/lib\libmchp_peripheral_32MX795F512L.a(eth_init_lib.o)
 .debug_pubnames
                0x00001f35       0x90 c:/program files (x86)/microchip/xc32/v1.31/bin/../lib/gcc/pic32mx/4.5.2/../../../../pic32mx/lib\libmchp_peripheral_32MX795F512L.a(eth_miim_access.o)
 .debug_pubnames
                0x00001fc5       0x3b c:/program files (x86)/microchip/xc32/v1.31/bin/../lib/gcc/pic32mx/4.5.2/../../../../pic32mx/lib\libmchp_peripheral_32MX795F512L.a(pcache.o)
 .debug_pubnames
                0x00002000       0x29 c:/program files (x86)/microchip/xc32/v1.31/bin/../lib/gcc/pic32mx/4.5.2/../../../../pic32mx/lib\libmchp_peripheral_32MX795F512L.a(int_configure_system_lib.o)
 .debug_pubnames
                0x00002029       0x2a c:/program files (x86)/microchip/xc32/v1.31/bin/../lib/gcc/pic32mx/4.5.2/../../../../pic32mx/lib\libmchp_peripheral_32MX795F512L.a(int_enable_interrupts_lib.o)
 .debug_pubnames
                0x00002053       0x2b c:/program files (x86)/microchip/xc32/v1.31/bin/../lib/gcc/pic32mx/4.5.2/../../../../pic32mx/lib\libmchp_peripheral_32MX795F512L.a(int_disable_interrupts_lib.o)
 .debug_pubnames
                0x0000207e       0x2b c:/program files (x86)/microchip/xc32/v1.31/bin/../lib/gcc/pic32mx/4.5.2/../../../../pic32mx/lib\libmchp_peripheral_32MX795F512L.a(int_restore_interrupts_lib.o)
 .debug_pubnames
                0x000020a9       0xca c:/program files (x86)/microchip/xc32/v1.31/bin/../lib/gcc/pic32mx/4.5.2/../../../../pic32mx/lib\libmchp_peripheral_32MX795F512L.a(int_tbl_lib.o)
 .debug_pubnames
                0x00002173       0x2d c:/program files (x86)/microchip/xc32/v1.31/bin/../lib/gcc/pic32mx/4.5.2/../../../../pic32mx/lib\libmchp_peripheral_32MX795F512L.a(dma_chn_set_ev_enable_flags_lib.o)
 .debug_pubnames
                0x000021a0       0x27 c:/program files (x86)/microchip/xc32/v1.31/bin/../lib/gcc/pic32mx/4.5.2/../../../../pic32mx/lib\libmchp_peripheral_32MX795F512L.a(dma_chn_clr_ev_flags_lib.o)
 .debug_pubnames
                0x000021c7       0x21 c:/program files (x86)/microchip/xc32/v1.31/bin/../lib/gcc/pic32mx/4.5.2/../../../../pic32mx/lib\libmchp_peripheral_32MX795F512L.a(dma_chn_open_lib.o)
 .debug_pubnames
                0x000021e8       0x27 c:/program files (x86)/microchip/xc32/v1.31/bin/../lib/gcc/pic32mx/4.5.2/../../../../pic32mx/lib\libmchp_peripheral_32MX795F512L.a(dma_chn_get_ev_flags_lib.o)
 .debug_pubnames
                0x0000220f       0x25 c:/program files (x86)/microchip/xc32/v1.31/bin/../lib/gcc/pic32mx/4.5.2/../../../../pic32mx/lib\libmchp_peripheral_32MX795F512L.a(dma_chn_set_txfer_lib.o)
 .debug_pubnames
                0x00002234       0x27 c:/program files (x86)/microchip/xc32/v1.31/bin/../lib/gcc/pic32mx/4.5.2/../../../../pic32mx/lib\libmchp_peripheral_32MX795F512L.a(dma_chn_start_txfer_lib.o)
 .debug_pubnames
                0x0000225b       0x2b c:/program files (x86)/microchip/xc32/v1.31/bin/../lib/gcc/pic32mx/4.5.2/../../../../pic32mx/lib\libmchp_peripheral_32MX795F512L.a(port_set_pins_digital_in_lib.o)
 .debug_pubnames
                0x00002286       0x2c c:/program files (x86)/microchip/xc32/v1.31/bin/../lib/gcc/pic32mx/4.5.2/../../../../pic32mx/lib\libmchp_peripheral_32MX795F512L.a(port_set_pins_digital_out_lib.o)
 .debug_pubnames
                0x000022b2       0x33 c:/program files (x86)/microchip/xc32/v1.31/bin/../lib/gcc/pic32mx/4.5.2/../../../../pic32mx/lib\libpic32.a(default-bootstrap-exception-handler.o)
 .debug_pubnames
                0x000022e5       0x20 c:/program files (x86)/microchip/xc32/v1.31/bin/../lib/gcc/pic32mx/4.5.2/../../../../pic32mx/lib\libpic32.a(default-on-reset.o)
 .debug_pubnames
                0x00002305       0x24 c:/program files (x86)/microchip/xc32/v1.31/bin/../lib/gcc/pic32mx/4.5.2/../../../../pic32mx/lib\libpic32.a(default-on-bootstrap.o)
 .debug_pubnames
                0x00002329       0x28 c:/program files (x86)/microchip/xc32/v1.31/bin/../lib/gcc/pic32mx/4.5.2/../../../../pic32mx/lib\libpic32.a(defaultinterrupt.o)
 .debug_pubnames
                0x00002351       0x1e c:/program files (x86)/microchip/xc32/v1.31/bin/../lib/gcc/pic32mx/4.5.2/../../../../pic32mx/lib\libc.a(memmove.o)
 .debug_pubnames
                0x0000236f       0x2a c:/program files (x86)/microchip/xc32/v1.31/bin/../lib/gcc/pic32mx/4.5.2/../../../../pic32mx/lib\libc.a(snprintf_cdnopsuxX.eo)
 .debug_pubnames
                0x00002399       0x28 c:/program files (x86)/microchip/xc32/v1.31/bin/../lib/gcc/pic32mx/4.5.2/../../../../pic32mx/lib\libc.a(sprintf_cdnopuxX.eo)
 .debug_pubnames
                0x000023c1       0x2b c:/program files (x86)/microchip/xc32/v1.31/bin/../lib/gcc/pic32mx/4.5.2/../../../../pic32mx/lib\libc.a(vsnprintf_cdnopsuxX.eo)
 .debug_pubnames
                0x000023ec       0x2a c:/program files (x86)/microchip/xc32/v1.31/bin/../lib/gcc/pic32mx/4.5.2/../../../../pic32mx/lib\libc.a(doprnt_cdnopsuxX.eo)
 .debug_pubnames
                0x00002416       0x1c c:/program files (x86)/microchip/xc32/v1.31/bin/../lib/gcc/pic32mx/4.5.2/../../../../pic32mx/lib\libc.a(_fputc_simple.o)
 .debug_pubnames
                0x00002432       0x1e c:/program files (x86)/microchip/xc32/v1.31/bin/../lib/gcc/pic32mx/4.5.2/../../../../pic32mx/lib\libc.a(_flsbuf_simple.o)
 .debug_pubnames
                0x00002450       0x1c c:/program files (x86)/microchip/xc32/v1.31/bin/../lib/gcc/pic32mx/4.5.2/../../../../pic32mx/lib\libpic32.a(write.o)
 .debug_pubnames
                0x0000246c       0x20 c:/program files (x86)/microchip/xc32/v1.31/bin/../lib/gcc/pic32mx/4.5.2/../../../../pic32mx/lib\libpic32.a(_mon_putc.o)
 .debug_pubnames
                0x0000248c       0x20 c:/program files (x86)/microchip/xc32/v1.31/bin/../lib/gcc/pic32mx/4.5.2\libgcc.a(_udivdi3.o)
 .debug_pubnames
                0x000024ac       0x20 c:/program files (x86)/microchip/xc32/v1.31/bin/../lib/gcc/pic32mx/4.5.2\libgcc.a(_umoddi3.o)
 .debug_pubnames
                0x000024cc       0x30 c:/program files (x86)/microchip/xc32/v1.31/bin/../lib/gcc/pic32mx/4.5.2/../../../../pic32mx/lib\software-debug-break.o

.debug_info     0x00000000    0x2625e
 *(.debug_info .gnu.linkonce.wi.*)
 .debug_info    0x00000000     0x11cf build/default/debug/_ext/1599763551/port.o
 .debug_info    0x000011cf       0xbb build/default/debug/_ext/1599763551/port_asm.o
 .debug_info    0x0000128a      0xa15 build/default/debug/_ext/190470153/event_groups.o
 .debug_info    0x00001c9f      0x478 build/default/debug/_ext/190470153/list.o
 .debug_info    0x00002117     0x1483 build/default/debug/_ext/190470153/queue.o
 .debug_info    0x0000359a     0x234c build/default/debug/_ext/190470153/tasks.o
 .debug_info    0x000058e6      0x6ea build/default/debug/_ext/636803636/heap_4.o
 .debug_info    0x00005fd0      0x865 build/default/debug/_ext/1365677990/BufferAllocation_2.o
 .debug_info    0x00006835     0x1215 build/default/debug/_ext/801913726/FreeRTOS_ARP.o
 .debug_info    0x00007a4a     0x1c2e build/default/debug/_ext/801913726/FreeRTOS_DHCP.o
 .debug_info    0x00009678     0x1ae9 build/default/debug/_ext/801913726/FreeRTOS_DNS.o
 .debug_info    0x0000b161     0x3795 build/default/debug/_ext/801913726/FreeRTOS_IP.o
 .debug_info    0x0000e8f6     0x35e7 build/default/debug/_ext/801913726/FreeRTOS_Sockets.o
 .debug_info    0x00011edd      0x66e build/default/debug/_ext/801913726/FreeRTOS_Stream_Buffer.o
 .debug_info    0x0001254b     0x3554 build/default/debug/_ext/801913726/FreeRTOS_TCP_IP.o
 .debug_info    0x00015a9f      0xdf1 build/default/debug/_ext/801913726/FreeRTOS_TCP_WIN.o
 .debug_info    0x00016890     0x16e6 build/default/debug/_ext/801913726/FreeRTOS_UDP_IP.o
 .debug_info    0x00017f76     0x271e build/default/debug/_ext/1386494514/ETHPIC32ExtPhy.o
 .debug_info    0x0001a694     0x163f build/default/debug/_ext/1386494514/ETHPIC32ExtPhySMSC8720.o
 .debug_info    0x0001bcd3      0x76e build/default/debug/_ext/1386494514/LAN8720A.o
 .debug_info    0x0001c441     0x25bb build/default/debug/_ext/1386494514/NetworkInterface.o
 .debug_info    0x0001e9fc      0x88e build/default/debug/_ext/1386494514/PHYGeneric.o
 .debug_info    0x0001f28a       0x9c build/default/debug/_ext/1386494514/Ethernet_ISR.o
 .debug_info    0x0001f326       0x97 build/default/debug/_ext/1386494514/PHY_isr.o
 .debug_info    0x0001f3bd     0x3107 build/default/debug/_ext/1472/main.o
 .debug_info    0x000224c4     0x1579 build/default/debug/_ext/1472/CerebotMX7cK.o
 .debug_info    0x00023a3d       0x95 build/default/debug/_ext/1472/dma_isr_wrapper.o
 .debug_info    0x00023ad2       0x95 build/default/debug/_ext/1472/adc_isr_wrapper.o
 .debug_info    0x00023b67       0xaa c:/program files (x86)/microchip/xc32/v1.31/bin/../lib/gcc/pic32mx/4.5.2/../../../../pic32mx/lib\libmchp_peripheral.a(read_core_timer_lib.o)
 .debug_info    0x00023c11       0xbe c:/program files (x86)/microchip/xc32/v1.31/bin/../lib/gcc/pic32mx/4.5.2/../../../../pic32mx/lib\libmchp_peripheral_32MX795F512L.a(eth_init_lib.o)
 .debug_info    0x00023ccf      0x143 c:/program files (x86)/microchip/xc32/v1.31/bin/../lib/gcc/pic32mx/4.5.2/../../../../pic32mx/lib\libmchp_peripheral_32MX795F512L.a(eth_miim_access.o)
 .debug_info    0x00023e12       0xbf c:/program files (x86)/microchip/xc32/v1.31/bin/../lib/gcc/pic32mx/4.5.2/../../../../pic32mx/lib\libmchp_peripheral_32MX795F512L.a(pcache.o)
 .debug_info    0x00023ed1       0xb2 c:/program files (x86)/microchip/xc32/v1.31/bin/../lib/gcc/pic32mx/4.5.2/../../../../pic32mx/lib\libmchp_peripheral_32MX795F512L.a(int_configure_system_lib.o)
 .debug_info    0x00023f83       0xb4 c:/program files (x86)/microchip/xc32/v1.31/bin/../lib/gcc/pic32mx/4.5.2/../../../../pic32mx/lib\libmchp_peripheral_32MX795F512L.a(int_enable_interrupts_lib.o)
 .debug_info    0x00024037       0xb6 c:/program files (x86)/microchip/xc32/v1.31/bin/../lib/gcc/pic32mx/4.5.2/../../../../pic32mx/lib\libmchp_peripheral_32MX795F512L.a(int_disable_interrupts_lib.o)
 .debug_info    0x000240ed       0xb6 c:/program files (x86)/microchip/xc32/v1.31/bin/../lib/gcc/pic32mx/4.5.2/../../../../pic32mx/lib\libmchp_peripheral_32MX795F512L.a(int_restore_interrupts_lib.o)
 .debug_info    0x000241a3      0x196 c:/program files (x86)/microchip/xc32/v1.31/bin/../lib/gcc/pic32mx/4.5.2/../../../../pic32mx/lib\libmchp_peripheral_32MX795F512L.a(int_tbl_lib.o)
 .debug_info    0x00024339       0xbd c:/program files (x86)/microchip/xc32/v1.31/bin/../lib/gcc/pic32mx/4.5.2/../../../../pic32mx/lib\libmchp_peripheral_32MX795F512L.a(dma_chn_set_ev_enable_flags_lib.o)
 .debug_info    0x000243f6       0xb0 c:/program files (x86)/microchip/xc32/v1.31/bin/../lib/gcc/pic32mx/4.5.2/../../../../pic32mx/lib\libmchp_peripheral_32MX795F512L.a(dma_chn_clr_ev_flags_lib.o)
 .debug_info    0x000244a6       0xb5 c:/program files (x86)/microchip/xc32/v1.31/bin/../lib/gcc/pic32mx/4.5.2/../../../../pic32mx/lib\libmchp_peripheral_32MX795F512L.a(dma_chn_open_lib.o)
 .debug_info    0x0002455b       0xb0 c:/program files (x86)/microchip/xc32/v1.31/bin/../lib/gcc/pic32mx/4.5.2/../../../../pic32mx/lib\libmchp_peripheral_32MX795F512L.a(dma_chn_get_ev_flags_lib.o)
 .debug_info    0x0002460b       0xbc c:/program files (x86)/microchip/xc32/v1.31/bin/../lib/gcc/pic32mx/4.5.2/../../../../pic32mx/lib\libmchp_peripheral_32MX795F512L.a(dma_chn_set_txfer_lib.o)
 .debug_info    0x000246c7       0xc8 c:/program files (x86)/microchip/xc32/v1.31/bin/../lib/gcc/pic32mx/4.5.2/../../../../pic32mx/lib\libmchp_peripheral_32MX795F512L.a(dma_chn_start_txfer_lib.o)
 .debug_info    0x0002478f        0x0 c:/program files (x86)/microchip/xc32/v1.31/bin/../lib/gcc/pic32mx/4.5.2/../../../../pic32mx/lib\libmchp_peripheral_32MX795F512L.a(dma_reg_map_tbl_lib.o)
 .debug_info    0x0002478f       0xba c:/program files (x86)/microchip/xc32/v1.31/bin/../lib/gcc/pic32mx/4.5.2/../../../../pic32mx/lib\libmchp_peripheral_32MX795F512L.a(port_set_pins_digital_in_lib.o)
 .debug_info    0x00024849       0xbc c:/program files (x86)/microchip/xc32/v1.31/bin/../lib/gcc/pic32mx/4.5.2/../../../../pic32mx/lib\libmchp_peripheral_32MX795F512L.a(port_set_pins_digital_out_lib.o)
 .debug_info    0x00024905        0x0 c:/program files (x86)/microchip/xc32/v1.31/bin/../lib/gcc/pic32mx/4.5.2/../../../../pic32mx/lib\libmchp_peripheral_32MX795F512L.a(_ports_tbl_libp.o)
 .debug_info    0x00024905       0xde c:/program files (x86)/microchip/xc32/v1.31/bin/../lib/gcc/pic32mx/4.5.2/../../../../pic32mx/lib\libpic32.a(default-bootstrap-exception-handler.o)
 .debug_info    0x000249e3       0xb8 c:/program files (x86)/microchip/xc32/v1.31/bin/../lib/gcc/pic32mx/4.5.2/../../../../pic32mx/lib\libpic32.a(default-on-reset.o)
 .debug_info    0x00024a9b       0xc0 c:/program files (x86)/microchip/xc32/v1.31/bin/../lib/gcc/pic32mx/4.5.2/../../../../pic32mx/lib\libpic32.a(default-on-bootstrap.o)
 .debug_info    0x00024b5b       0xd2 c:/program files (x86)/microchip/xc32/v1.31/bin/../lib/gcc/pic32mx/4.5.2/../../../../pic32mx/lib\libpic32.a(defaultinterrupt.o)
 .debug_info    0x00024c2d       0xb3 c:/program files (x86)/microchip/xc32/v1.31/bin/../lib/gcc/pic32mx/4.5.2/../../../../pic32mx/lib\libc.a(memmove.o)
 .debug_info    0x00024ce0       0xc0 c:/program files (x86)/microchip/xc32/v1.31/bin/../lib/gcc/pic32mx/4.5.2/../../../../pic32mx/lib\libc.a(snprintf_cdnopsuxX.eo)
 .debug_info    0x00024da0       0xbd c:/program files (x86)/microchip/xc32/v1.31/bin/../lib/gcc/pic32mx/4.5.2/../../../../pic32mx/lib\libc.a(sprintf_cdnopuxX.eo)
 .debug_info    0x00024e5d       0xc2 c:/program files (x86)/microchip/xc32/v1.31/bin/../lib/gcc/pic32mx/4.5.2/../../../../pic32mx/lib\libc.a(vsnprintf_cdnopsuxX.eo)
 .debug_info    0x00024f1f       0xbf c:/program files (x86)/microchip/xc32/v1.31/bin/../lib/gcc/pic32mx/4.5.2/../../../../pic32mx/lib\libc.a(doprnt_cdnopsuxX.eo)
 .debug_info    0x00024fde       0xaf c:/program files (x86)/microchip/xc32/v1.31/bin/../lib/gcc/pic32mx/4.5.2/../../../../pic32mx/lib\libc.a(_fputc_simple.o)
 .debug_info    0x0002508d        0x0 c:/program files (x86)/microchip/xc32/v1.31/bin/../lib/gcc/pic32mx/4.5.2/../../../../pic32mx/lib\libc.a(ctype.o)
 .debug_info    0x0002508d        0x0 c:/program files (x86)/microchip/xc32/v1.31/bin/../lib/gcc/pic32mx/4.5.2/../../../../pic32mx/lib\libc.a(_iob.o)
 .debug_info    0x0002508d       0xb2 c:/program files (x86)/microchip/xc32/v1.31/bin/../lib/gcc/pic32mx/4.5.2/../../../../pic32mx/lib\libc.a(_flsbuf_simple.o)
 .debug_info    0x0002513f       0xa9 c:/program files (x86)/microchip/xc32/v1.31/bin/../lib/gcc/pic32mx/4.5.2/../../../../pic32mx/lib\libpic32.a(write.o)
 .debug_info    0x000251e8       0xb1 c:/program files (x86)/microchip/xc32/v1.31/bin/../lib/gcc/pic32mx/4.5.2/../../../../pic32mx/lib\libpic32.a(_mon_putc.o)
 .debug_info    0x00025299        0x0 c:/program files (x86)/microchip/xc32/v1.31/bin/../lib/gcc/pic32mx/4.5.2/../../../../pic32mx/lib\libpic32.a(xc32_uart.o)
 .debug_info    0x00025299      0x75f c:/program files (x86)/microchip/xc32/v1.31/bin/../lib/gcc/pic32mx/4.5.2\libgcc.a(_udivdi3.o)
 .debug_info    0x000259f8      0x798 c:/program files (x86)/microchip/xc32/v1.31/bin/../lib/gcc/pic32mx/4.5.2\libgcc.a(_umoddi3.o)
 .debug_info    0x00026190       0xce c:/program files (x86)/microchip/xc32/v1.31/bin/../lib/gcc/pic32mx/4.5.2/../../../../pic32mx/lib\software-debug-break.o

.debug_abbrev   0x00000000     0x3695
 *(.debug_abbrev)
 .debug_abbrev  0x00000000      0x24a build/default/debug/_ext/1599763551/port.o
 .debug_abbrev  0x0000024a       0x14 build/default/debug/_ext/1599763551/port_asm.o
 .debug_abbrev  0x0000025e      0x169 build/default/debug/_ext/190470153/event_groups.o
 .debug_abbrev  0x000003c7       0xe1 build/default/debug/_ext/190470153/list.o
 .debug_abbrev  0x000004a8      0x16f build/default/debug/_ext/190470153/queue.o
 .debug_abbrev  0x00000617      0x1a8 build/default/debug/_ext/190470153/tasks.o
 .debug_abbrev  0x000007bf      0x13e build/default/debug/_ext/636803636/heap_4.o
 .debug_abbrev  0x000008fd      0x183 build/default/debug/_ext/1365677990/BufferAllocation_2.o
 .debug_abbrev  0x00000a80      0x216 build/default/debug/_ext/801913726/FreeRTOS_ARP.o
 .debug_abbrev  0x00000c96      0x270 build/default/debug/_ext/801913726/FreeRTOS_DHCP.o
 .debug_abbrev  0x00000f06      0x217 build/default/debug/_ext/801913726/FreeRTOS_DNS.o
 .debug_abbrev  0x0000111d      0x2fd build/default/debug/_ext/801913726/FreeRTOS_IP.o
 .debug_abbrev  0x0000141a      0x2f7 build/default/debug/_ext/801913726/FreeRTOS_Sockets.o
 .debug_abbrev  0x00001711      0x105 build/default/debug/_ext/801913726/FreeRTOS_Stream_Buffer.o
 .debug_abbrev  0x00001816      0x2eb build/default/debug/_ext/801913726/FreeRTOS_TCP_IP.o
 .debug_abbrev  0x00001b01      0x16d build/default/debug/_ext/801913726/FreeRTOS_TCP_WIN.o
 .debug_abbrev  0x00001c6e      0x267 build/default/debug/_ext/801913726/FreeRTOS_UDP_IP.o
 .debug_abbrev  0x00001ed5      0x329 build/default/debug/_ext/1386494514/ETHPIC32ExtPhy.o
 .debug_abbrev  0x000021fe      0x1ca build/default/debug/_ext/1386494514/ETHPIC32ExtPhySMSC8720.o
 .debug_abbrev  0x000023c8      0x162 build/default/debug/_ext/1386494514/LAN8720A.o
 .debug_abbrev  0x0000252a      0x321 build/default/debug/_ext/1386494514/NetworkInterface.o
 .debug_abbrev  0x0000284b       0xff build/default/debug/_ext/1386494514/PHYGeneric.o
 .debug_abbrev  0x0000294a       0x14 build/default/debug/_ext/1386494514/Ethernet_ISR.o
 .debug_abbrev  0x0000295e       0x14 build/default/debug/_ext/1386494514/PHY_isr.o
 .debug_abbrev  0x00002972      0x350 build/default/debug/_ext/1472/main.o
 .debug_abbrev  0x00002cc2      0x27e build/default/debug/_ext/1472/CerebotMX7cK.o
 .debug_abbrev  0x00002f40       0x14 build/default/debug/_ext/1472/dma_isr_wrapper.o
 .debug_abbrev  0x00002f54       0x14 build/default/debug/_ext/1472/adc_isr_wrapper.o
 .debug_abbrev  0x00002f68       0x25 c:/program files (x86)/microchip/xc32/v1.31/bin/../lib/gcc/pic32mx/4.5.2/../../../../pic32mx/lib\libmchp_peripheral.a(read_core_timer_lib.o)
 .debug_abbrev  0x00002f8d       0x34 c:/program files (x86)/microchip/xc32/v1.31/bin/../lib/gcc/pic32mx/4.5.2/../../../../pic32mx/lib\libmchp_peripheral_32MX795F512L.a(eth_init_lib.o)
 .debug_abbrev  0x00002fc1       0x38 c:/program files (x86)/microchip/xc32/v1.31/bin/../lib/gcc/pic32mx/4.5.2/../../../../pic32mx/lib\libmchp_peripheral_32MX795F512L.a(eth_miim_access.o)
 .debug_abbrev  0x00002ff9       0x25 c:/program files (x86)/microchip/xc32/v1.31/bin/../lib/gcc/pic32mx/4.5.2/../../../../pic32mx/lib\libmchp_peripheral_32MX795F512L.a(pcache.o)
 .debug_abbrev  0x0000301e       0x25 c:/program files (x86)/microchip/xc32/v1.31/bin/../lib/gcc/pic32mx/4.5.2/../../../../pic32mx/lib\libmchp_peripheral_32MX795F512L.a(int_configure_system_lib.o)
 .debug_abbrev  0x00003043       0x25 c:/program files (x86)/microchip/xc32/v1.31/bin/../lib/gcc/pic32mx/4.5.2/../../../../pic32mx/lib\libmchp_peripheral_32MX795F512L.a(int_enable_interrupts_lib.o)
 .debug_abbrev  0x00003068       0x25 c:/program files (x86)/microchip/xc32/v1.31/bin/../lib/gcc/pic32mx/4.5.2/../../../../pic32mx/lib\libmchp_peripheral_32MX795F512L.a(int_disable_interrupts_lib.o)
 .debug_abbrev  0x0000308d       0x25 c:/program files (x86)/microchip/xc32/v1.31/bin/../lib/gcc/pic32mx/4.5.2/../../../../pic32mx/lib\libmchp_peripheral_32MX795F512L.a(int_restore_interrupts_lib.o)
 .debug_abbrev  0x000030b2       0x25 c:/program files (x86)/microchip/xc32/v1.31/bin/../lib/gcc/pic32mx/4.5.2/../../../../pic32mx/lib\libmchp_peripheral_32MX795F512L.a(int_tbl_lib.o)
 .debug_abbrev  0x000030d7       0x25 c:/program files (x86)/microchip/xc32/v1.31/bin/../lib/gcc/pic32mx/4.5.2/../../../../pic32mx/lib\libmchp_peripheral_32MX795F512L.a(dma_chn_set_ev_enable_flags_lib.o)
 .debug_abbrev  0x000030fc       0x25 c:/program files (x86)/microchip/xc32/v1.31/bin/../lib/gcc/pic32mx/4.5.2/../../../../pic32mx/lib\libmchp_peripheral_32MX795F512L.a(dma_chn_clr_ev_flags_lib.o)
 .debug_abbrev  0x00003121       0x34 c:/program files (x86)/microchip/xc32/v1.31/bin/../lib/gcc/pic32mx/4.5.2/../../../../pic32mx/lib\libmchp_peripheral_32MX795F512L.a(dma_chn_open_lib.o)